bootloader_command_app.c:11:9:bootloader_verify_crc	40	static
bootloader_command_app.c:30:6:bootloader_send_ack	24	static
bootloader_command_app.c:38:6:bootloader_send_nack	16	static
bootloader_command_app.c:44:6:bootloader_uart_write_data	16	static
bootloader_command_app.c:48:9:bootloader_get_version	4	static
bootloader_command_app.c:52:6:bootloader_get_ver_cmd	32	static
bootloader_command_app.c:79:6:bootloader_get_help_cmd	24	static
bootloader_command_app.c:101:6:bootloader_get_cid_cmd	32	static
bootloader_command_app.c:127:10:get_mcu_chip_id	16	static
bootloader_command_app.c:134:6:bootloader_get_rdp_cmd	32	static
bootloader_command_app.c:161:9:get_flash_rdp_level	16	static
bootloader_command_app.c:170:6:bootloader_go_to_addr_cmd	40	static
bootloader_command_app.c:217:9:bootloader_verify_addr	16	static
bootloader_command_app.c:257:6:bootloader_flash_erase_cmd	32	static
bootloader_command_app.c:287:9:execute_flash_erase	48	static
bootloader_command_app.c:332:6:bootloader_mem_write_cmd	40	static
bootloader_command_app.c:376:9:execute_mem_write	40	static
bootloader_command_app.c:392:6:bootloader_en_rw_protect_cmd	32	static
bootloader_command_app.c:422:6:bootloader_dis_rw_protect_cmd	32	static
bootloader_command_app.c:451:9:configure_flash_sector_r_w_protection	16	static
bootloader_command_app.c:509:6:bl_read_sector_p_status_cmd	32	static
bootloader_command_app.c:538:10:read_ob_r_w_protection_status	40	static
