00:16:20 **** Incremental Build of configuration Debug for project 002_BOOTLOADER_APPLICATION ****
Info: Internal Builder is used for build
Info: Parallel threads used: 0
00:24:05 **** Incremental Build of configuration Debug for project 002_BOOTLOADER_APPLICATION ****
Info: Internal Builder is used for build
arm-atollic-eabi-gcc -c -mthumb -mcpu=cortex-m4 -mfloat-abi=hard -mfpu=fpv4-sp-d16 -std=gnu11 -DUSE_HAL_DRIVER -DSTM32F429xx -I../Core/Inc -I../Drivers/STM32F4xx_HAL_Driver/Inc -I../Drivers/STM32F4xx_HAL_Driver/Inc/Legacy -I../Drivers/CMSIS/Device/ST/STM32F4xx/Include -I../Drivers/CMSIS/Include -ffunction-sections -fdata-sections -g -fstack-usage -Wall -specs=nano.specs -o Core\Src\main.o ..\Core\Src\main.c 
arm-atollic-eabi-gcc -o 002_BOOTLOADER_APPLICATION.elf Core\Src\main.o Core\Src\stm32f4xx_hal_msp.o Core\Src\stm32f4xx_it.o Core\Src\syscalls.o Core\Src\system_stm32f4xx.o Drivers\STM32F4xx_HAL_Driver\Src\stm32f4xx_hal.o Drivers\STM32F4xx_HAL_Driver\Src\stm32f4xx_hal_cortex.o Drivers\STM32F4xx_HAL_Driver\Src\stm32f4xx_hal_crc.o Drivers\STM32F4xx_HAL_Driver\Src\stm32f4xx_hal_dma.o Drivers\STM32F4xx_HAL_Driver\Src\stm32f4xx_hal_dma_ex.o Drivers\STM32F4xx_HAL_Driver\Src\stm32f4xx_hal_exti.o Drivers\STM32F4xx_HAL_Driver\Src\stm32f4xx_hal_flash.o Drivers\STM32F4xx_HAL_Driver\Src\stm32f4xx_hal_flash_ex.o Drivers\STM32F4xx_HAL_Driver\Src\stm32f4xx_hal_flash_ramfunc.o Drivers\STM32F4xx_HAL_Driver\Src\stm32f4xx_hal_gpio.o Drivers\STM32F4xx_HAL_Driver\Src\stm32f4xx_hal_pwr.o Drivers\STM32F4xx_HAL_Driver\Src\stm32f4xx_hal_pwr_ex.o Drivers\STM32F4xx_HAL_Driver\Src\stm32f4xx_hal_rcc.o Drivers\STM32F4xx_HAL_Driver\Src\stm32f4xx_hal_rcc_ex.o Drivers\STM32F4xx_HAL_Driver\Src\stm32f4xx_hal_tim.o Drivers\STM32F4xx_HAL_Driver\Src\stm32f4xx_hal_tim_ex.o Drivers\STM32F4xx_HAL_Driver\Src\stm32f4xx_hal_uart.o startup\startup_stm32f429xx.o -mthumb -mcpu=cortex-m4 -mfloat-abi=hard -mfpu=fpv4-sp-d16 -T../STM32F429ZI_FLASH.ld -specs=nosys.specs -static -Wl,-Map=002_BOOTLOADER_APPLICATION.map -Wl,--gc-sections -Wl,--defsym=malloc_getpagesize_P=0x80 -Wl,--start-group -lc -lm -Wl,--end-group -specs=nano.specs 
D:\TrueSTUDIO for STM32 9.3.0\ide\jre\bin\java -jar D:\TrueSTUDIO for STM32 9.3.0\Tools\arm-atollic-reports.jar sizeinfo list 002_BOOTLOADER_APPLICATION.elf 
Generate build reports...
Print size information
   text	   data	    bss	    dec	    hex	filename
  11672	    120	   1828	  13620	   3534	002_BOOTLOADER_APPLICATION.elf
Print size information done
Generate listing file
Output sent to: 002_BOOTLOADER_APPLICATION.list
Generate listing file done
Generate build reports done
arm-atollic-eabi-objcopy.exe -O ihex 002_BOOTLOADER_APPLICATION.elf 002_BOOTLOADER_APPLICATION.hex 
Info: Parallel threads used: 1
00:24:06 **** Incremental Build of configuration Debug for project 002_Bootloader_USER_Application ****
Info: Internal Builder is used for build
Info: Parallel threads used: 0
00:26:16 **** Incremental Build of configuration Debug for project 002_BOOTLOADER_APPLICATION ****
Info: Internal Builder is used for build
arm-atollic-eabi-gcc -c -mthumb -mcpu=cortex-m4 -mfloat-abi=hard -mfpu=fpv4-sp-d16 -std=gnu11 -DUSE_HAL_DRIVER -DSTM32F429xx -I../Core/Inc -I../Drivers/STM32F4xx_HAL_Driver/Inc -I../Drivers/STM32F4xx_HAL_Driver/Inc/Legacy -I../Drivers/CMSIS/Device/ST/STM32F4xx/Include -I../Drivers/CMSIS/Include -ffunction-sections -fdata-sections -g -fstack-usage -Wall -specs=nano.specs -o Core\Src\main.o ..\Core\Src\main.c 
arm-atollic-eabi-gcc -c -mthumb -mcpu=cortex-m4 -mfloat-abi=hard -mfpu=fpv4-sp-d16 -std=gnu11 -DUSE_HAL_DRIVER -DSTM32F429xx -I../Core/Inc -I../Drivers/STM32F4xx_HAL_Driver/Inc -I../Drivers/STM32F4xx_HAL_Driver/Inc/Legacy -I../Drivers/CMSIS/Device/ST/STM32F4xx/Include -I../Drivers/CMSIS/Include -ffunction-sections -fdata-sections -g -fstack-usage -Wall -specs=nano.specs -o Core\Src\stm32f4xx_hal_msp.o ..\Core\Src\stm32f4xx_hal_msp.c 
arm-atollic-eabi-gcc -c -mthumb -mcpu=cortex-m4 -mfloat-abi=hard -mfpu=fpv4-sp-d16 -std=gnu11 -DUSE_HAL_DRIVER -DSTM32F429xx -I../Core/Inc -I../Drivers/STM32F4xx_HAL_Driver/Inc -I../Drivers/STM32F4xx_HAL_Driver/Inc/Legacy -I../Drivers/CMSIS/Device/ST/STM32F4xx/Include -I../Drivers/CMSIS/Include -ffunction-sections -fdata-sections -g -fstack-usage -Wall -specs=nano.specs -o Core\Src\stm32f4xx_it.o ..\Core\Src\stm32f4xx_it.c 
arm-atollic-eabi-gcc -c -mthumb -mcpu=cortex-m4 -mfloat-abi=hard -mfpu=fpv4-sp-d16 -std=gnu11 -DUSE_HAL_DRIVER -DSTM32F429xx -I../Core/Inc -I../Drivers/STM32F4xx_HAL_Driver/Inc -I../Drivers/STM32F4xx_HAL_Driver/Inc/Legacy -I../Drivers/CMSIS/Device/ST/STM32F4xx/Include -I../Drivers/CMSIS/Include -ffunction-sections -fdata-sections -g -fstack-usage -Wall -specs=nano.specs -o Core\Src\bootloader_command_app.o ..\Core\Src\bootloader_command_app.c 
arm-atollic-eabi-gcc -o 002_BOOTLOADER_APPLICATION.elf Core\Src\bootloader_command_app.o Core\Src\main.o Core\Src\stm32f4xx_hal_msp.o Core\Src\stm32f4xx_it.o Core\Src\syscalls.o Core\Src\system_stm32f4xx.o Drivers\STM32F4xx_HAL_Driver\Src\stm32f4xx_hal.o Drivers\STM32F4xx_HAL_Driver\Src\stm32f4xx_hal_cortex.o Drivers\STM32F4xx_HAL_Driver\Src\stm32f4xx_hal_crc.o Drivers\STM32F4xx_HAL_Driver\Src\stm32f4xx_hal_dma.o Drivers\STM32F4xx_HAL_Driver\Src\stm32f4xx_hal_dma_ex.o Drivers\STM32F4xx_HAL_Driver\Src\stm32f4xx_hal_exti.o Drivers\STM32F4xx_HAL_Driver\Src\stm32f4xx_hal_flash.o Drivers\STM32F4xx_HAL_Driver\Src\stm32f4xx_hal_flash_ex.o Drivers\STM32F4xx_HAL_Driver\Src\stm32f4xx_hal_flash_ramfunc.o Drivers\STM32F4xx_HAL_Driver\Src\stm32f4xx_hal_gpio.o Drivers\STM32F4xx_HAL_Driver\Src\stm32f4xx_hal_pwr.o Drivers\STM32F4xx_HAL_Driver\Src\stm32f4xx_hal_pwr_ex.o Drivers\STM32F4xx_HAL_Driver\Src\stm32f4xx_hal_rcc.o Drivers\STM32F4xx_HAL_Driver\Src\stm32f4xx_hal_rcc_ex.o Drivers\STM32F4xx_HAL_Driver\Src\stm32f4xx_hal_tim.o Drivers\STM32F4xx_HAL_Driver\Src\stm32f4xx_hal_tim_ex.o Drivers\STM32F4xx_HAL_Driver\Src\stm32f4xx_hal_uart.o startup\startup_stm32f429xx.o -mthumb -mcpu=cortex-m4 -mfloat-abi=hard -mfpu=fpv4-sp-d16 -T../STM32F429ZI_FLASH.ld -specs=nosys.specs -static -Wl,-Map=002_BOOTLOADER_APPLICATION.map -Wl,--gc-sections -Wl,--defsym=malloc_getpagesize_P=0x80 -Wl,--start-group -lc -lm -Wl,--end-group -specs=nano.specs 
D:\TrueSTUDIO for STM32 9.3.0\ide\jre\bin\java -jar D:\TrueSTUDIO for STM32 9.3.0\Tools\arm-atollic-reports.jar sizeinfo list 002_BOOTLOADER_APPLICATION.elf 
Generate build reports...
Print size information
   text	   data	    bss	    dec	    hex	filename
  11672	    120	   1828	  13620	   3534	002_BOOTLOADER_APPLICATION.elf
Print size information done
Generate listing file
Output sent to: 002_BOOTLOADER_APPLICATION.list
Generate listing file done
Generate build reports done
arm-atollic-eabi-objcopy.exe -O ihex 002_BOOTLOADER_APPLICATION.elf 002_BOOTLOADER_APPLICATION.hex 
Info: Parallel threads used: 4
00:26:17 **** Incremental Build of configuration Debug for project 002_Bootloader_USER_Application ****
Info: Internal Builder is used for build
Info: Parallel threads used: 0
00:26:40 **** Incremental Build of configuration Debug for project 002_BOOTLOADER_APPLICATION ****
Info: Internal Builder is used for build
Info: Parallel threads used: 0
00:26:40 **** Incremental Build of configuration Debug for project 002_Bootloader_USER_Application ****
Info: Internal Builder is used for build
Info: Parallel threads used: 0
00:27:05 **** Incremental Build of configuration Debug for project 002_BOOTLOADER_APPLICATION ****
Info: Internal Builder is used for build
arm-atollic-eabi-gcc -c -mthumb -mcpu=cortex-m4 -mfloat-abi=hard -mfpu=fpv4-sp-d16 -std=gnu11 -DUSE_HAL_DRIVER -DSTM32F429xx -I../Core/Inc -I../Drivers/STM32F4xx_HAL_Driver/Inc -I../Drivers/STM32F4xx_HAL_Driver/Inc/Legacy -I../Drivers/CMSIS/Device/ST/STM32F4xx/Include -I../Drivers/CMSIS/Include -ffunction-sections -fdata-sections -g -fstack-usage -Wall -specs=nano.specs -o Core\Src\bootloader_command_app.o ..\Core\Src\bootloader_command_app.c 
arm-atollic-eabi-gcc -o 002_BOOTLOADER_APPLICATION.elf Core\Src\bootloader_command_app.o Core\Src\main.o Core\Src\stm32f4xx_hal_msp.o Core\Src\stm32f4xx_it.o Core\Src\syscalls.o Core\Src\system_stm32f4xx.o Drivers\STM32F4xx_HAL_Driver\Src\stm32f4xx_hal.o Drivers\STM32F4xx_HAL_Driver\Src\stm32f4xx_hal_cortex.o Drivers\STM32F4xx_HAL_Driver\Src\stm32f4xx_hal_crc.o Drivers\STM32F4xx_HAL_Driver\Src\stm32f4xx_hal_dma.o Drivers\STM32F4xx_HAL_Driver\Src\stm32f4xx_hal_dma_ex.o Drivers\STM32F4xx_HAL_Driver\Src\stm32f4xx_hal_exti.o Drivers\STM32F4xx_HAL_Driver\Src\stm32f4xx_hal_flash.o Drivers\STM32F4xx_HAL_Driver\Src\stm32f4xx_hal_flash_ex.o Drivers\STM32F4xx_HAL_Driver\Src\stm32f4xx_hal_flash_ramfunc.o Drivers\STM32F4xx_HAL_Driver\Src\stm32f4xx_hal_gpio.o Drivers\STM32F4xx_HAL_Driver\Src\stm32f4xx_hal_pwr.o Drivers\STM32F4xx_HAL_Driver\Src\stm32f4xx_hal_pwr_ex.o Drivers\STM32F4xx_HAL_Driver\Src\stm32f4xx_hal_rcc.o Drivers\STM32F4xx_HAL_Driver\Src\stm32f4xx_hal_rcc_ex.o Drivers\STM32F4xx_HAL_Driver\Src\stm32f4xx_hal_tim.o Drivers\STM32F4xx_HAL_Driver\Src\stm32f4xx_hal_tim_ex.o Drivers\STM32F4xx_HAL_Driver\Src\stm32f4xx_hal_uart.o startup\startup_stm32f429xx.o -mthumb -mcpu=cortex-m4 -mfloat-abi=hard -mfpu=fpv4-sp-d16 -T../STM32F429ZI_FLASH.ld -specs=nosys.specs -static -Wl,-Map=002_BOOTLOADER_APPLICATION.map -Wl,--gc-sections -Wl,--defsym=malloc_getpagesize_P=0x80 -Wl,--start-group -lc -lm -Wl,--end-group -specs=nano.specs 
D:\TrueSTUDIO for STM32 9.3.0\ide\jre\bin\java -jar D:\TrueSTUDIO for STM32 9.3.0\Tools\arm-atollic-reports.jar sizeinfo list 002_BOOTLOADER_APPLICATION.elf 
Generate build reports...
Print size information
   text	   data	    bss	    dec	    hex	filename
  11672	    120	   1828	  13620	   3534	002_BOOTLOADER_APPLICATION.elf
Print size information done
Generate listing file
Output sent to: 002_BOOTLOADER_APPLICATION.list
Generate listing file done
Generate build reports done
arm-atollic-eabi-objcopy.exe -O ihex 002_BOOTLOADER_APPLICATION.elf 002_BOOTLOADER_APPLICATION.hex 
Info: Parallel threads used: 1
00:27:06 **** Incremental Build of configuration Debug for project 002_Bootloader_USER_Application ****
Info: Internal Builder is used for build
Info: Parallel threads used: 0
00:27:49 **** Incremental Build of configuration Debug for project 002_BOOTLOADER_APPLICATION ****
Info: Internal Builder is used for build
arm-atollic-eabi-gcc -c -mthumb -mcpu=cortex-m4 -mfloat-abi=hard -mfpu=fpv4-sp-d16 -std=gnu11 -DUSE_HAL_DRIVER -DSTM32F429xx -I../Core/Inc -I../Drivers/STM32F4xx_HAL_Driver/Inc -I../Drivers/STM32F4xx_HAL_Driver/Inc/Legacy -I../Drivers/CMSIS/Device/ST/STM32F4xx/Include -I../Drivers/CMSIS/Include -ffunction-sections -fdata-sections -g -fstack-usage -Wall -specs=nano.specs -o Core\Src\bootloader_command_app.o ..\Core\Src\bootloader_command_app.c 
arm-atollic-eabi-gcc -c -mthumb -mcpu=cortex-m4 -mfloat-abi=hard -mfpu=fpv4-sp-d16 -std=gnu11 -DUSE_HAL_DRIVER -DSTM32F429xx -I../Core/Inc -I../Drivers/STM32F4xx_HAL_Driver/Inc -I../Drivers/STM32F4xx_HAL_Driver/Inc/Legacy -I../Drivers/CMSIS/Device/ST/STM32F4xx/Include -I../Drivers/CMSIS/Include -ffunction-sections -fdata-sections -g -fstack-usage -Wall -specs=nano.specs -o Core\Src\stm32f4xx_it.o ..\Core\Src\stm32f4xx_it.c 
arm-atollic-eabi-gcc -c -mthumb -mcpu=cortex-m4 -mfloat-abi=hard -mfpu=fpv4-sp-d16 -std=gnu11 -DUSE_HAL_DRIVER -DSTM32F429xx -I../Core/Inc -I../Drivers/STM32F4xx_HAL_Driver/Inc -I../Drivers/STM32F4xx_HAL_Driver/Inc/Legacy -I../Drivers/CMSIS/Device/ST/STM32F4xx/Include -I../Drivers/CMSIS/Include -ffunction-sections -fdata-sections -g -fstack-usage -Wall -specs=nano.specs -o Core\Src\main.o ..\Core\Src\main.c 
arm-atollic-eabi-gcc -c -mthumb -mcpu=cortex-m4 -mfloat-abi=hard -mfpu=fpv4-sp-d16 -std=gnu11 -DUSE_HAL_DRIVER -DSTM32F429xx -I../Core/Inc -I../Drivers/STM32F4xx_HAL_Driver/Inc -I../Drivers/STM32F4xx_HAL_Driver/Inc/Legacy -I../Drivers/CMSIS/Device/ST/STM32F4xx/Include -I../Drivers/CMSIS/Include -ffunction-sections -fdata-sections -g -fstack-usage -Wall -specs=nano.specs -o Core\Src\stm32f4xx_hal_msp.o ..\Core\Src\stm32f4xx_hal_msp.c 
arm-atollic-eabi-gcc -o 002_BOOTLOADER_APPLICATION.elf Core\Src\bootloader_command_app.o Core\Src\main.o Core\Src\stm32f4xx_hal_msp.o Core\Src\stm32f4xx_it.o Core\Src\syscalls.o Core\Src\system_stm32f4xx.o Drivers\STM32F4xx_HAL_Driver\Src\stm32f4xx_hal.o Drivers\STM32F4xx_HAL_Driver\Src\stm32f4xx_hal_cortex.o Drivers\STM32F4xx_HAL_Driver\Src\stm32f4xx_hal_crc.o Drivers\STM32F4xx_HAL_Driver\Src\stm32f4xx_hal_dma.o Drivers\STM32F4xx_HAL_Driver\Src\stm32f4xx_hal_dma_ex.o Drivers\STM32F4xx_HAL_Driver\Src\stm32f4xx_hal_exti.o Drivers\STM32F4xx_HAL_Driver\Src\stm32f4xx_hal_flash.o Drivers\STM32F4xx_HAL_Driver\Src\stm32f4xx_hal_flash_ex.o Drivers\STM32F4xx_HAL_Driver\Src\stm32f4xx_hal_flash_ramfunc.o Drivers\STM32F4xx_HAL_Driver\Src\stm32f4xx_hal_gpio.o Drivers\STM32F4xx_HAL_Driver\Src\stm32f4xx_hal_pwr.o Drivers\STM32F4xx_HAL_Driver\Src\stm32f4xx_hal_pwr_ex.o Drivers\STM32F4xx_HAL_Driver\Src\stm32f4xx_hal_rcc.o Drivers\STM32F4xx_HAL_Driver\Src\stm32f4xx_hal_rcc_ex.o Drivers\STM32F4xx_HAL_Driver\Src\stm32f4xx_hal_tim.o Drivers\STM32F4xx_HAL_Driver\Src\stm32f4xx_hal_tim_ex.o Drivers\STM32F4xx_HAL_Driver\Src\stm32f4xx_hal_uart.o startup\startup_stm32f429xx.o -mthumb -mcpu=cortex-m4 -mfloat-abi=hard -mfpu=fpv4-sp-d16 -T../STM32F429ZI_FLASH.ld -specs=nosys.specs -static -Wl,-Map=002_BOOTLOADER_APPLICATION.map -Wl,--gc-sections -Wl,--defsym=malloc_getpagesize_P=0x80 -Wl,--start-group -lc -lm -Wl,--end-group -specs=nano.specs 
D:\TrueSTUDIO for STM32 9.3.0\ide\jre\bin\java -jar D:\TrueSTUDIO for STM32 9.3.0\Tools\arm-atollic-reports.jar sizeinfo list 002_BOOTLOADER_APPLICATION.elf 
Generate build reports...
Print size information
   text	   data	    bss	    dec	    hex	filename
  11672	    120	   1828	  13620	   3534	002_BOOTLOADER_APPLICATION.elf
Print size information done
Generate listing file
Output sent to: 002_BOOTLOADER_APPLICATION.list
Generate listing file done
Generate build reports done
arm-atollic-eabi-objcopy.exe -O ihex 002_BOOTLOADER_APPLICATION.elf 002_BOOTLOADER_APPLICATION.hex 
Info: Parallel threads used: 3
00:27:51 **** Incremental Build of configuration Debug for project 002_Bootloader_USER_Application ****
Info: Internal Builder is used for build
Info: Parallel threads used: 0
00:28:01 **** Incremental Build of configuration Debug for project 002_BOOTLOADER_APPLICATION ****
Info: Internal Builder is used for build
arm-atollic-eabi-gcc -c -mthumb -mcpu=cortex-m4 -mfloat-abi=hard -mfpu=fpv4-sp-d16 -std=gnu11 -DUSE_HAL_DRIVER -DSTM32F429xx -I../Core/Inc -I../Drivers/STM32F4xx_HAL_Driver/Inc -I../Drivers/STM32F4xx_HAL_Driver/Inc/Legacy -I../Drivers/CMSIS/Device/ST/STM32F4xx/Include -I../Drivers/CMSIS/Include -ffunction-sections -fdata-sections -g -fstack-usage -Wall -specs=nano.specs -o Core\Src\stm32f4xx_hal_msp.o ..\Core\Src\stm32f4xx_hal_msp.c 
arm-atollic-eabi-gcc -c -mthumb -mcpu=cortex-m4 -mfloat-abi=hard -mfpu=fpv4-sp-d16 -std=gnu11 -DUSE_HAL_DRIVER -DSTM32F429xx -I../Core/Inc -I../Drivers/STM32F4xx_HAL_Driver/Inc -I../Drivers/STM32F4xx_HAL_Driver/Inc/Legacy -I../Drivers/CMSIS/Device/ST/STM32F4xx/Include -I../Drivers/CMSIS/Include -ffunction-sections -fdata-sections -g -fstack-usage -Wall -specs=nano.specs -o Core\Src\stm32f4xx_it.o ..\Core\Src\stm32f4xx_it.c 
arm-atollic-eabi-gcc -c -mthumb -mcpu=cortex-m4 -mfloat-abi=hard -mfpu=fpv4-sp-d16 -std=gnu11 -DUSE_HAL_DRIVER -DSTM32F429xx -I../Core/Inc -I../Drivers/STM32F4xx_HAL_Driver/Inc -I../Drivers/STM32F4xx_HAL_Driver/Inc/Legacy -I../Drivers/CMSIS/Device/ST/STM32F4xx/Include -I../Drivers/CMSIS/Include -ffunction-sections -fdata-sections -g -fstack-usage -Wall -specs=nano.specs -o Core\Src\main.o ..\Core\Src\main.c 
arm-atollic-eabi-gcc -o 002_BOOTLOADER_APPLICATION.elf Core\Src\bootloader_command_app.o Core\Src\main.o Core\Src\stm32f4xx_hal_msp.o Core\Src\stm32f4xx_it.o Core\Src\syscalls.o Core\Src\system_stm32f4xx.o Drivers\STM32F4xx_HAL_Driver\Src\stm32f4xx_hal.o Drivers\STM32F4xx_HAL_Driver\Src\stm32f4xx_hal_cortex.o Drivers\STM32F4xx_HAL_Driver\Src\stm32f4xx_hal_crc.o Drivers\STM32F4xx_HAL_Driver\Src\stm32f4xx_hal_dma.o Drivers\STM32F4xx_HAL_Driver\Src\stm32f4xx_hal_dma_ex.o Drivers\STM32F4xx_HAL_Driver\Src\stm32f4xx_hal_exti.o Drivers\STM32F4xx_HAL_Driver\Src\stm32f4xx_hal_flash.o Drivers\STM32F4xx_HAL_Driver\Src\stm32f4xx_hal_flash_ex.o Drivers\STM32F4xx_HAL_Driver\Src\stm32f4xx_hal_flash_ramfunc.o Drivers\STM32F4xx_HAL_Driver\Src\stm32f4xx_hal_gpio.o Drivers\STM32F4xx_HAL_Driver\Src\stm32f4xx_hal_pwr.o Drivers\STM32F4xx_HAL_Driver\Src\stm32f4xx_hal_pwr_ex.o Drivers\STM32F4xx_HAL_Driver\Src\stm32f4xx_hal_rcc.o Drivers\STM32F4xx_HAL_Driver\Src\stm32f4xx_hal_rcc_ex.o Drivers\STM32F4xx_HAL_Driver\Src\stm32f4xx_hal_tim.o Drivers\STM32F4xx_HAL_Driver\Src\stm32f4xx_hal_tim_ex.o Drivers\STM32F4xx_HAL_Driver\Src\stm32f4xx_hal_uart.o startup\startup_stm32f429xx.o -mthumb -mcpu=cortex-m4 -mfloat-abi=hard -mfpu=fpv4-sp-d16 -T../STM32F429ZI_FLASH.ld -specs=nosys.specs -static -Wl,-Map=002_BOOTLOADER_APPLICATION.map -Wl,--gc-sections -Wl,--defsym=malloc_getpagesize_P=0x80 -Wl,--start-group -lc -lm -Wl,--end-group -specs=nano.specs 
D:\TrueSTUDIO for STM32 9.3.0\ide\jre\bin\java -jar D:\TrueSTUDIO for STM32 9.3.0\Tools\arm-atollic-reports.jar sizeinfo list 002_BOOTLOADER_APPLICATION.elf 
Generate build reports...
Print size information
   text	   data	    bss	    dec	    hex	filename
  11672	    120	   1828	  13620	   3534	002_BOOTLOADER_APPLICATION.elf
Print size information done
Generate listing file
Output sent to: 002_BOOTLOADER_APPLICATION.list
Generate listing file done
Generate build reports done
arm-atollic-eabi-objcopy.exe -O ihex 002_BOOTLOADER_APPLICATION.elf 002_BOOTLOADER_APPLICATION.hex 
Info: Parallel threads used: 3
00:28:02 **** Incremental Build of configuration Debug for project 002_Bootloader_USER_Application ****
Info: Internal Builder is used for build
Info: Parallel threads used: 0
00:28:23 **** Incremental Build of configuration Debug for project 002_BOOTLOADER_APPLICATION ****
Info: Internal Builder is used for build
arm-atollic-eabi-gcc -c -mthumb -mcpu=cortex-m4 -mfloat-abi=hard -mfpu=fpv4-sp-d16 -std=gnu11 -DUSE_HAL_DRIVER -DSTM32F429xx -I../Core/Inc -I../Drivers/STM32F4xx_HAL_Driver/Inc -I../Drivers/STM32F4xx_HAL_Driver/Inc/Legacy -I../Drivers/CMSIS/Device/ST/STM32F4xx/Include -I../Drivers/CMSIS/Include -ffunction-sections -fdata-sections -g -fstack-usage -Wall -specs=nano.specs -o Core\Src\main.o ..\Core\Src\main.c 
arm-atollic-eabi-gcc -c -mthumb -mcpu=cortex-m4 -mfloat-abi=hard -mfpu=fpv4-sp-d16 -std=gnu11 -DUSE_HAL_DRIVER -DSTM32F429xx -I../Core/Inc -I../Drivers/STM32F4xx_HAL_Driver/Inc -I../Drivers/STM32F4xx_HAL_Driver/Inc/Legacy -I../Drivers/CMSIS/Device/ST/STM32F4xx/Include -I../Drivers/CMSIS/Include -ffunction-sections -fdata-sections -g -fstack-usage -Wall -specs=nano.specs -o Core\Src\stm32f4xx_hal_msp.o ..\Core\Src\stm32f4xx_hal_msp.c 
arm-atollic-eabi-gcc -c -mthumb -mcpu=cortex-m4 -mfloat-abi=hard -mfpu=fpv4-sp-d16 -std=gnu11 -DUSE_HAL_DRIVER -DSTM32F429xx -I../Core/Inc -I../Drivers/STM32F4xx_HAL_Driver/Inc -I../Drivers/STM32F4xx_HAL_Driver/Inc/Legacy -I../Drivers/CMSIS/Device/ST/STM32F4xx/Include -I../Drivers/CMSIS/Include -ffunction-sections -fdata-sections -g -fstack-usage -Wall -specs=nano.specs -o Core\Src\stm32f4xx_it.o ..\Core\Src\stm32f4xx_it.c 
arm-atollic-eabi-gcc -o 002_BOOTLOADER_APPLICATION.elf Core\Src\bootloader_command_app.o Core\Src\main.o Core\Src\stm32f4xx_hal_msp.o Core\Src\stm32f4xx_it.o Core\Src\syscalls.o Core\Src\system_stm32f4xx.o Drivers\STM32F4xx_HAL_Driver\Src\stm32f4xx_hal.o Drivers\STM32F4xx_HAL_Driver\Src\stm32f4xx_hal_cortex.o Drivers\STM32F4xx_HAL_Driver\Src\stm32f4xx_hal_crc.o Drivers\STM32F4xx_HAL_Driver\Src\stm32f4xx_hal_dma.o Drivers\STM32F4xx_HAL_Driver\Src\stm32f4xx_hal_dma_ex.o Drivers\STM32F4xx_HAL_Driver\Src\stm32f4xx_hal_exti.o Drivers\STM32F4xx_HAL_Driver\Src\stm32f4xx_hal_flash.o Drivers\STM32F4xx_HAL_Driver\Src\stm32f4xx_hal_flash_ex.o Drivers\STM32F4xx_HAL_Driver\Src\stm32f4xx_hal_flash_ramfunc.o Drivers\STM32F4xx_HAL_Driver\Src\stm32f4xx_hal_gpio.o Drivers\STM32F4xx_HAL_Driver\Src\stm32f4xx_hal_pwr.o Drivers\STM32F4xx_HAL_Driver\Src\stm32f4xx_hal_pwr_ex.o Drivers\STM32F4xx_HAL_Driver\Src\stm32f4xx_hal_rcc.o Drivers\STM32F4xx_HAL_Driver\Src\stm32f4xx_hal_rcc_ex.o Drivers\STM32F4xx_HAL_Driver\Src\stm32f4xx_hal_tim.o Drivers\STM32F4xx_HAL_Driver\Src\stm32f4xx_hal_tim_ex.o Drivers\STM32F4xx_HAL_Driver\Src\stm32f4xx_hal_uart.o startup\startup_stm32f429xx.o -mthumb -mcpu=cortex-m4 -mfloat-abi=hard -mfpu=fpv4-sp-d16 -T../STM32F429ZI_FLASH.ld -specs=nosys.specs -static -Wl,-Map=002_BOOTLOADER_APPLICATION.map -Wl,--gc-sections -Wl,--defsym=malloc_getpagesize_P=0x80 -Wl,--start-group -lc -lm -Wl,--end-group -specs=nano.specs 
D:\TrueSTUDIO for STM32 9.3.0\ide\jre\bin\java -jar D:\TrueSTUDIO for STM32 9.3.0\Tools\arm-atollic-reports.jar sizeinfo list 002_BOOTLOADER_APPLICATION.elf 
Generate build reports...
Print size information
   text	   data	    bss	    dec	    hex	filename
  11672	    120	   1828	  13620	   3534	002_BOOTLOADER_APPLICATION.elf
Print size information done
Generate listing file
Output sent to: 002_BOOTLOADER_APPLICATION.list
Generate listing file done
Generate build reports done
arm-atollic-eabi-objcopy.exe -O ihex 002_BOOTLOADER_APPLICATION.elf 002_BOOTLOADER_APPLICATION.hex 
Info: Parallel threads used: 3
00:28:24 **** Incremental Build of configuration Debug for project 002_Bootloader_USER_Application ****
Info: Internal Builder is used for build
Info: Parallel threads used: 0
00:28:32 **** Incremental Build of configuration Debug for project 002_BOOTLOADER_APPLICATION ****
Info: Internal Builder is used for build
Info: Parallel threads used: 0
00:28:32 **** Incremental Build of configuration Debug for project 002_Bootloader_USER_Application ****
Info: Internal Builder is used for build
Info: Parallel threads used: 0
00:28:40 **** Incremental Build of configuration Debug for project 002_BOOTLOADER_APPLICATION ****
Info: Internal Builder is used for build
arm-atollic-eabi-gcc -c -mthumb -mcpu=cortex-m4 -mfloat-abi=hard -mfpu=fpv4-sp-d16 -std=gnu11 -DUSE_HAL_DRIVER -DSTM32F429xx -I../Core/Inc -I../Drivers/STM32F4xx_HAL_Driver/Inc -I../Drivers/STM32F4xx_HAL_Driver/Inc/Legacy -I../Drivers/CMSIS/Device/ST/STM32F4xx/Include -I../Drivers/CMSIS/Include -ffunction-sections -fdata-sections -g -fstack-usage -Wall -specs=nano.specs -o Core\Src\main.o ..\Core\Src\main.c 
arm-atollic-eabi-gcc -o 002_BOOTLOADER_APPLICATION.elf Core\Src\bootloader_command_app.o Core\Src\main.o Core\Src\stm32f4xx_hal_msp.o Core\Src\stm32f4xx_it.o Core\Src\syscalls.o Core\Src\system_stm32f4xx.o Drivers\STM32F4xx_HAL_Driver\Src\stm32f4xx_hal.o Drivers\STM32F4xx_HAL_Driver\Src\stm32f4xx_hal_cortex.o Drivers\STM32F4xx_HAL_Driver\Src\stm32f4xx_hal_crc.o Drivers\STM32F4xx_HAL_Driver\Src\stm32f4xx_hal_dma.o Drivers\STM32F4xx_HAL_Driver\Src\stm32f4xx_hal_dma_ex.o Drivers\STM32F4xx_HAL_Driver\Src\stm32f4xx_hal_exti.o Drivers\STM32F4xx_HAL_Driver\Src\stm32f4xx_hal_flash.o Drivers\STM32F4xx_HAL_Driver\Src\stm32f4xx_hal_flash_ex.o Drivers\STM32F4xx_HAL_Driver\Src\stm32f4xx_hal_flash_ramfunc.o Drivers\STM32F4xx_HAL_Driver\Src\stm32f4xx_hal_gpio.o Drivers\STM32F4xx_HAL_Driver\Src\stm32f4xx_hal_pwr.o Drivers\STM32F4xx_HAL_Driver\Src\stm32f4xx_hal_pwr_ex.o Drivers\STM32F4xx_HAL_Driver\Src\stm32f4xx_hal_rcc.o Drivers\STM32F4xx_HAL_Driver\Src\stm32f4xx_hal_rcc_ex.o Drivers\STM32F4xx_HAL_Driver\Src\stm32f4xx_hal_tim.o Drivers\STM32F4xx_HAL_Driver\Src\stm32f4xx_hal_tim_ex.o Drivers\STM32F4xx_HAL_Driver\Src\stm32f4xx_hal_uart.o startup\startup_stm32f429xx.o -mthumb -mcpu=cortex-m4 -mfloat-abi=hard -mfpu=fpv4-sp-d16 -T../STM32F429ZI_FLASH.ld -specs=nosys.specs -static -Wl,-Map=002_BOOTLOADER_APPLICATION.map -Wl,--gc-sections -Wl,--defsym=malloc_getpagesize_P=0x80 -Wl,--start-group -lc -lm -Wl,--end-group -specs=nano.specs 
D:\TrueSTUDIO for STM32 9.3.0\ide\jre\bin\java -jar D:\TrueSTUDIO for STM32 9.3.0\Tools\arm-atollic-reports.jar sizeinfo list 002_BOOTLOADER_APPLICATION.elf 
Generate build reports...
Print size information
   text	   data	    bss	    dec	    hex	filename
  11672	    120	   1828	  13620	   3534	002_BOOTLOADER_APPLICATION.elf
Print size information done
Generate listing file
Output sent to: 002_BOOTLOADER_APPLICATION.list
Generate listing file done
Generate build reports done
arm-atollic-eabi-objcopy.exe -O ihex 002_BOOTLOADER_APPLICATION.elf 002_BOOTLOADER_APPLICATION.hex 
Info: Parallel threads used: 1
00:28:41 **** Incremental Build of configuration Debug for project 002_Bootloader_USER_Application ****
Info: Internal Builder is used for build
Info: Parallel threads used: 0
00:31:05 **** Incremental Build of configuration Debug for project 002_BOOTLOADER_APPLICATION ****
Info: Internal Builder is used for build
arm-atollic-eabi-gcc -c -mthumb -mcpu=cortex-m4 -mfloat-abi=hard -mfpu=fpv4-sp-d16 -std=gnu11 -DUSE_HAL_DRIVER -DSTM32F429xx -I../Core/Inc -I../Drivers/STM32F4xx_HAL_Driver/Inc -I../Drivers/STM32F4xx_HAL_Driver/Inc/Legacy -I../Drivers/CMSIS/Device/ST/STM32F4xx/Include -I../Drivers/CMSIS/Include -ffunction-sections -fdata-sections -g -fstack-usage -Wall -specs=nano.specs -o Core\Src\bootloader_command_app.o ..\Core\Src\bootloader_command_app.c 
arm-atollic-eabi-gcc -c -mthumb -mcpu=cortex-m4 -mfloat-abi=hard -mfpu=fpv4-sp-d16 -std=gnu11 -DUSE_HAL_DRIVER -DSTM32F429xx -I../Core/Inc -I../Drivers/STM32F4xx_HAL_Driver/Inc -I../Drivers/STM32F4xx_HAL_Driver/Inc/Legacy -I../Drivers/CMSIS/Device/ST/STM32F4xx/Include -I../Drivers/CMSIS/Include -ffunction-sections -fdata-sections -g -fstack-usage -Wall -specs=nano.specs -o Core\Src\main.o ..\Core\Src\main.c 
..\Core\Src\bootloader_command_app.c:8:29: error: unknown type name 'uint8_t'
 void bootloader_get_ver_cmd(uint8_t *bl_rx_data)
                             ^~~~~~~
Info: Parallel threads used: 2
00:31:06 **** Incremental Build of configuration Debug for project 002_Bootloader_USER_Application ****
Info: Internal Builder is used for build
Info: Parallel threads used: 0
00:31:41 **** Incremental Build of configuration Debug for project 002_BOOTLOADER_APPLICATION ****
Info: Internal Builder is used for build
arm-atollic-eabi-gcc -c -mthumb -mcpu=cortex-m4 -mfloat-abi=hard -mfpu=fpv4-sp-d16 -std=gnu11 -DUSE_HAL_DRIVER -DSTM32F429xx -I../Core/Inc -I../Drivers/STM32F4xx_HAL_Driver/Inc -I../Drivers/STM32F4xx_HAL_Driver/Inc/Legacy -I../Drivers/CMSIS/Device/ST/STM32F4xx/Include -I../Drivers/CMSIS/Include -ffunction-sections -fdata-sections -g -fstack-usage -Wall -specs=nano.specs -o Core\Src\main.o ..\Core\Src\main.c 
arm-atollic-eabi-gcc -c -mthumb -mcpu=cortex-m4 -mfloat-abi=hard -mfpu=fpv4-sp-d16 -std=gnu11 -DUSE_HAL_DRIVER -DSTM32F429xx -I../Core/Inc -I../Drivers/STM32F4xx_HAL_Driver/Inc -I../Drivers/STM32F4xx_HAL_Driver/Inc/Legacy -I../Drivers/CMSIS/Device/ST/STM32F4xx/Include -I../Drivers/CMSIS/Include -ffunction-sections -fdata-sections -g -fstack-usage -Wall -specs=nano.specs -o Core\Src\bootloader_command_app.o ..\Core\Src\bootloader_command_app.c 
arm-atollic-eabi-gcc -o 002_BOOTLOADER_APPLICATION.elf Core\Src\bootloader_command_app.o Core\Src\main.o Core\Src\stm32f4xx_hal_msp.o Core\Src\stm32f4xx_it.o Core\Src\syscalls.o Core\Src\system_stm32f4xx.o Drivers\STM32F4xx_HAL_Driver\Src\stm32f4xx_hal.o Drivers\STM32F4xx_HAL_Driver\Src\stm32f4xx_hal_cortex.o Drivers\STM32F4xx_HAL_Driver\Src\stm32f4xx_hal_crc.o Drivers\STM32F4xx_HAL_Driver\Src\stm32f4xx_hal_dma.o Drivers\STM32F4xx_HAL_Driver\Src\stm32f4xx_hal_dma_ex.o Drivers\STM32F4xx_HAL_Driver\Src\stm32f4xx_hal_exti.o Drivers\STM32F4xx_HAL_Driver\Src\stm32f4xx_hal_flash.o Drivers\STM32F4xx_HAL_Driver\Src\stm32f4xx_hal_flash_ex.o Drivers\STM32F4xx_HAL_Driver\Src\stm32f4xx_hal_flash_ramfunc.o Drivers\STM32F4xx_HAL_Driver\Src\stm32f4xx_hal_gpio.o Drivers\STM32F4xx_HAL_Driver\Src\stm32f4xx_hal_pwr.o Drivers\STM32F4xx_HAL_Driver\Src\stm32f4xx_hal_pwr_ex.o Drivers\STM32F4xx_HAL_Driver\Src\stm32f4xx_hal_rcc.o Drivers\STM32F4xx_HAL_Driver\Src\stm32f4xx_hal_rcc_ex.o Drivers\STM32F4xx_HAL_Driver\Src\stm32f4xx_hal_tim.o Drivers\STM32F4xx_HAL_Driver\Src\stm32f4xx_hal_tim_ex.o Drivers\STM32F4xx_HAL_Driver\Src\stm32f4xx_hal_uart.o startup\startup_stm32f429xx.o -mthumb -mcpu=cortex-m4 -mfloat-abi=hard -mfpu=fpv4-sp-d16 -T../STM32F429ZI_FLASH.ld -specs=nosys.specs -static -Wl,-Map=002_BOOTLOADER_APPLICATION.map -Wl,--gc-sections -Wl,--defsym=malloc_getpagesize_P=0x80 -Wl,--start-group -lc -lm -Wl,--end-group -specs=nano.specs 
D:\TrueSTUDIO for STM32 9.3.0\ide\jre\bin\java -jar D:\TrueSTUDIO for STM32 9.3.0\Tools\arm-atollic-reports.jar sizeinfo list 002_BOOTLOADER_APPLICATION.elf 
Generate build reports...
Print size information
   text	   data	    bss	    dec	    hex	filename
  11672	    120	   1828	  13620	   3534	002_BOOTLOADER_APPLICATION.elf
Print size information done
Generate listing file
Output sent to: 002_BOOTLOADER_APPLICATION.list
Generate listing file done
Generate build reports done
arm-atollic-eabi-objcopy.exe -O ihex 002_BOOTLOADER_APPLICATION.elf 002_BOOTLOADER_APPLICATION.hex 
Info: Parallel threads used: 2
00:31:42 **** Incremental Build of configuration Debug for project 002_Bootloader_USER_Application ****
Info: Internal Builder is used for build
Info: Parallel threads used: 0
00:31:45 **** Incremental Build of configuration Debug for project 002_BOOTLOADER_APPLICATION ****
Info: Internal Builder is used for build
arm-atollic-eabi-gcc -c -mthumb -mcpu=cortex-m4 -mfloat-abi=hard -mfpu=fpv4-sp-d16 -std=gnu11 -DUSE_HAL_DRIVER -DSTM32F429xx -I../Core/Inc -I../Drivers/STM32F4xx_HAL_Driver/Inc -I../Drivers/STM32F4xx_HAL_Driver/Inc/Legacy -I../Drivers/CMSIS/Device/ST/STM32F4xx/Include -I../Drivers/CMSIS/Include -ffunction-sections -fdata-sections -g -fstack-usage -Wall -specs=nano.specs -o Core\Src\bootloader_command_app.o ..\Core\Src\bootloader_command_app.c 
arm-atollic-eabi-gcc -o 002_BOOTLOADER_APPLICATION.elf Core\Src\bootloader_command_app.o Core\Src\main.o Core\Src\stm32f4xx_hal_msp.o Core\Src\stm32f4xx_it.o Core\Src\syscalls.o Core\Src\system_stm32f4xx.o Drivers\STM32F4xx_HAL_Driver\Src\stm32f4xx_hal.o Drivers\STM32F4xx_HAL_Driver\Src\stm32f4xx_hal_cortex.o Drivers\STM32F4xx_HAL_Driver\Src\stm32f4xx_hal_crc.o Drivers\STM32F4xx_HAL_Driver\Src\stm32f4xx_hal_dma.o Drivers\STM32F4xx_HAL_Driver\Src\stm32f4xx_hal_dma_ex.o Drivers\STM32F4xx_HAL_Driver\Src\stm32f4xx_hal_exti.o Drivers\STM32F4xx_HAL_Driver\Src\stm32f4xx_hal_flash.o Drivers\STM32F4xx_HAL_Driver\Src\stm32f4xx_hal_flash_ex.o Drivers\STM32F4xx_HAL_Driver\Src\stm32f4xx_hal_flash_ramfunc.o Drivers\STM32F4xx_HAL_Driver\Src\stm32f4xx_hal_gpio.o Drivers\STM32F4xx_HAL_Driver\Src\stm32f4xx_hal_pwr.o Drivers\STM32F4xx_HAL_Driver\Src\stm32f4xx_hal_pwr_ex.o Drivers\STM32F4xx_HAL_Driver\Src\stm32f4xx_hal_rcc.o Drivers\STM32F4xx_HAL_Driver\Src\stm32f4xx_hal_rcc_ex.o Drivers\STM32F4xx_HAL_Driver\Src\stm32f4xx_hal_tim.o Drivers\STM32F4xx_HAL_Driver\Src\stm32f4xx_hal_tim_ex.o Drivers\STM32F4xx_HAL_Driver\Src\stm32f4xx_hal_uart.o startup\startup_stm32f429xx.o -mthumb -mcpu=cortex-m4 -mfloat-abi=hard -mfpu=fpv4-sp-d16 -T../STM32F429ZI_FLASH.ld -specs=nosys.specs -static -Wl,-Map=002_BOOTLOADER_APPLICATION.map -Wl,--gc-sections -Wl,--defsym=malloc_getpagesize_P=0x80 -Wl,--start-group -lc -lm -Wl,--end-group -specs=nano.specs 
D:\TrueSTUDIO for STM32 9.3.0\ide\jre\bin\java -jar D:\TrueSTUDIO for STM32 9.3.0\Tools\arm-atollic-reports.jar sizeinfo list 002_BOOTLOADER_APPLICATION.elf 
Generate build reports...
Print size information
   text	   data	    bss	    dec	    hex	filename
  11672	    120	   1828	  13620	   3534	002_BOOTLOADER_APPLICATION.elf
Print size information done
Generate listing file
Output sent to: 002_BOOTLOADER_APPLICATION.list
Generate listing file done
Generate build reports done
arm-atollic-eabi-objcopy.exe -O ihex 002_BOOTLOADER_APPLICATION.elf 002_BOOTLOADER_APPLICATION.hex 
Info: Parallel threads used: 1
00:31:46 **** Incremental Build of configuration Debug for project 002_Bootloader_USER_Application ****
Info: Internal Builder is used for build
Info: Parallel threads used: 0
00:31:54 **** Incremental Build of configuration Debug for project 002_BOOTLOADER_APPLICATION ****
Info: Internal Builder is used for build
arm-atollic-eabi-gcc -c -mthumb -mcpu=cortex-m4 -mfloat-abi=hard -mfpu=fpv4-sp-d16 -std=gnu11 -DUSE_HAL_DRIVER -DSTM32F429xx -I../Core/Inc -I../Drivers/STM32F4xx_HAL_Driver/Inc -I../Drivers/STM32F4xx_HAL_Driver/Inc/Legacy -I../Drivers/CMSIS/Device/ST/STM32F4xx/Include -I../Drivers/CMSIS/Include -ffunction-sections -fdata-sections -g -fstack-usage -Wall -specs=nano.specs -o Core\Src\main.o ..\Core\Src\main.c 
arm-atollic-eabi-gcc -c -mthumb -mcpu=cortex-m4 -mfloat-abi=hard -mfpu=fpv4-sp-d16 -std=gnu11 -DUSE_HAL_DRIVER -DSTM32F429xx -I../Core/Inc -I../Drivers/STM32F4xx_HAL_Driver/Inc -I../Drivers/STM32F4xx_HAL_Driver/Inc/Legacy -I../Drivers/CMSIS/Device/ST/STM32F4xx/Include -I../Drivers/CMSIS/Include -ffunction-sections -fdata-sections -g -fstack-usage -Wall -specs=nano.specs -o Core\Src\bootloader_command_app.o ..\Core\Src\bootloader_command_app.c 
..\Core\Src\bootloader_command_app.c:10:29: error: unknown type name 'uint8_t'
 void bootloader_get_ver_cmd(uint8_t *bl_rx_data)
                             ^~~~~~~
Info: Parallel threads used: 2
00:31:54 **** Incremental Build of configuration Debug for project 002_Bootloader_USER_Application ****
Info: Internal Builder is used for build
Info: Parallel threads used: 0
00:31:58 **** Incremental Build of configuration Debug for project 002_BOOTLOADER_APPLICATION ****
Info: Internal Builder is used for build
arm-atollic-eabi-gcc -c -mthumb -mcpu=cortex-m4 -mfloat-abi=hard -mfpu=fpv4-sp-d16 -std=gnu11 -DUSE_HAL_DRIVER -DSTM32F429xx -I../Core/Inc -I../Drivers/STM32F4xx_HAL_Driver/Inc -I../Drivers/STM32F4xx_HAL_Driver/Inc/Legacy -I../Drivers/CMSIS/Device/ST/STM32F4xx/Include -I../Drivers/CMSIS/Include -ffunction-sections -fdata-sections -g -fstack-usage -Wall -specs=nano.specs -o Core\Src\bootloader_command_app.o ..\Core\Src\bootloader_command_app.c 
arm-atollic-eabi-gcc -c -mthumb -mcpu=cortex-m4 -mfloat-abi=hard -mfpu=fpv4-sp-d16 -std=gnu11 -DUSE_HAL_DRIVER -DSTM32F429xx -I../Core/Inc -I../Drivers/STM32F4xx_HAL_Driver/Inc -I../Drivers/STM32F4xx_HAL_Driver/Inc/Legacy -I../Drivers/CMSIS/Device/ST/STM32F4xx/Include -I../Drivers/CMSIS/Include -ffunction-sections -fdata-sections -g -fstack-usage -Wall -specs=nano.specs -o Core\Src\main.o ..\Core\Src\main.c 
..\Core\Src\bootloader_command_app.c:10:29: error: unknown type name 'uint8_t'
 void bootloader_get_ver_cmd(uint8_t *bl_rx_data)
                             ^~~~~~~
Info: Parallel threads used: 2
00:31:58 **** Incremental Build of configuration Debug for project 002_Bootloader_USER_Application ****
Info: Internal Builder is used for build
Info: Parallel threads used: 0
00:32:04 **** Incremental Build of configuration Debug for project 002_BOOTLOADER_APPLICATION ****
Info: Internal Builder is used for build
arm-atollic-eabi-gcc -c -mthumb -mcpu=cortex-m4 -mfloat-abi=hard -mfpu=fpv4-sp-d16 -std=gnu11 -DUSE_HAL_DRIVER -DSTM32F429xx -I../Core/Inc -I../Drivers/STM32F4xx_HAL_Driver/Inc -I../Drivers/STM32F4xx_HAL_Driver/Inc/Legacy -I../Drivers/CMSIS/Device/ST/STM32F4xx/Include -I../Drivers/CMSIS/Include -ffunction-sections -fdata-sections -g -fstack-usage -Wall -specs=nano.specs -o Core\Src\main.o ..\Core\Src\main.c 
arm-atollic-eabi-gcc -c -mthumb -mcpu=cortex-m4 -mfloat-abi=hard -mfpu=fpv4-sp-d16 -std=gnu11 -DUSE_HAL_DRIVER -DSTM32F429xx -I../Core/Inc -I../Drivers/STM32F4xx_HAL_Driver/Inc -I../Drivers/STM32F4xx_HAL_Driver/Inc/Legacy -I../Drivers/CMSIS/Device/ST/STM32F4xx/Include -I../Drivers/CMSIS/Include -ffunction-sections -fdata-sections -g -fstack-usage -Wall -specs=nano.specs -o Core\Src\bootloader_command_app.o ..\Core\Src\bootloader_command_app.c 
arm-atollic-eabi-gcc -o 002_BOOTLOADER_APPLICATION.elf Core\Src\bootloader_command_app.o Core\Src\main.o Core\Src\stm32f4xx_hal_msp.o Core\Src\stm32f4xx_it.o Core\Src\syscalls.o Core\Src\system_stm32f4xx.o Drivers\STM32F4xx_HAL_Driver\Src\stm32f4xx_hal.o Drivers\STM32F4xx_HAL_Driver\Src\stm32f4xx_hal_cortex.o Drivers\STM32F4xx_HAL_Driver\Src\stm32f4xx_hal_crc.o Drivers\STM32F4xx_HAL_Driver\Src\stm32f4xx_hal_dma.o Drivers\STM32F4xx_HAL_Driver\Src\stm32f4xx_hal_dma_ex.o Drivers\STM32F4xx_HAL_Driver\Src\stm32f4xx_hal_exti.o Drivers\STM32F4xx_HAL_Driver\Src\stm32f4xx_hal_flash.o Drivers\STM32F4xx_HAL_Driver\Src\stm32f4xx_hal_flash_ex.o Drivers\STM32F4xx_HAL_Driver\Src\stm32f4xx_hal_flash_ramfunc.o Drivers\STM32F4xx_HAL_Driver\Src\stm32f4xx_hal_gpio.o Drivers\STM32F4xx_HAL_Driver\Src\stm32f4xx_hal_pwr.o Drivers\STM32F4xx_HAL_Driver\Src\stm32f4xx_hal_pwr_ex.o Drivers\STM32F4xx_HAL_Driver\Src\stm32f4xx_hal_rcc.o Drivers\STM32F4xx_HAL_Driver\Src\stm32f4xx_hal_rcc_ex.o Drivers\STM32F4xx_HAL_Driver\Src\stm32f4xx_hal_tim.o Drivers\STM32F4xx_HAL_Driver\Src\stm32f4xx_hal_tim_ex.o Drivers\STM32F4xx_HAL_Driver\Src\stm32f4xx_hal_uart.o startup\startup_stm32f429xx.o -mthumb -mcpu=cortex-m4 -mfloat-abi=hard -mfpu=fpv4-sp-d16 -T../STM32F429ZI_FLASH.ld -specs=nosys.specs -static -Wl,-Map=002_BOOTLOADER_APPLICATION.map -Wl,--gc-sections -Wl,--defsym=malloc_getpagesize_P=0x80 -Wl,--start-group -lc -lm -Wl,--end-group -specs=nano.specs 
D:\TrueSTUDIO for STM32 9.3.0\ide\jre\bin\java -jar D:\TrueSTUDIO for STM32 9.3.0\Tools\arm-atollic-reports.jar sizeinfo list 002_BOOTLOADER_APPLICATION.elf 
Generate build reports...
Print size information
   text	   data	    bss	    dec	    hex	filename
  11672	    120	   1828	  13620	   3534	002_BOOTLOADER_APPLICATION.elf
Print size information done
Generate listing file
Output sent to: 002_BOOTLOADER_APPLICATION.list
Generate listing file done
Generate build reports done
arm-atollic-eabi-objcopy.exe -O ihex 002_BOOTLOADER_APPLICATION.elf 002_BOOTLOADER_APPLICATION.hex 
Info: Parallel threads used: 2
00:32:05 **** Incremental Build of configuration Debug for project 002_Bootloader_USER_Application ****
Info: Internal Builder is used for build
Info: Parallel threads used: 0
00:32:10 **** Incremental Build of configuration Debug for project 002_BOOTLOADER_APPLICATION ****
Info: Internal Builder is used for build
arm-atollic-eabi-gcc -c -mthumb -mcpu=cortex-m4 -mfloat-abi=hard -mfpu=fpv4-sp-d16 -std=gnu11 -DUSE_HAL_DRIVER -DSTM32F429xx -I../Core/Inc -I../Drivers/STM32F4xx_HAL_Driver/Inc -I../Drivers/STM32F4xx_HAL_Driver/Inc/Legacy -I../Drivers/CMSIS/Device/ST/STM32F4xx/Include -I../Drivers/CMSIS/Include -ffunction-sections -fdata-sections -g -fstack-usage -Wall -specs=nano.specs -o Core\Src\main.o ..\Core\Src\main.c 
arm-atollic-eabi-gcc -c -mthumb -mcpu=cortex-m4 -mfloat-abi=hard -mfpu=fpv4-sp-d16 -std=gnu11 -DUSE_HAL_DRIVER -DSTM32F429xx -I../Core/Inc -I../Drivers/STM32F4xx_HAL_Driver/Inc -I../Drivers/STM32F4xx_HAL_Driver/Inc/Legacy -I../Drivers/CMSIS/Device/ST/STM32F4xx/Include -I../Drivers/CMSIS/Include -ffunction-sections -fdata-sections -g -fstack-usage -Wall -specs=nano.specs -o Core\Src\bootloader_command_app.o ..\Core\Src\bootloader_command_app.c 
arm-atollic-eabi-gcc -o 002_BOOTLOADER_APPLICATION.elf Core\Src\bootloader_command_app.o Core\Src\main.o Core\Src\stm32f4xx_hal_msp.o Core\Src\stm32f4xx_it.o Core\Src\syscalls.o Core\Src\system_stm32f4xx.o Drivers\STM32F4xx_HAL_Driver\Src\stm32f4xx_hal.o Drivers\STM32F4xx_HAL_Driver\Src\stm32f4xx_hal_cortex.o Drivers\STM32F4xx_HAL_Driver\Src\stm32f4xx_hal_crc.o Drivers\STM32F4xx_HAL_Driver\Src\stm32f4xx_hal_dma.o Drivers\STM32F4xx_HAL_Driver\Src\stm32f4xx_hal_dma_ex.o Drivers\STM32F4xx_HAL_Driver\Src\stm32f4xx_hal_exti.o Drivers\STM32F4xx_HAL_Driver\Src\stm32f4xx_hal_flash.o Drivers\STM32F4xx_HAL_Driver\Src\stm32f4xx_hal_flash_ex.o Drivers\STM32F4xx_HAL_Driver\Src\stm32f4xx_hal_flash_ramfunc.o Drivers\STM32F4xx_HAL_Driver\Src\stm32f4xx_hal_gpio.o Drivers\STM32F4xx_HAL_Driver\Src\stm32f4xx_hal_pwr.o Drivers\STM32F4xx_HAL_Driver\Src\stm32f4xx_hal_pwr_ex.o Drivers\STM32F4xx_HAL_Driver\Src\stm32f4xx_hal_rcc.o Drivers\STM32F4xx_HAL_Driver\Src\stm32f4xx_hal_rcc_ex.o Drivers\STM32F4xx_HAL_Driver\Src\stm32f4xx_hal_tim.o Drivers\STM32F4xx_HAL_Driver\Src\stm32f4xx_hal_tim_ex.o Drivers\STM32F4xx_HAL_Driver\Src\stm32f4xx_hal_uart.o startup\startup_stm32f429xx.o -mthumb -mcpu=cortex-m4 -mfloat-abi=hard -mfpu=fpv4-sp-d16 -T../STM32F429ZI_FLASH.ld -specs=nosys.specs -static -Wl,-Map=002_BOOTLOADER_APPLICATION.map -Wl,--gc-sections -Wl,--defsym=malloc_getpagesize_P=0x80 -Wl,--start-group -lc -lm -Wl,--end-group -specs=nano.specs 
D:\TrueSTUDIO for STM32 9.3.0\ide\jre\bin\java -jar D:\TrueSTUDIO for STM32 9.3.0\Tools\arm-atollic-reports.jar sizeinfo list 002_BOOTLOADER_APPLICATION.elf 
Generate build reports...
Print size information
   text	   data	    bss	    dec	    hex	filename
  11672	    120	   1828	  13620	   3534	002_BOOTLOADER_APPLICATION.elf
Print size information done
Generate listing file
Output sent to: 002_BOOTLOADER_APPLICATION.list
Generate listing file done
Generate build reports done
arm-atollic-eabi-objcopy.exe -O ihex 002_BOOTLOADER_APPLICATION.elf 002_BOOTLOADER_APPLICATION.hex 
Info: Parallel threads used: 2
00:32:11 **** Incremental Build of configuration Debug for project 002_Bootloader_USER_Application ****
Info: Internal Builder is used for build
Info: Parallel threads used: 0
00:32:12 **** Incremental Build of configuration Debug for project 002_BOOTLOADER_APPLICATION ****
Info: Internal Builder is used for build
Info: Parallel threads used: 0
00:32:12 **** Incremental Build of configuration Debug for project 002_Bootloader_USER_Application ****
Info: Internal Builder is used for build
Info: Parallel threads used: 0
00:32:59 **** Incremental Build of configuration Debug for project 002_BOOTLOADER_APPLICATION ****
Info: Internal Builder is used for build
arm-atollic-eabi-gcc -c -mthumb -mcpu=cortex-m4 -mfloat-abi=hard -mfpu=fpv4-sp-d16 -std=gnu11 -DUSE_HAL_DRIVER -DSTM32F429xx -I../Core/Inc -I../Drivers/STM32F4xx_HAL_Driver/Inc -I../Drivers/STM32F4xx_HAL_Driver/Inc/Legacy -I../Drivers/CMSIS/Device/ST/STM32F4xx/Include -I../Drivers/CMSIS/Include -ffunction-sections -fdata-sections -g -fstack-usage -Wall -specs=nano.specs -o Core\Src\bootloader_command_app.o ..\Core\Src\bootloader_command_app.c 
arm-atollic-eabi-gcc -c -mthumb -mcpu=cortex-m4 -mfloat-abi=hard -mfpu=fpv4-sp-d16 -std=gnu11 -DUSE_HAL_DRIVER -DSTM32F429xx -I../Core/Inc -I../Drivers/STM32F4xx_HAL_Driver/Inc -I../Drivers/STM32F4xx_HAL_Driver/Inc/Legacy -I../Drivers/CMSIS/Device/ST/STM32F4xx/Include -I../Drivers/CMSIS/Include -ffunction-sections -fdata-sections -g -fstack-usage -Wall -specs=nano.specs -o Core\Src\main.o ..\Core\Src\main.c 
arm-atollic-eabi-gcc -o 002_BOOTLOADER_APPLICATION.elf Core\Src\bootloader_command_app.o Core\Src\main.o Core\Src\stm32f4xx_hal_msp.o Core\Src\stm32f4xx_it.o Core\Src\syscalls.o Core\Src\system_stm32f4xx.o Drivers\STM32F4xx_HAL_Driver\Src\stm32f4xx_hal.o Drivers\STM32F4xx_HAL_Driver\Src\stm32f4xx_hal_cortex.o Drivers\STM32F4xx_HAL_Driver\Src\stm32f4xx_hal_crc.o Drivers\STM32F4xx_HAL_Driver\Src\stm32f4xx_hal_dma.o Drivers\STM32F4xx_HAL_Driver\Src\stm32f4xx_hal_dma_ex.o Drivers\STM32F4xx_HAL_Driver\Src\stm32f4xx_hal_exti.o Drivers\STM32F4xx_HAL_Driver\Src\stm32f4xx_hal_flash.o Drivers\STM32F4xx_HAL_Driver\Src\stm32f4xx_hal_flash_ex.o Drivers\STM32F4xx_HAL_Driver\Src\stm32f4xx_hal_flash_ramfunc.o Drivers\STM32F4xx_HAL_Driver\Src\stm32f4xx_hal_gpio.o Drivers\STM32F4xx_HAL_Driver\Src\stm32f4xx_hal_pwr.o Drivers\STM32F4xx_HAL_Driver\Src\stm32f4xx_hal_pwr_ex.o Drivers\STM32F4xx_HAL_Driver\Src\stm32f4xx_hal_rcc.o Drivers\STM32F4xx_HAL_Driver\Src\stm32f4xx_hal_rcc_ex.o Drivers\STM32F4xx_HAL_Driver\Src\stm32f4xx_hal_tim.o Drivers\STM32F4xx_HAL_Driver\Src\stm32f4xx_hal_tim_ex.o Drivers\STM32F4xx_HAL_Driver\Src\stm32f4xx_hal_uart.o startup\startup_stm32f429xx.o -mthumb -mcpu=cortex-m4 -mfloat-abi=hard -mfpu=fpv4-sp-d16 -T../STM32F429ZI_FLASH.ld -specs=nosys.specs -static -Wl,-Map=002_BOOTLOADER_APPLICATION.map -Wl,--gc-sections -Wl,--defsym=malloc_getpagesize_P=0x80 -Wl,--start-group -lc -lm -Wl,--end-group -specs=nano.specs 
D:\TrueSTUDIO for STM32 9.3.0\ide\jre\bin\java -jar D:\TrueSTUDIO for STM32 9.3.0\Tools\arm-atollic-reports.jar sizeinfo list 002_BOOTLOADER_APPLICATION.elf 
Generate build reports...
Print size information
   text	   data	    bss	    dec	    hex	filename
  11700	    120	   1828	  13648	   3550	002_BOOTLOADER_APPLICATION.elf
Print size information done
Generate listing file
Output sent to: 002_BOOTLOADER_APPLICATION.list
Generate listing file done
Generate build reports done
arm-atollic-eabi-objcopy.exe -O ihex 002_BOOTLOADER_APPLICATION.elf 002_BOOTLOADER_APPLICATION.hex 
Info: Parallel threads used: 2
00:33:00 **** Incremental Build of configuration Debug for project 002_Bootloader_USER_Application ****
Info: Internal Builder is used for build
Info: Parallel threads used: 0
00:33:51 **** Incremental Build of configuration Debug for project 002_BOOTLOADER_APPLICATION ****
Info: Internal Builder is used for build
arm-atollic-eabi-gcc -c -mthumb -mcpu=cortex-m4 -mfloat-abi=hard -mfpu=fpv4-sp-d16 -std=gnu11 -DUSE_HAL_DRIVER -DSTM32F429xx -I../Core/Inc -I../Drivers/STM32F4xx_HAL_Driver/Inc -I../Drivers/STM32F4xx_HAL_Driver/Inc/Legacy -I../Drivers/CMSIS/Device/ST/STM32F4xx/Include -I../Drivers/CMSIS/Include -ffunction-sections -fdata-sections -g -fstack-usage -Wall -specs=nano.specs -o Core\Src\bootloader_command_app.o ..\Core\Src\bootloader_command_app.c 
arm-atollic-eabi-gcc -c -mthumb -mcpu=cortex-m4 -mfloat-abi=hard -mfpu=fpv4-sp-d16 -std=gnu11 -DUSE_HAL_DRIVER -DSTM32F429xx -I../Core/Inc -I../Drivers/STM32F4xx_HAL_Driver/Inc -I../Drivers/STM32F4xx_HAL_Driver/Inc/Legacy -I../Drivers/CMSIS/Device/ST/STM32F4xx/Include -I../Drivers/CMSIS/Include -ffunction-sections -fdata-sections -g -fstack-usage -Wall -specs=nano.specs -o Core\Src\main.o ..\Core\Src\main.c 
arm-atollic-eabi-gcc -o 002_BOOTLOADER_APPLICATION.elf Core\Src\bootloader_command_app.o Core\Src\main.o Core\Src\stm32f4xx_hal_msp.o Core\Src\stm32f4xx_it.o Core\Src\syscalls.o Core\Src\system_stm32f4xx.o Drivers\STM32F4xx_HAL_Driver\Src\stm32f4xx_hal.o Drivers\STM32F4xx_HAL_Driver\Src\stm32f4xx_hal_cortex.o Drivers\STM32F4xx_HAL_Driver\Src\stm32f4xx_hal_crc.o Drivers\STM32F4xx_HAL_Driver\Src\stm32f4xx_hal_dma.o Drivers\STM32F4xx_HAL_Driver\Src\stm32f4xx_hal_dma_ex.o Drivers\STM32F4xx_HAL_Driver\Src\stm32f4xx_hal_exti.o Drivers\STM32F4xx_HAL_Driver\Src\stm32f4xx_hal_flash.o Drivers\STM32F4xx_HAL_Driver\Src\stm32f4xx_hal_flash_ex.o Drivers\STM32F4xx_HAL_Driver\Src\stm32f4xx_hal_flash_ramfunc.o Drivers\STM32F4xx_HAL_Driver\Src\stm32f4xx_hal_gpio.o Drivers\STM32F4xx_HAL_Driver\Src\stm32f4xx_hal_pwr.o Drivers\STM32F4xx_HAL_Driver\Src\stm32f4xx_hal_pwr_ex.o Drivers\STM32F4xx_HAL_Driver\Src\stm32f4xx_hal_rcc.o Drivers\STM32F4xx_HAL_Driver\Src\stm32f4xx_hal_rcc_ex.o Drivers\STM32F4xx_HAL_Driver\Src\stm32f4xx_hal_tim.o Drivers\STM32F4xx_HAL_Driver\Src\stm32f4xx_hal_tim_ex.o Drivers\STM32F4xx_HAL_Driver\Src\stm32f4xx_hal_uart.o startup\startup_stm32f429xx.o -mthumb -mcpu=cortex-m4 -mfloat-abi=hard -mfpu=fpv4-sp-d16 -T../STM32F429ZI_FLASH.ld -specs=nosys.specs -static -Wl,-Map=002_BOOTLOADER_APPLICATION.map -Wl,--gc-sections -Wl,--defsym=malloc_getpagesize_P=0x80 -Wl,--start-group -lc -lm -Wl,--end-group -specs=nano.specs 
D:\TrueSTUDIO for STM32 9.3.0\ide\jre\bin\java -jar D:\TrueSTUDIO for STM32 9.3.0\Tools\arm-atollic-reports.jar sizeinfo list 002_BOOTLOADER_APPLICATION.elf 
Generate build reports...
Print size information
   text	   data	    bss	    dec	    hex	filename
  11700	    120	   1828	  13648	   3550	002_BOOTLOADER_APPLICATION.elf
Print size information done
Generate listing file
Output sent to: 002_BOOTLOADER_APPLICATION.list
Generate listing file done
Generate build reports done
arm-atollic-eabi-objcopy.exe -O ihex 002_BOOTLOADER_APPLICATION.elf 002_BOOTLOADER_APPLICATION.hex 
Info: Parallel threads used: 2
00:33:52 **** Incremental Build of configuration Debug for project 002_Bootloader_USER_Application ****
Info: Internal Builder is used for build
Info: Parallel threads used: 0
00:34:00 **** Incremental Build of configuration Debug for project 002_BOOTLOADER_APPLICATION ****
Info: Internal Builder is used for build
arm-atollic-eabi-gcc -c -mthumb -mcpu=cortex-m4 -mfloat-abi=hard -mfpu=fpv4-sp-d16 -std=gnu11 -DUSE_HAL_DRIVER -DSTM32F429xx -I../Core/Inc -I../Drivers/STM32F4xx_HAL_Driver/Inc -I../Drivers/STM32F4xx_HAL_Driver/Inc/Legacy -I../Drivers/CMSIS/Device/ST/STM32F4xx/Include -I../Drivers/CMSIS/Include -ffunction-sections -fdata-sections -g -fstack-usage -Wall -specs=nano.specs -o Core\Src\main.o ..\Core\Src\main.c 
arm-atollic-eabi-gcc -c -mthumb -mcpu=cortex-m4 -mfloat-abi=hard -mfpu=fpv4-sp-d16 -std=gnu11 -DUSE_HAL_DRIVER -DSTM32F429xx -I../Core/Inc -I../Drivers/STM32F4xx_HAL_Driver/Inc -I../Drivers/STM32F4xx_HAL_Driver/Inc/Legacy -I../Drivers/CMSIS/Device/ST/STM32F4xx/Include -I../Drivers/CMSIS/Include -ffunction-sections -fdata-sections -g -fstack-usage -Wall -specs=nano.specs -o Core\Src\bootloader_command_app.o ..\Core\Src\bootloader_command_app.c 
arm-atollic-eabi-gcc -o 002_BOOTLOADER_APPLICATION.elf Core\Src\bootloader_command_app.o Core\Src\main.o Core\Src\stm32f4xx_hal_msp.o Core\Src\stm32f4xx_it.o Core\Src\syscalls.o Core\Src\system_stm32f4xx.o Drivers\STM32F4xx_HAL_Driver\Src\stm32f4xx_hal.o Drivers\STM32F4xx_HAL_Driver\Src\stm32f4xx_hal_cortex.o Drivers\STM32F4xx_HAL_Driver\Src\stm32f4xx_hal_crc.o Drivers\STM32F4xx_HAL_Driver\Src\stm32f4xx_hal_dma.o Drivers\STM32F4xx_HAL_Driver\Src\stm32f4xx_hal_dma_ex.o Drivers\STM32F4xx_HAL_Driver\Src\stm32f4xx_hal_exti.o Drivers\STM32F4xx_HAL_Driver\Src\stm32f4xx_hal_flash.o Drivers\STM32F4xx_HAL_Driver\Src\stm32f4xx_hal_flash_ex.o Drivers\STM32F4xx_HAL_Driver\Src\stm32f4xx_hal_flash_ramfunc.o Drivers\STM32F4xx_HAL_Driver\Src\stm32f4xx_hal_gpio.o Drivers\STM32F4xx_HAL_Driver\Src\stm32f4xx_hal_pwr.o Drivers\STM32F4xx_HAL_Driver\Src\stm32f4xx_hal_pwr_ex.o Drivers\STM32F4xx_HAL_Driver\Src\stm32f4xx_hal_rcc.o Drivers\STM32F4xx_HAL_Driver\Src\stm32f4xx_hal_rcc_ex.o Drivers\STM32F4xx_HAL_Driver\Src\stm32f4xx_hal_tim.o Drivers\STM32F4xx_HAL_Driver\Src\stm32f4xx_hal_tim_ex.o Drivers\STM32F4xx_HAL_Driver\Src\stm32f4xx_hal_uart.o startup\startup_stm32f429xx.o -mthumb -mcpu=cortex-m4 -mfloat-abi=hard -mfpu=fpv4-sp-d16 -T../STM32F429ZI_FLASH.ld -specs=nosys.specs -static -Wl,-Map=002_BOOTLOADER_APPLICATION.map -Wl,--gc-sections -Wl,--defsym=malloc_getpagesize_P=0x80 -Wl,--start-group -lc -lm -Wl,--end-group -specs=nano.specs 
D:\TrueSTUDIO for STM32 9.3.0\ide\jre\bin\java -jar D:\TrueSTUDIO for STM32 9.3.0\Tools\arm-atollic-reports.jar sizeinfo list 002_BOOTLOADER_APPLICATION.elf 
Generate build reports...
Print size information
   text	   data	    bss	    dec	    hex	filename
  11700	    120	   1828	  13648	   3550	002_BOOTLOADER_APPLICATION.elf
Print size information done
Generate listing file
Output sent to: 002_BOOTLOADER_APPLICATION.list
Generate listing file done
Generate build reports done
arm-atollic-eabi-objcopy.exe -O ihex 002_BOOTLOADER_APPLICATION.elf 002_BOOTLOADER_APPLICATION.hex 
Info: Parallel threads used: 2
00:34:01 **** Incremental Build of configuration Debug for project 002_Bootloader_USER_Application ****
Info: Internal Builder is used for build
Info: Parallel threads used: 0
00:35:07 **** Incremental Build of configuration Debug for project 002_BOOTLOADER_APPLICATION ****
Info: Internal Builder is used for build
arm-atollic-eabi-gcc -c -mthumb -mcpu=cortex-m4 -mfloat-abi=hard -mfpu=fpv4-sp-d16 -std=gnu11 -DUSE_HAL_DRIVER -DSTM32F429xx -I../Core/Inc -I../Drivers/STM32F4xx_HAL_Driver/Inc -I../Drivers/STM32F4xx_HAL_Driver/Inc/Legacy -I../Drivers/CMSIS/Device/ST/STM32F4xx/Include -I../Drivers/CMSIS/Include -ffunction-sections -fdata-sections -g -fstack-usage -Wall -specs=nano.specs -o Core\Src\bootloader_command_app.o ..\Core\Src\bootloader_command_app.c 
..\Core\Src\bootloader_command_app.c: In function 'bootloader_get_ver_cmd':
..\Core\Src\bootloader_command_app.c:12:13: warning: unused variable 'bl_Version' [-Wunused-variable]
     uint8_t bl_Version = 0;
             ^~~~~~~~~~
arm-atollic-eabi-gcc -o 002_BOOTLOADER_APPLICATION.elf Core\Src\bootloader_command_app.o Core\Src\main.o Core\Src\stm32f4xx_hal_msp.o Core\Src\stm32f4xx_it.o Core\Src\syscalls.o Core\Src\system_stm32f4xx.o Drivers\STM32F4xx_HAL_Driver\Src\stm32f4xx_hal.o Drivers\STM32F4xx_HAL_Driver\Src\stm32f4xx_hal_cortex.o Drivers\STM32F4xx_HAL_Driver\Src\stm32f4xx_hal_crc.o Drivers\STM32F4xx_HAL_Driver\Src\stm32f4xx_hal_dma.o Drivers\STM32F4xx_HAL_Driver\Src\stm32f4xx_hal_dma_ex.o Drivers\STM32F4xx_HAL_Driver\Src\stm32f4xx_hal_exti.o Drivers\STM32F4xx_HAL_Driver\Src\stm32f4xx_hal_flash.o Drivers\STM32F4xx_HAL_Driver\Src\stm32f4xx_hal_flash_ex.o Drivers\STM32F4xx_HAL_Driver\Src\stm32f4xx_hal_flash_ramfunc.o Drivers\STM32F4xx_HAL_Driver\Src\stm32f4xx_hal_gpio.o Drivers\STM32F4xx_HAL_Driver\Src\stm32f4xx_hal_pwr.o Drivers\STM32F4xx_HAL_Driver\Src\stm32f4xx_hal_pwr_ex.o Drivers\STM32F4xx_HAL_Driver\Src\stm32f4xx_hal_rcc.o Drivers\STM32F4xx_HAL_Driver\Src\stm32f4xx_hal_rcc_ex.o Drivers\STM32F4xx_HAL_Driver\Src\stm32f4xx_hal_tim.o Drivers\STM32F4xx_HAL_Driver\Src\stm32f4xx_hal_tim_ex.o Drivers\STM32F4xx_HAL_Driver\Src\stm32f4xx_hal_uart.o startup\startup_stm32f429xx.o -mthumb -mcpu=cortex-m4 -mfloat-abi=hard -mfpu=fpv4-sp-d16 -T../STM32F429ZI_FLASH.ld -specs=nosys.specs -static -Wl,-Map=002_BOOTLOADER_APPLICATION.map -Wl,--gc-sections -Wl,--defsym=malloc_getpagesize_P=0x80 -Wl,--start-group -lc -lm -Wl,--end-group -specs=nano.specs 
D:\TrueSTUDIO for STM32 9.3.0\ide\jre\bin\java -jar D:\TrueSTUDIO for STM32 9.3.0\Tools\arm-atollic-reports.jar sizeinfo list 002_BOOTLOADER_APPLICATION.elf 
Generate build reports...
Print size information
   text	   data	    bss	    dec	    hex	filename
  11704	    120	   1828	  13652	   3554	002_BOOTLOADER_APPLICATION.elf
Print size information done
Generate listing file
Output sent to: 002_BOOTLOADER_APPLICATION.list
Generate listing file done
Generate build reports done
arm-atollic-eabi-objcopy.exe -O ihex 002_BOOTLOADER_APPLICATION.elf 002_BOOTLOADER_APPLICATION.hex 
Info: Parallel threads used: 1
00:35:08 **** Incremental Build of configuration Debug for project 002_Bootloader_USER_Application ****
Info: Internal Builder is used for build
Info: Parallel threads used: 0
00:36:11 **** Incremental Build of configuration Debug for project 002_BOOTLOADER_APPLICATION ****
Info: Internal Builder is used for build
arm-atollic-eabi-gcc -c -mthumb -mcpu=cortex-m4 -mfloat-abi=hard -mfpu=fpv4-sp-d16 -std=gnu11 -DUSE_HAL_DRIVER -DSTM32F429xx -I../Core/Inc -I../Drivers/STM32F4xx_HAL_Driver/Inc -I../Drivers/STM32F4xx_HAL_Driver/Inc/Legacy -I../Drivers/CMSIS/Device/ST/STM32F4xx/Include -I../Drivers/CMSIS/Include -ffunction-sections -fdata-sections -g -fstack-usage -Wall -specs=nano.specs -o Core\Src\bootloader_command_app.o ..\Core\Src\bootloader_command_app.c 
..\Core\Src\bootloader_command_app.c: In function 'bootloader_get_ver_cmd':
..\Core\Src\bootloader_command_app.c:13:5: warning: implicit declaration of function 'printMsg' [-Wimplicit-function-declaration]
     printMsg("BL_DEBUG_MSG: Bootloader Get Version Command Working\r\n");
     ^~~~~~~~
..\Core\Src\bootloader_command_app.c:12:13: warning: unused variable 'bl_Version' [-Wunused-variable]
     uint8_t bl_Version = 0;
             ^~~~~~~~~~
arm-atollic-eabi-gcc -o 002_BOOTLOADER_APPLICATION.elf Core\Src\bootloader_command_app.o Core\Src\main.o Core\Src\stm32f4xx_hal_msp.o Core\Src\stm32f4xx_it.o Core\Src\syscalls.o Core\Src\system_stm32f4xx.o Drivers\STM32F4xx_HAL_Driver\Src\stm32f4xx_hal.o Drivers\STM32F4xx_HAL_Driver\Src\stm32f4xx_hal_cortex.o Drivers\STM32F4xx_HAL_Driver\Src\stm32f4xx_hal_crc.o Drivers\STM32F4xx_HAL_Driver\Src\stm32f4xx_hal_dma.o Drivers\STM32F4xx_HAL_Driver\Src\stm32f4xx_hal_dma_ex.o Drivers\STM32F4xx_HAL_Driver\Src\stm32f4xx_hal_exti.o Drivers\STM32F4xx_HAL_Driver\Src\stm32f4xx_hal_flash.o Drivers\STM32F4xx_HAL_Driver\Src\stm32f4xx_hal_flash_ex.o Drivers\STM32F4xx_HAL_Driver\Src\stm32f4xx_hal_flash_ramfunc.o Drivers\STM32F4xx_HAL_Driver\Src\stm32f4xx_hal_gpio.o Drivers\STM32F4xx_HAL_Driver\Src\stm32f4xx_hal_pwr.o Drivers\STM32F4xx_HAL_Driver\Src\stm32f4xx_hal_pwr_ex.o Drivers\STM32F4xx_HAL_Driver\Src\stm32f4xx_hal_rcc.o Drivers\STM32F4xx_HAL_Driver\Src\stm32f4xx_hal_rcc_ex.o Drivers\STM32F4xx_HAL_Driver\Src\stm32f4xx_hal_tim.o Drivers\STM32F4xx_HAL_Driver\Src\stm32f4xx_hal_tim_ex.o Drivers\STM32F4xx_HAL_Driver\Src\stm32f4xx_hal_uart.o startup\startup_stm32f429xx.o -mthumb -mcpu=cortex-m4 -mfloat-abi=hard -mfpu=fpv4-sp-d16 -T../STM32F429ZI_FLASH.ld -specs=nosys.specs -static -Wl,-Map=002_BOOTLOADER_APPLICATION.map -Wl,--gc-sections -Wl,--defsym=malloc_getpagesize_P=0x80 -Wl,--start-group -lc -lm -Wl,--end-group -specs=nano.specs 
D:\TrueSTUDIO for STM32 9.3.0\ide\jre\bin\java -jar D:\TrueSTUDIO for STM32 9.3.0\Tools\arm-atollic-reports.jar sizeinfo list 002_BOOTLOADER_APPLICATION.elf 
Generate build reports...
Print size information
   text	   data	    bss	    dec	    hex	filename
  11768	    120	   1828	  13716	   3594	002_BOOTLOADER_APPLICATION.elf
Print size information done
Generate listing file
Output sent to: 002_BOOTLOADER_APPLICATION.list
Generate listing file done
Generate build reports done
arm-atollic-eabi-objcopy.exe -O ihex 002_BOOTLOADER_APPLICATION.elf 002_BOOTLOADER_APPLICATION.hex 
Info: Parallel threads used: 1
00:36:12 **** Incremental Build of configuration Debug for project 002_Bootloader_USER_Application ****
Info: Internal Builder is used for build
Info: Parallel threads used: 0
00:36:42 **** Incremental Build of configuration Debug for project 002_BOOTLOADER_APPLICATION ****
Info: Internal Builder is used for build
arm-atollic-eabi-gcc -c -mthumb -mcpu=cortex-m4 -mfloat-abi=hard -mfpu=fpv4-sp-d16 -std=gnu11 -DUSE_HAL_DRIVER -DSTM32F429xx -I../Core/Inc -I../Drivers/STM32F4xx_HAL_Driver/Inc -I../Drivers/STM32F4xx_HAL_Driver/Inc/Legacy -I../Drivers/CMSIS/Device/ST/STM32F4xx/Include -I../Drivers/CMSIS/Include -ffunction-sections -fdata-sections -g -fstack-usage -Wall -specs=nano.specs -o Core\Src\stm32f4xx_hal_msp.o ..\Core\Src\stm32f4xx_hal_msp.c 
arm-atollic-eabi-gcc -c -mthumb -mcpu=cortex-m4 -mfloat-abi=hard -mfpu=fpv4-sp-d16 -std=gnu11 -DUSE_HAL_DRIVER -DSTM32F429xx -I../Core/Inc -I../Drivers/STM32F4xx_HAL_Driver/Inc -I../Drivers/STM32F4xx_HAL_Driver/Inc/Legacy -I../Drivers/CMSIS/Device/ST/STM32F4xx/Include -I../Drivers/CMSIS/Include -ffunction-sections -fdata-sections -g -fstack-usage -Wall -specs=nano.specs -o Core\Src\main.o ..\Core\Src\main.c 
arm-atollic-eabi-gcc -c -mthumb -mcpu=cortex-m4 -mfloat-abi=hard -mfpu=fpv4-sp-d16 -std=gnu11 -DUSE_HAL_DRIVER -DSTM32F429xx -I../Core/Inc -I../Drivers/STM32F4xx_HAL_Driver/Inc -I../Drivers/STM32F4xx_HAL_Driver/Inc/Legacy -I../Drivers/CMSIS/Device/ST/STM32F4xx/Include -I../Drivers/CMSIS/Include -ffunction-sections -fdata-sections -g -fstack-usage -Wall -specs=nano.specs -o Core\Src\stm32f4xx_it.o ..\Core\Src\stm32f4xx_it.c 
In file included from ..\Core\Src\stm32f4xx_hal_msp.c:22:0:
../Core/Inc/main.h: In function 'printMsg':
../Core/Inc/main.h:40:29: error: expected declaration specifiers before '|' token
 void printMsg(char *msg,...)|
                             ^
..\Core\Src\stm32f4xx_hal_msp.c:64:1: error: expected '=', ',', ';', 'asm' or '__attribute__' before '{' token
 {
 ^
..\Core\Src\stm32f4xx_hal_msp.c:88:1: error: expected '=', ',', ';', 'asm' or '__attribute__' before '{' token
 {
 ^
..\Core\Src\stm32f4xx_hal_msp.c:110:1: error: expected '=', ',', ';', 'asm' or '__attribute__' before '{' token
 {
 ^
..\Core\Src\stm32f4xx_hal_msp.c:132:1: error: expected '=', ',', ';', 'asm' or '__attribute__' before '{' token
 {
 ^
..\Core\Src\stm32f4xx_hal_msp.c:192:1: error: expected '=', ',', ';', 'asm' or '__attribute__' before '{' token
 {
 ^
..\Core\Src\stm32f4xx_hal_msp.c:230:1: error: expected '{' at end of input
 }
 ^
arm-atollic-eabi-gcc -c -mthumb -mcpu=cortex-m4 -mfloat-abi=hard -mfpu=fpv4-sp-d16 -std=gnu11 -DUSE_HAL_DRIVER -DSTM32F429xx -I../Core/Inc -I../Drivers/STM32F4xx_HAL_Driver/Inc -I../Drivers/STM32F4xx_HAL_Driver/Inc/Legacy -I../Drivers/CMSIS/Device/ST/STM32F4xx/Include -I../Drivers/CMSIS/Include -ffunction-sections -fdata-sections -g -fstack-usage -Wall -specs=nano.specs -o Core\Src\bootloader_command_app.o ..\Core\Src\bootloader_command_app.c 
In file included from ..\Core\Src\main.c:20:0:
../Core/Inc/main.h: In function 'printMsg':
../Core/Inc/main.h:40:29: error: expected declaration specifiers before '|' token
 void printMsg(char *msg,...)|
                             ^
In file included from d:\truestudio for stm32 9.3.0\armtools\arm-atollic-eabi\include\sys\_types.h:25:0,
                 from d:\truestudio for stm32 9.3.0\armtools\arm-atollic-eabi\include\sys\reent.h:15,
                 from d:\truestudio for stm32 9.3.0\armtools\arm-atollic-eabi\include\string.h:11,
                 from ..\Core\Src\main.c:24:
Info: Parallel threads used: 3
d:\truestudio for stm32 9.3.0\armtools\arm-atollic-eabi\include\sys\lock.h:11:13: error: storage class specified for parameter '_LOCK_T'
..\Core\Src\stm32f4xx_it.c:85:1: error: expected '=', ',', ';', 'asm' or '__attribute__' before '{' token
 {
 ^
 typedef __uint64_t __fsblkcnt_t;
..\Core\Src\stm32f4xx_it.c:100:1: error: expected '=', ',', ';', 'asm' or '__attribute__' before '{' token
 {
 ^
..\Core\Src\stm32f4xx_it.c:115:1: error: expected '=', ',', ';', 'asm' or '__attribute__' before '{' token
 {
 ^
                    ^~~~~~~~~~~~
d:\truestudio for stm32 9.3.0\armtools\arm-atollic-eabi\include\sys\_types.h:40:20: error: storage class specified for parameter '__fsfilcnt_t'
d:\truestudio for stm32 9.3.0\armtools\arm-atollic-eabi\include\sys\_types.h:40:20: error: storage class specified for parameter '__fsfilcnt_t'
..\Core\Src\stm32f4xx_it.c:130:1: error: expected '=', ',', ';', 'asm' or '__attribute__' before '{' token
 typedef __uint32_t __fsfilcnt_t;
 {
                    ^~~~~~~~~~~~
 ^
d:\truestudio for stm32 9.3.0\armtools\arm-atollic-eabi\include\sys\_types.h:44:14: error: storage class specified for parameter '_off_t'
 typedef long _off_t;
              ^~~~~~
..\Core\Src\stm32f4xx_it.c:145:1: error: expected '=', ',', ';', 'asm' or '__attribute__' before '{' token
d:\truestudio for stm32 9.3.0\armtools\arm-atollic-eabi\include\sys\_types.h:50:13: error: storage class specified for parameter '__pid_t'
 {
 typedef int __pid_t;
 ^
             ^~~~~~~
d:\truestudio for stm32 9.3.0\armtools\arm-atollic-eabi\include\sys\_types.h:54:15: error: storage class specified for parameter '__dev_t'
 typedef short __dev_t;
               ^~~~~~~
d:\truestudio for stm32 9.3.0\armtools\arm-atollic-eabi\include\sys\_types.h:58:24: error: storage class specified for parameter '__uid_t'
..\Core\Src\stm32f4xx_it.c:158:1: error: expected '=', ',', ';', 'asm' or '__attribute__' before '{' token
 typedef unsigned short __uid_t;
 {
                        ^~~~~~~
 ^
..\Core\Src\stm32f4xx_it.c:171:1: error: expected '=', ',', ';', 'asm' or '__attribute__' before '{' token
..\Core\Src\stm32f4xx_it.c:171:1: error: expected '=', ',', ';', 'asm' or '__attribute__' before '{' token
d:\truestudio for stm32 9.3.0\armtools\arm-atollic-eabi\include\sys\_types.h:61:24: error: storage class specified for parameter '__gid_t'
 typedef unsigned short __gid_t;
 {
                        ^~~~~~~
d:\truestudio for stm32 9.3.0\armtools\arm-atollic-eabi\include\sys\_types.h:65:20: error: storage class specified for parameter '__id_t'
 typedef __uint32_t __id_t;
                    ^~~~~~
d:\truestudio for stm32 9.3.0\armtools\arm-atollic-eabi\include\sys\_types.h:73:24: error: storage class specified for parameter '__ino_t'
 typedef unsigned short __ino_t;
                        ^~~~~~~
d:\truestudio for stm32 9.3.0\armtools\arm-atollic-eabi\include\sys\_types.h:88:20: error: storage class specified for parameter '__mode_t'
 typedef __uint32_t __mode_t;
                    ^~~~~~~~
d:\truestudio for stm32 9.3.0\armtools\arm-atollic-eabi\include\sys\_types.h:94:1: error: expected declaration specifiers before '__extension__'
 __extension__ typedef long long _off64_t;
 ^
..\Core\Src\stm32f4xx_it.c:184:1: error: expected '=', ',', ';', 'asm' or '__attribute__' before '{' token
 {
 ^
 ^~~~~~~~~~~~~
In file included from ..\Core\Src\stm32f4xx_it.c:21:0:
../Core/Inc/main.h:40:6: error: old-style parameter declarations in prototyped function definition
 void printMsg(char *msg,...)|
      ^~~~~~~~
..\Core\Src\stm32f4xx_it.c:192:1: error: expected '{' at end of input
 }
 ^
d:\truestudio for stm32 9.3.0\armtools\arm-atollic-eabi\include\sys\_types.h:100:16: error: expected '=', ',', ';', 'asm' or '__attribute__' before '__off_t'
 typedef _off_t __off_t;
                ^~~~~~~
d:\truestudio for stm32 9.3.0\armtools\arm-atollic-eabi\include\sys\_types.h:103:9: error: unknown type name '_off64_t'
 typedef _off64_t __loff_t;
         ^~~~~~~~
d:\truestudio for stm32 9.3.0\armtools\arm-atollic-eabi\include\sys\_types.h:103:18: error: storage class specified for parameter '__loff_t'
 typedef _off64_t __loff_t;
                  ^~~~~~~~
d:\truestudio for stm32 9.3.0\armtools\arm-atollic-eabi\include\sys\_types.h:106:14: error: storage class specified for parameter '__key_t'
 typedef long __key_t;
              ^~~~~~~
d:\truestudio for stm32 9.3.0\armtools\arm-atollic-eabi\include\sys\_types.h:114:14: error: storage class specified for parameter '_fpos_t'
 typedef long _fpos_t;  /* XXX must match off_t in <sys/types.h> */
              ^~~~~~~
d:\truestudio for stm32 9.3.0\armtools\arm-atollic-eabi\include\sys\_types.h:129:23: error: storage class specified for parameter '__size_t'
 typedef __SIZE_TYPE__ __size_t;
                       ^~~~~~~~
d:\truestudio for stm32 9.3.0\armtools\arm-atollic-eabi\include\sys\_types.h:145:23: error: storage class specified for parameter '_ssize_t'
 typedef __SIZE_TYPE__ _ssize_t;
                       ^~~~~~~~
d:\truestudio for stm32 9.3.0\armtools\arm-atollic-eabi\include\sys\_types.h:156:18: error: expected '=', ',', ';', 'asm' or '__attribute__' before '__ssize_t'
 typedef _ssize_t __ssize_t;
                  ^~~~~~~~~
In file included from d:\truestudio for stm32 9.3.0\armtools\arm-atollic-eabi\include\sys\_types.h:159:0,
                 from d:\truestudio for stm32 9.3.0\armtools\arm-atollic-eabi\include\sys\reent.h:15,
                 from d:\truestudio for stm32 9.3.0\armtools\arm-atollic-eabi\include\string.h:11,
                 from ..\Core\Src\main.c:24:
00:36:43 **** Incremental Build of configuration Debug for project 002_Bootloader_USER_Application ****
Info: Internal Builder is used for build
d:\truestudio for stm32 9.3.0\armtools\lib\gcc\arm-atollic-eabi\6.3.1\include\stddef.h:357:23: error: storage class specified for parameter 'wint_t'
d:\truestudio for stm32 9.3.0\armtools\lib\gcc\arm-atollic-eabi\6.3.1\include\stddef.h:357:23: error: storage class specified for parameter 'wint_t'
In file included from ../Core/Inc/bootloader_command_app.h:10:0,
 typedef __WINT_TYPE__ wint_t;
                 from ..\Core\Src\bootloader_command_app.c:7:
                       ^~~~~~
../Core/Inc/main.h: In function 'printMsg':
In file included from d:\truestudio for stm32 9.3.0\armtools\arm-atollic-eabi\include\sys\reent.h:15:0,
In file included from d:\truestudio for stm32 9.3.0\armtools\arm-atollic-eabi\include\sys\reent.h:15:0,
../Core/Inc/main.h:40:29: error: expected declaration specifiers before '|' token
                 from d:\truestudio for stm32 9.3.0\armtools\arm-atollic-eabi\include\string.h:11,
 void printMsg(char *msg,...)|
                 from ..\Core\Src\main.c:24:
                             ^
d:\truestudio for stm32 9.3.0\armtools\arm-atollic-eabi\include\sys\_types.h:168:5: error: expected specifier-qualifier-list before 'wint_t'
..\Core\Src\bootloader_command_app.c:11:1: error: expected '=', ',', ';', 'asm' or '__attribute__' before '{' token
     wint_t __wch;
 {
     ^~~~~~
 ^
d:\truestudio for stm32 9.3.0\armtools\arm-atollic-eabi\include\sys\_types.h:171:3: error: storage class specified for parameter '_mbstate_t'
In file included from ../Core/Inc/bootloader_command_app.h:10:0,
 } _mbstate_t;
                 from ..\Core\Src\bootloader_command_app.c:7:
   ^~~~~~~~~~
../Core/Inc/main.h:40:6: error: old-style parameter declarations in prototyped function definition
d:\truestudio for stm32 9.3.0\armtools\arm-atollic-eabi\include\sys\_types.h:175:27: error: expected '=', ',', ';', 'asm' or '__attribute__' before '_flock_t'
 void printMsg(char *msg,...)|
      ^~~~~~~~
 typedef _LOCK_RECURSIVE_T _flock_t;
..\Core\Src\bootloader_command_app.c:15:1: error: expected '{' at end of input
 }
 ^
                           ^~~~~~~~
d:\truestudio for stm32 9.3.0\armtools\arm-atollic-eabi\include\sys\_types.h:180:15: error: storage class specified for parameter '_iconv_t'
 typedef void *_iconv_t;
               ^~~~~~~~
d:\truestudio for stm32 9.3.0\armtools\arm-atollic-eabi\include\sys\_types.h:184:19: error: storage class specified for parameter '__clock_t'
 typedef _CLOCK_T_ __clock_t;
                   ^~~~~~~~~
d:\truestudio for stm32 9.3.0\armtools\arm-atollic-eabi\include\sys\_types.h:187:18: error: storage class specified for parameter '__time_t'
 typedef _TIME_T_ __time_t;
                  ^~~~~~~~
d:\truestudio for stm32 9.3.0\armtools\arm-atollic-eabi\include\sys\_types.h:190:21: error: storage class specified for parameter '__clockid_t'
 typedef _CLOCKID_T_ __clockid_t;
                     ^~~~~~~~~~~
Info: Parallel threads used: 0
d:\truestudio for stm32 9.3.0\armtools\arm-atollic-eabi\include\sys\_types.h:193:19: error: storage class specified for parameter '__timer_t'
00:36:52 **** Incremental Build of configuration Debug for project 002_BOOTLOADER_APPLICATION ****
Info: Internal Builder is used for build
arm-atollic-eabi-gcc -c -mthumb -mcpu=cortex-m4 -mfloat-abi=hard -mfpu=fpv4-sp-d16 -std=gnu11 -DUSE_HAL_DRIVER -DSTM32F429xx -I../Core/Inc -I../Drivers/STM32F4xx_HAL_Driver/Inc -I../Drivers/STM32F4xx_HAL_Driver/Inc/Legacy -I../Drivers/CMSIS/Device/ST/STM32F4xx/Include -I../Drivers/CMSIS/Include -ffunction-sections -fdata-sections -g -fstack-usage -Wall -specs=nano.specs -o Core\Src\main.o ..\Core\Src\main.c 
arm-atollic-eabi-gcc -c -mthumb -mcpu=cortex-m4 -mfloat-abi=hard -mfpu=fpv4-sp-d16 -std=gnu11 -DUSE_HAL_DRIVER -DSTM32F429xx -I../Core/Inc -I../Drivers/STM32F4xx_HAL_Driver/Inc -I../Drivers/STM32F4xx_HAL_Driver/Inc/Legacy -I../Drivers/CMSIS/Device/ST/STM32F4xx/Include -I../Drivers/CMSIS/Include -ffunction-sections -fdata-sections -g -fstack-usage -Wall -specs=nano.specs -o Core\Src\stm32f4xx_it.o ..\Core\Src\stm32f4xx_it.c 
arm-atollic-eabi-gcc -c -mthumb -mcpu=cortex-m4 -mfloat-abi=hard -mfpu=fpv4-sp-d16 -std=gnu11 -DUSE_HAL_DRIVER -DSTM32F429xx -I../Core/Inc -I../Drivers/STM32F4xx_HAL_Driver/Inc -I../Drivers/STM32F4xx_HAL_Driver/Inc/Legacy -I../Drivers/CMSIS/Device/ST/STM32F4xx/Include -I../Drivers/CMSIS/Include -ffunction-sections -fdata-sections -g -fstack-usage -Wall -specs=nano.specs -o Core\Src\bootloader_command_app.o ..\Core\Src\bootloader_command_app.c 
arm-atollic-eabi-gcc -c -mthumb -mcpu=cortex-m4 -mfloat-abi=hard -mfpu=fpv4-sp-d16 -std=gnu11 -DUSE_HAL_DRIVER -DSTM32F429xx -I../Core/Inc -I../Drivers/STM32F4xx_HAL_Driver/Inc -I../Drivers/STM32F4xx_HAL_Driver/Inc/Legacy -I../Drivers/CMSIS/Device/ST/STM32F4xx/Include -I../Drivers/CMSIS/Include -ffunction-sections -fdata-sections -g -fstack-usage -Wall -specs=nano.specs -o Core\Src\stm32f4xx_hal_msp.o ..\Core\Src\stm32f4xx_hal_msp.c 
..\Core\Src\bootloader_command_app.c: In function 'bootloader_get_ver_cmd':
..\Core\Src\bootloader_command_app.c:12:13: warning: unused variable 'bl_Version' [-Wunused-variable]
     uint8_t bl_Version = 0;
             ^~~~~~~~~~
arm-atollic-eabi-gcc -o 002_BOOTLOADER_APPLICATION.elf Core\Src\bootloader_command_app.o Core\Src\main.o Core\Src\stm32f4xx_hal_msp.o Core\Src\stm32f4xx_it.o Core\Src\syscalls.o Core\Src\system_stm32f4xx.o Drivers\STM32F4xx_HAL_Driver\Src\stm32f4xx_hal.o Drivers\STM32F4xx_HAL_Driver\Src\stm32f4xx_hal_cortex.o Drivers\STM32F4xx_HAL_Driver\Src\stm32f4xx_hal_crc.o Drivers\STM32F4xx_HAL_Driver\Src\stm32f4xx_hal_dma.o Drivers\STM32F4xx_HAL_Driver\Src\stm32f4xx_hal_dma_ex.o Drivers\STM32F4xx_HAL_Driver\Src\stm32f4xx_hal_exti.o Drivers\STM32F4xx_HAL_Driver\Src\stm32f4xx_hal_flash.o Drivers\STM32F4xx_HAL_Driver\Src\stm32f4xx_hal_flash_ex.o Drivers\STM32F4xx_HAL_Driver\Src\stm32f4xx_hal_flash_ramfunc.o Drivers\STM32F4xx_HAL_Driver\Src\stm32f4xx_hal_gpio.o Drivers\STM32F4xx_HAL_Driver\Src\stm32f4xx_hal_pwr.o Drivers\STM32F4xx_HAL_Driver\Src\stm32f4xx_hal_pwr_ex.o Drivers\STM32F4xx_HAL_Driver\Src\stm32f4xx_hal_rcc.o Drivers\STM32F4xx_HAL_Driver\Src\stm32f4xx_hal_rcc_ex.o Drivers\STM32F4xx_HAL_Driver\Src\stm32f4xx_hal_tim.o Drivers\STM32F4xx_HAL_Driver\Src\stm32f4xx_hal_tim_ex.o Drivers\STM32F4xx_HAL_Driver\Src\stm32f4xx_hal_uart.o startup\startup_stm32f429xx.o -mthumb -mcpu=cortex-m4 -mfloat-abi=hard -mfpu=fpv4-sp-d16 -T../STM32F429ZI_FLASH.ld -specs=nosys.specs -static -Wl,-Map=002_BOOTLOADER_APPLICATION.map -Wl,--gc-sections -Wl,--defsym=malloc_getpagesize_P=0x80 -Wl,--start-group -lc -lm -Wl,--end-group -specs=nano.specs 
D:\TrueSTUDIO for STM32 9.3.0\ide\jre\bin\java -jar D:\TrueSTUDIO for STM32 9.3.0\Tools\arm-atollic-reports.jar sizeinfo list 002_BOOTLOADER_APPLICATION.elf 
Generate build reports...
Print size information
   text	   data	    bss	    dec	    hex	filename
  11768	    120	   1828	  13716	   3594	002_BOOTLOADER_APPLICATION.elf
Print size information done
Generate listing file
Output sent to: 002_BOOTLOADER_APPLICATION.list
Generate listing file done
Generate build reports done
arm-atollic-eabi-objcopy.exe -O ihex 002_BOOTLOADER_APPLICATION.elf 002_BOOTLOADER_APPLICATION.hex 
Info: Parallel threads used: 3
00:36:53 **** Incremental Build of configuration Debug for project 002_Bootloader_USER_Application ****
Info: Internal Builder is used for build
Info: Parallel threads used: 0
00:37:15 **** Incremental Build of configuration Debug for project 002_BOOTLOADER_APPLICATION ****
Info: Internal Builder is used for build
Info: Parallel threads used: 0
00:37:15 **** Incremental Build of configuration Debug for project 002_Bootloader_USER_Application ****
Info: Internal Builder is used for build
Info: Parallel threads used: 0
00:37:25 **** Rebuild of configuration Debug for project 002_BOOTLOADER_APPLICATION ****
Info: Internal Builder is used for build
arm-atollic-eabi-gcc -c -mthumb -mcpu=cortex-m4 -mfloat-abi=hard -mfpu=fpv4-sp-d16 -std=gnu11 -DUSE_HAL_DRIVER -DSTM32F429xx -I../Core/Inc -I../Drivers/STM32F4xx_HAL_Driver/Inc -I../Drivers/STM32F4xx_HAL_Driver/Inc/Legacy -I../Drivers/CMSIS/Device/ST/STM32F4xx/Include -I../Drivers/CMSIS/Include -ffunction-sections -fdata-sections -g -fstack-usage -Wall -specs=nano.specs -o Drivers\STM32F4xx_HAL_Driver\Src\stm32f4xx_hal_uart.o ..\Drivers\STM32F4xx_HAL_Driver\Src\stm32f4xx_hal_uart.c 
arm-atollic-eabi-gcc -c -mthumb -mcpu=cortex-m4 -mfloat-abi=hard -mfpu=fpv4-sp-d16 -std=gnu11 -DUSE_HAL_DRIVER -DSTM32F429xx -I../Core/Inc -I../Drivers/STM32F4xx_HAL_Driver/Inc -I../Drivers/STM32F4xx_HAL_Driver/Inc/Legacy -I../Drivers/CMSIS/Device/ST/STM32F4xx/Include -I../Drivers/CMSIS/Include -ffunction-sections -fdata-sections -g -fstack-usage -Wall -specs=nano.specs -o Drivers\STM32F4xx_HAL_Driver\Src\stm32f4xx_hal_cortex.o ..\Drivers\STM32F4xx_HAL_Driver\Src\stm32f4xx_hal_cortex.c 
arm-atollic-eabi-gcc -c -mthumb -mcpu=cortex-m4 -mfloat-abi=hard -mfpu=fpv4-sp-d16 -std=gnu11 -DUSE_HAL_DRIVER -DSTM32F429xx -I../Core/Inc -I../Drivers/STM32F4xx_HAL_Driver/Inc -I../Drivers/STM32F4xx_HAL_Driver/Inc/Legacy -I../Drivers/CMSIS/Device/ST/STM32F4xx/Include -I../Drivers/CMSIS/Include -ffunction-sections -fdata-sections -g -fstack-usage -Wall -specs=nano.specs -o Drivers\STM32F4xx_HAL_Driver\Src\stm32f4xx_hal_exti.o ..\Drivers\STM32F4xx_HAL_Driver\Src\stm32f4xx_hal_exti.c 
arm-atollic-eabi-gcc -c -mthumb -mcpu=cortex-m4 -mfloat-abi=hard -mfpu=fpv4-sp-d16 -std=gnu11 -DUSE_HAL_DRIVER -DSTM32F429xx -I../Core/Inc -I../Drivers/STM32F4xx_HAL_Driver/Inc -I../Drivers/STM32F4xx_HAL_Driver/Inc/Legacy -I../Drivers/CMSIS/Device/ST/STM32F4xx/Include -I../Drivers/CMSIS/Include -ffunction-sections -fdata-sections -g -fstack-usage -Wall -specs=nano.specs -o Core\Src\syscalls.o ..\Core\Src\syscalls.c 
arm-atollic-eabi-gcc -c -mthumb -mcpu=cortex-m4 -mfloat-abi=hard -mfpu=fpv4-sp-d16 -std=gnu11 -DUSE_HAL_DRIVER -DSTM32F429xx -I../Core/Inc -I../Drivers/STM32F4xx_HAL_Driver/Inc -I../Drivers/STM32F4xx_HAL_Driver/Inc/Legacy -I../Drivers/CMSIS/Device/ST/STM32F4xx/Include -I../Drivers/CMSIS/Include -ffunction-sections -fdata-sections -g -fstack-usage -Wall -specs=nano.specs -o Core\Src\system_stm32f4xx.o ..\Core\Src\system_stm32f4xx.c 
arm-atollic-eabi-gcc -c -mthumb -mcpu=cortex-m4 -mfloat-abi=hard -mfpu=fpv4-sp-d16 -std=gnu11 -DUSE_HAL_DRIVER -DSTM32F429xx -I../Core/Inc -I../Drivers/STM32F4xx_HAL_Driver/Inc -I../Drivers/STM32F4xx_HAL_Driver/Inc/Legacy -I../Drivers/CMSIS/Device/ST/STM32F4xx/Include -I../Drivers/CMSIS/Include -ffunction-sections -fdata-sections -g -fstack-usage -Wall -specs=nano.specs -o Drivers\STM32F4xx_HAL_Driver\Src\stm32f4xx_hal_pwr.o ..\Drivers\STM32F4xx_HAL_Driver\Src\stm32f4xx_hal_pwr.c 
arm-atollic-eabi-gcc -c -mthumb -mcpu=cortex-m4 -mfloat-abi=hard -mfpu=fpv4-sp-d16 -std=gnu11 -DUSE_HAL_DRIVER -DSTM32F429xx -I../Core/Inc -I../Drivers/STM32F4xx_HAL_Driver/Inc -I../Drivers/STM32F4xx_HAL_Driver/Inc/Legacy -I../Drivers/CMSIS/Device/ST/STM32F4xx/Include -I../Drivers/CMSIS/Include -ffunction-sections -fdata-sections -g -fstack-usage -Wall -specs=nano.specs -o Core\Src\bootloader_command_app.o ..\Core\Src\bootloader_command_app.c 
arm-atollic-eabi-gcc -c -mthumb -mcpu=cortex-m4 -mfloat-abi=hard -mfpu=fpv4-sp-d16 -g -Wa,--no-warn -x assembler-with-cpp -specs=nano.specs -o startup\startup_stm32f429xx.o ..\startup\startup_stm32f429xx.s 
arm-atollic-eabi-gcc -c -mthumb -mcpu=cortex-m4 -mfloat-abi=hard -mfpu=fpv4-sp-d16 -std=gnu11 -DUSE_HAL_DRIVER -DSTM32F429xx -I../Core/Inc -I../Drivers/STM32F4xx_HAL_Driver/Inc -I../Drivers/STM32F4xx_HAL_Driver/Inc/Legacy -I../Drivers/CMSIS/Device/ST/STM32F4xx/Include -I../Drivers/CMSIS/Include -ffunction-sections -fdata-sections -g -fstack-usage -Wall -specs=nano.specs -o Core\Src\main.o ..\Core\Src\main.c 
..\Core\Src\bootloader_command_app.c: In function 'bootloader_get_ver_cmd':
..\Core\Src\bootloader_command_app.c:12:13: warning: unused variable 'bl_Version' [-Wunused-variable]
     uint8_t bl_Version = 0;
             ^~~~~~~~~~
arm-atollic-eabi-gcc -c -mthumb -mcpu=cortex-m4 -mfloat-abi=hard -mfpu=fpv4-sp-d16 -std=gnu11 -DUSE_HAL_DRIVER -DSTM32F429xx -I../Core/Inc -I../Drivers/STM32F4xx_HAL_Driver/Inc -I../Drivers/STM32F4xx_HAL_Driver/Inc/Legacy -I../Drivers/CMSIS/Device/ST/STM32F4xx/Include -I../Drivers/CMSIS/Include -ffunction-sections -fdata-sections -g -fstack-usage -Wall -specs=nano.specs -o Core\Src\stm32f4xx_it.o ..\Core\Src\stm32f4xx_it.c 
arm-atollic-eabi-gcc -c -mthumb -mcpu=cortex-m4 -mfloat-abi=hard -mfpu=fpv4-sp-d16 -std=gnu11 -DUSE_HAL_DRIVER -DSTM32F429xx -I../Core/Inc -I../Drivers/STM32F4xx_HAL_Driver/Inc -I../Drivers/STM32F4xx_HAL_Driver/Inc/Legacy -I../Drivers/CMSIS/Device/ST/STM32F4xx/Include -I../Drivers/CMSIS/Include -ffunction-sections -fdata-sections -g -fstack-usage -Wall -specs=nano.specs -o Drivers\STM32F4xx_HAL_Driver\Src\stm32f4xx_hal_crc.o ..\Drivers\STM32F4xx_HAL_Driver\Src\stm32f4xx_hal_crc.c 
[...]
Core\Src\bootloader_command_app.o: In function `bl_read_sector_p_status_cmd':
D:\STM WORKSPACES\ATOLLIC WORKSPACES\Atollic-Bootloader-Examples\002_BOOTLOADER_APPLICATION\Debug/..\Core\Src/bootloader_command_app.c:523: undefined reference to `read_ob_r_w_protection_status'
collect2.exe: error: ld returned 1 exit status
Info: Parallel threads used: 1
18:35:27 **** Incremental Build of configuration Debug for project 002_BOOTLOADER_APPLICATION ****
Info: Internal Builder is used for build
arm-atollic-eabi-gcc -c -mthumb -mcpu=cortex-m4 -mfloat-abi=hard -mfpu=fpv4-sp-d16 -std=gnu11 -DUSE_HAL_DRIVER -DSTM32F429xx -I../Core/Inc -I../Drivers/STM32F4xx_HAL_Driver/Inc -I../Drivers/STM32F4xx_HAL_Driver/Inc/Legacy -I../Drivers/CMSIS/Device/ST/STM32F4xx/Include -I../Drivers/CMSIS/Include -ffunction-sections -fdata-sections -g -fstack-usage -Wall -specs=nano.specs -o Core\Src\bootloader_command_app.o ..\Core\Src\bootloader_command_app.c 
..\Core\Src\bootloader_command_app.c: In function 'bootloader_mem_write_cmd':
..\Core\Src\bootloader_command_app.c:335:16: warning: variable 'checkSum' set but not used [-Wunused-but-set-variable]
        uint8_t checkSum = 0,length = 0;
                ^~~~~~~~
..\Core\Src\bootloader_command_app.c: In function 'bl_read_sector_p_status_cmd':
..\Core\Src\bootloader_command_app.c:523:14: warning: implicit declaration of function 'read_ob_r_w_protection_status' [-Wimplicit-function-declaration]
     status = read_ob_r_w_protection_status();
              ^~~~~~~~~~~~~~~~~~~~~~~~~~~~~
..\Core\Src\bootloader_command_app.c:525:32: warning: passing argument 1 of 'bootloader_uart_write_data' from incompatible pointer type [-Wincompatible-pointer-types]
     bootloader_uart_write_data(&status,1);
                                ^
..\Core\Src\bootloader_command_app.c:44:6: note: expected 'uint8_t * {aka unsigned char *}' but argument is of type 'uint16_t * {aka short unsigned int *}'
 void bootloader_uart_write_data(uint8_t *Buffer,uint32_t length)
      ^~~~~~~~~~~~~~~~~~~~~~~~~~
arm-atollic-eabi-gcc -o 002_BOOTLOADER_APPLICATION.elf Core\Src\bootloader_command_app.o Core\Src\main.o Core\Src\stm32f4xx_hal_msp.o Core\Src\stm32f4xx_it.o Core\Src\syscalls.o Core\Src\system_stm32f4xx.o Drivers\STM32F4xx_HAL_Driver\Src\stm32f4xx_hal.o Drivers\STM32F4xx_HAL_Driver\Src\stm32f4xx_hal_cortex.o Drivers\STM32F4xx_HAL_Driver\Src\stm32f4xx_hal_crc.o Drivers\STM32F4xx_HAL_Driver\Src\stm32f4xx_hal_dma.o Drivers\STM32F4xx_HAL_Driver\Src\stm32f4xx_hal_dma_ex.o Drivers\STM32F4xx_HAL_Driver\Src\stm32f4xx_hal_exti.o Drivers\STM32F4xx_HAL_Driver\Src\stm32f4xx_hal_flash.o Drivers\STM32F4xx_HAL_Driver\Src\stm32f4xx_hal_flash_ex.o Drivers\STM32F4xx_HAL_Driver\Src\stm32f4xx_hal_flash_ramfunc.o Drivers\STM32F4xx_HAL_Driver\Src\stm32f4xx_hal_gpio.o Drivers\STM32F4xx_HAL_Driver\Src\stm32f4xx_hal_pwr.o Drivers\STM32F4xx_HAL_Driver\Src\stm32f4xx_hal_pwr_ex.o Drivers\STM32F4xx_HAL_Driver\Src\stm32f4xx_hal_rcc.o Drivers\STM32F4xx_HAL_Driver\Src\stm32f4xx_hal_rcc_ex.o Drivers\STM32F4xx_HAL_Driver\Src\stm32f4xx_hal_tim.o Drivers\STM32F4xx_HAL_Driver\Src\stm32f4xx_hal_tim_ex.o Drivers\STM32F4xx_HAL_Driver\Src\stm32f4xx_hal_uart.o startup\startup_stm32f429xx.o -mthumb -mcpu=cortex-m4 -mfloat-abi=hard -mfpu=fpv4-sp-d16 -T../STM32F429ZI_FLASH.ld -specs=nosys.specs -static -Wl,-Map=002_BOOTLOADER_APPLICATION.map -Wl,--gc-sections -Wl,--defsym=malloc_getpagesize_P=0x80 -Wl,--start-group -lc -lm -Wl,--end-group -specs=nano.specs 
Core\Src\bootloader_command_app.o: In function `bl_read_sector_p_status_cmd':
D:\STM WORKSPACES\ATOLLIC WORKSPACES\Atollic-Bootloader-Examples\002_BOOTLOADER_APPLICATION\Debug/..\Core\Src/bootloader_command_app.c:523: undefined reference to `read_ob_r_w_protection_status'
collect2.exe: error: ld returned 1 exit status
Info: Parallel threads used: 1
18:35:47 **** Incremental Build of configuration Debug for project 002_BOOTLOADER_APPLICATION ****
Info: Internal Builder is used for build
arm-atollic-eabi-gcc -c -mthumb -mcpu=cortex-m4 -mfloat-abi=hard -mfpu=fpv4-sp-d16 -std=gnu11 -DUSE_HAL_DRIVER -DSTM32F429xx -I../Core/Inc -I../Drivers/STM32F4xx_HAL_Driver/Inc -I../Drivers/STM32F4xx_HAL_Driver/Inc/Legacy -I../Drivers/CMSIS/Device/ST/STM32F4xx/Include -I../Drivers/CMSIS/Include -ffunction-sections -fdata-sections -g -fstack-usage -Wall -specs=nano.specs -o Core\Src\bootloader_command_app.o ..\Core\Src\bootloader_command_app.c 
..\Core\Src\bootloader_command_app.c: In function 'bootloader_mem_write_cmd':
..\Core\Src\bootloader_command_app.c:335:16: warning: variable 'checkSum' set but not used [-Wunused-but-set-variable]
        uint8_t checkSum = 0,length = 0;
                ^~~~~~~~
..\Core\Src\bootloader_command_app.c: In function 'bl_read_sector_p_status_cmd':
..\Core\Src\bootloader_command_app.c:523:14: warning: implicit declaration of function 'read_ob_r_w_protection_status' [-Wimplicit-function-declaration]
     status = read_ob_r_w_protection_status();
              ^~~~~~~~~~~~~~~~~~~~~~~~~~~~~
arm-atollic-eabi-gcc -o 002_BOOTLOADER_APPLICATION.elf Core\Src\bootloader_command_app.o Core\Src\main.o Core\Src\stm32f4xx_hal_msp.o Core\Src\stm32f4xx_it.o Core\Src\syscalls.o Core\Src\system_stm32f4xx.o Drivers\STM32F4xx_HAL_Driver\Src\stm32f4xx_hal.o Drivers\STM32F4xx_HAL_Driver\Src\stm32f4xx_hal_cortex.o Drivers\STM32F4xx_HAL_Driver\Src\stm32f4xx_hal_crc.o Drivers\STM32F4xx_HAL_Driver\Src\stm32f4xx_hal_dma.o Drivers\STM32F4xx_HAL_Driver\Src\stm32f4xx_hal_dma_ex.o Drivers\STM32F4xx_HAL_Driver\Src\stm32f4xx_hal_exti.o Drivers\STM32F4xx_HAL_Driver\Src\stm32f4xx_hal_flash.o Drivers\STM32F4xx_HAL_Driver\Src\stm32f4xx_hal_flash_ex.o Drivers\STM32F4xx_HAL_Driver\Src\stm32f4xx_hal_flash_ramfunc.o Drivers\STM32F4xx_HAL_Driver\Src\stm32f4xx_hal_gpio.o Drivers\STM32F4xx_HAL_Driver\Src\stm32f4xx_hal_pwr.o Drivers\STM32F4xx_HAL_Driver\Src\stm32f4xx_hal_pwr_ex.o Drivers\STM32F4xx_HAL_Driver\Src\stm32f4xx_hal_rcc.o Drivers\STM32F4xx_HAL_Driver\Src\stm32f4xx_hal_rcc_ex.o Drivers\STM32F4xx_HAL_Driver\Src\stm32f4xx_hal_tim.o Drivers\STM32F4xx_HAL_Driver\Src\stm32f4xx_hal_tim_ex.o Drivers\STM32F4xx_HAL_Driver\Src\stm32f4xx_hal_uart.o startup\startup_stm32f429xx.o -mthumb -mcpu=cortex-m4 -mfloat-abi=hard -mfpu=fpv4-sp-d16 -T../STM32F429ZI_FLASH.ld -specs=nosys.specs -static -Wl,-Map=002_BOOTLOADER_APPLICATION.map -Wl,--gc-sections -Wl,--defsym=malloc_getpagesize_P=0x80 -Wl,--start-group -lc -lm -Wl,--end-group -specs=nano.specs 
Core\Src\bootloader_command_app.o: In function `bl_read_sector_p_status_cmd':
D:\STM WORKSPACES\ATOLLIC WORKSPACES\Atollic-Bootloader-Examples\002_BOOTLOADER_APPLICATION\Debug/..\Core\Src/bootloader_command_app.c:523: undefined reference to `read_ob_r_w_protection_status'
collect2.exe: error: ld returned 1 exit status
Info: Parallel threads used: 1
18:36:16 **** Incremental Build of configuration Debug for project 002_BOOTLOADER_APPLICATION ****
Info: Internal Builder is used for build
arm-atollic-eabi-gcc -c -mthumb -mcpu=cortex-m4 -mfloat-abi=hard -mfpu=fpv4-sp-d16 -std=gnu11 -DUSE_HAL_DRIVER -DSTM32F429xx -I../Core/Inc -I../Drivers/STM32F4xx_HAL_Driver/Inc -I../Drivers/STM32F4xx_HAL_Driver/Inc/Legacy -I../Drivers/CMSIS/Device/ST/STM32F4xx/Include -I../Drivers/CMSIS/Include -ffunction-sections -fdata-sections -g -fstack-usage -Wall -specs=nano.specs -o Core\Src\bootloader_command_app.o ..\Core\Src\bootloader_command_app.c 
arm-atollic-eabi-gcc -c -mthumb -mcpu=cortex-m4 -mfloat-abi=hard -mfpu=fpv4-sp-d16 -std=gnu11 -DUSE_HAL_DRIVER -DSTM32F429xx -I../Core/Inc -I../Drivers/STM32F4xx_HAL_Driver/Inc -I../Drivers/STM32F4xx_HAL_Driver/Inc/Legacy -I../Drivers/CMSIS/Device/ST/STM32F4xx/Include -I../Drivers/CMSIS/Include -ffunction-sections -fdata-sections -g -fstack-usage -Wall -specs=nano.specs -o Core\Src\main.o ..\Core\Src\main.c 
..\Core\Src\bootloader_command_app.c: In function 'bootloader_mem_write_cmd':
..\Core\Src\bootloader_command_app.c:335:16: warning: variable 'checkSum' set but not used [-Wunused-but-set-variable]
        uint8_t checkSum = 0,length = 0;
                ^~~~~~~~
..\Core\Src\bootloader_command_app.c: In function 'read_ob_r_w_protection_status':
..\Core\Src\bootloader_command_app.c:541:1: warning: control reaches end of non-void function [-Wreturn-type]
 }
 ^
arm-atollic-eabi-gcc -o 002_BOOTLOADER_APPLICATION.elf Core\Src\bootloader_command_app.o Core\Src\main.o Core\Src\stm32f4xx_hal_msp.o Core\Src\stm32f4xx_it.o Core\Src\syscalls.o Core\Src\system_stm32f4xx.o Drivers\STM32F4xx_HAL_Driver\Src\stm32f4xx_hal.o Drivers\STM32F4xx_HAL_Driver\Src\stm32f4xx_hal_cortex.o Drivers\STM32F4xx_HAL_Driver\Src\stm32f4xx_hal_crc.o Drivers\STM32F4xx_HAL_Driver\Src\stm32f4xx_hal_dma.o Drivers\STM32F4xx_HAL_Driver\Src\stm32f4xx_hal_dma_ex.o Drivers\STM32F4xx_HAL_Driver\Src\stm32f4xx_hal_exti.o Drivers\STM32F4xx_HAL_Driver\Src\stm32f4xx_hal_flash.o Drivers\STM32F4xx_HAL_Driver\Src\stm32f4xx_hal_flash_ex.o Drivers\STM32F4xx_HAL_Driver\Src\stm32f4xx_hal_flash_ramfunc.o Drivers\STM32F4xx_HAL_Driver\Src\stm32f4xx_hal_gpio.o Drivers\STM32F4xx_HAL_Driver\Src\stm32f4xx_hal_pwr.o Drivers\STM32F4xx_HAL_Driver\Src\stm32f4xx_hal_pwr_ex.o Drivers\STM32F4xx_HAL_Driver\Src\stm32f4xx_hal_rcc.o Drivers\STM32F4xx_HAL_Driver\Src\stm32f4xx_hal_rcc_ex.o Drivers\STM32F4xx_HAL_Driver\Src\stm32f4xx_hal_tim.o Drivers\STM32F4xx_HAL_Driver\Src\stm32f4xx_hal_tim_ex.o Drivers\STM32F4xx_HAL_Driver\Src\stm32f4xx_hal_uart.o startup\startup_stm32f429xx.o -mthumb -mcpu=cortex-m4 -mfloat-abi=hard -mfpu=fpv4-sp-d16 -T../STM32F429ZI_FLASH.ld -specs=nosys.specs -static -Wl,-Map=002_BOOTLOADER_APPLICATION.map -Wl,--gc-sections -Wl,--defsym=malloc_getpagesize_P=0x80 -Wl,--start-group -lc -lm -Wl,--end-group -specs=nano.specs 
D:\TrueSTUDIO for STM32 9.3.0\ide\jre\bin\java -jar D:\TrueSTUDIO for STM32 9.3.0\Tools\arm-atollic-reports.jar sizeinfo list 002_BOOTLOADER_APPLICATION.elf 
Generate build reports...
Print size information
   text	   data	    bss	    dec	    hex	filename
  17148	    132	   2028	  19308	   4b6c	002_BOOTLOADER_APPLICATION.elf
Print size information done
Generate listing file
Output sent to: 002_BOOTLOADER_APPLICATION.list
Generate listing file done
Generate build reports done
arm-atollic-eabi-objcopy.exe -O ihex 002_BOOTLOADER_APPLICATION.elf 002_BOOTLOADER_APPLICATION.hex 
Info: Parallel threads used: 2
18:37:25 **** Incremental Build of configuration Debug for project 002_BOOTLOADER_APPLICATION ****
Info: Internal Builder is used for build
arm-atollic-eabi-gcc -c -mthumb -mcpu=cortex-m4 -mfloat-abi=hard -mfpu=fpv4-sp-d16 -std=gnu11 -DUSE_HAL_DRIVER -DSTM32F429xx -I../Core/Inc -I../Drivers/STM32F4xx_HAL_Driver/Inc -I../Drivers/STM32F4xx_HAL_Driver/Inc/Legacy -I../Drivers/CMSIS/Device/ST/STM32F4xx/Include -I../Drivers/CMSIS/Include -ffunction-sections -fdata-sections -g -fstack-usage -Wall -specs=nano.specs -o Core\Src\bootloader_command_app.o ..\Core\Src\bootloader_command_app.c 
..\Core\Src\bootloader_command_app.c: In function 'bootloader_mem_write_cmd':
..\Core\Src\bootloader_command_app.c:335:16: warning: variable 'checkSum' set but not used [-Wunused-but-set-variable]
        uint8_t checkSum = 0,length = 0;
                ^~~~~~~~
..\Core\Src\bootloader_command_app.c: In function 'read_ob_r_w_protection_status':
..\Core\Src\bootloader_command_app.c:546:1: warning: control reaches end of non-void function [-Wreturn-type]
 }
 ^
arm-atollic-eabi-gcc -o 002_BOOTLOADER_APPLICATION.elf Core\Src\bootloader_command_app.o Core\Src\main.o Core\Src\stm32f4xx_hal_msp.o Core\Src\stm32f4xx_it.o Core\Src\syscalls.o Core\Src\system_stm32f4xx.o Drivers\STM32F4xx_HAL_Driver\Src\stm32f4xx_hal.o Drivers\STM32F4xx_HAL_Driver\Src\stm32f4xx_hal_cortex.o Drivers\STM32F4xx_HAL_Driver\Src\stm32f4xx_hal_crc.o Drivers\STM32F4xx_HAL_Driver\Src\stm32f4xx_hal_dma.o Drivers\STM32F4xx_HAL_Driver\Src\stm32f4xx_hal_dma_ex.o Drivers\STM32F4xx_HAL_Driver\Src\stm32f4xx_hal_exti.o Drivers\STM32F4xx_HAL_Driver\Src\stm32f4xx_hal_flash.o Drivers\STM32F4xx_HAL_Driver\Src\stm32f4xx_hal_flash_ex.o Drivers\STM32F4xx_HAL_Driver\Src\stm32f4xx_hal_flash_ramfunc.o Drivers\STM32F4xx_HAL_Driver\Src\stm32f4xx_hal_gpio.o Drivers\STM32F4xx_HAL_Driver\Src\stm32f4xx_hal_pwr.o Drivers\STM32F4xx_HAL_Driver\Src\stm32f4xx_hal_pwr_ex.o Drivers\STM32F4xx_HAL_Driver\Src\stm32f4xx_hal_rcc.o Drivers\STM32F4xx_HAL_Driver\Src\stm32f4xx_hal_rcc_ex.o Drivers\STM32F4xx_HAL_Driver\Src\stm32f4xx_hal_tim.o Drivers\STM32F4xx_HAL_Driver\Src\stm32f4xx_hal_tim_ex.o Drivers\STM32F4xx_HAL_Driver\Src\stm32f4xx_hal_uart.o startup\startup_stm32f429xx.o -mthumb -mcpu=cortex-m4 -mfloat-abi=hard -mfpu=fpv4-sp-d16 -T../STM32F429ZI_FLASH.ld -specs=nosys.specs -static -Wl,-Map=002_BOOTLOADER_APPLICATION.map -Wl,--gc-sections -Wl,--defsym=malloc_getpagesize_P=0x80 -Wl,--start-group -lc -lm -Wl,--end-group -specs=nano.specs 
D:\TrueSTUDIO for STM32 9.3.0\ide\jre\bin\java -jar D:\TrueSTUDIO for STM32 9.3.0\Tools\arm-atollic-reports.jar sizeinfo list 002_BOOTLOADER_APPLICATION.elf 
Generate build reports...
Print size information
   text	   data	    bss	    dec	    hex	filename
  17388	    132	   2028	  19548	   4c5c	002_BOOTLOADER_APPLICATION.elf
Print size information done
Generate listing file
Output sent to: 002_BOOTLOADER_APPLICATION.list
Generate listing file done
Generate build reports done
arm-atollic-eabi-objcopy.exe -O ihex 002_BOOTLOADER_APPLICATION.elf 002_BOOTLOADER_APPLICATION.hex 
Info: Parallel threads used: 1
18:37:49 **** Incremental Build of configuration Debug for project 002_BOOTLOADER_APPLICATION ****
Info: Internal Builder is used for build
arm-atollic-eabi-gcc -c -mthumb -mcpu=cortex-m4 -mfloat-abi=hard -mfpu=fpv4-sp-d16 -std=gnu11 -DUSE_HAL_DRIVER -DSTM32F429xx -I../Core/Inc -I../Drivers/STM32F4xx_HAL_Driver/Inc -I../Drivers/STM32F4xx_HAL_Driver/Inc/Legacy -I../Drivers/CMSIS/Device/ST/STM32F4xx/Include -I../Drivers/CMSIS/Include -ffunction-sections -fdata-sections -g -fstack-usage -Wall -specs=nano.specs -o Core\Src\bootloader_command_app.o ..\Core\Src\bootloader_command_app.c 
..\Core\Src\bootloader_command_app.c: In function 'bootloader_mem_write_cmd':
..\Core\Src\bootloader_command_app.c:335:16: warning: variable 'checkSum' set but not used [-Wunused-but-set-variable]
        uint8_t checkSum = 0,length = 0;
                ^~~~~~~~
..\Core\Src\bootloader_command_app.c: In function 'read_ob_r_w_protection_status':
..\Core\Src\bootloader_command_app.c:548:1: error: expected ';' before '}' token
 }
 ^
Info: Parallel threads used: 1
18:37:52 **** Incremental Build of configuration Debug for project 002_BOOTLOADER_APPLICATION ****
Info: Internal Builder is used for build
arm-atollic-eabi-gcc -c -mthumb -mcpu=cortex-m4 -mfloat-abi=hard -mfpu=fpv4-sp-d16 -std=gnu11 -DUSE_HAL_DRIVER -DSTM32F429xx -I../Core/Inc -I../Drivers/STM32F4xx_HAL_Driver/Inc -I../Drivers/STM32F4xx_HAL_Driver/Inc/Legacy -I../Drivers/CMSIS/Device/ST/STM32F4xx/Include -I../Drivers/CMSIS/Include -ffunction-sections -fdata-sections -g -fstack-usage -Wall -specs=nano.specs -o Core\Src\bootloader_command_app.o ..\Core\Src\bootloader_command_app.c 
..\Core\Src\bootloader_command_app.c: In function 'bootloader_mem_write_cmd':
..\Core\Src\bootloader_command_app.c:335:16: warning: variable 'checkSum' set but not used [-Wunused-but-set-variable]
        uint8_t checkSum = 0,length = 0;
                ^~~~~~~~
arm-atollic-eabi-gcc -o 002_BOOTLOADER_APPLICATION.elf Core\Src\bootloader_command_app.o Core\Src\main.o Core\Src\stm32f4xx_hal_msp.o Core\Src\stm32f4xx_it.o Core\Src\syscalls.o Core\Src\system_stm32f4xx.o Drivers\STM32F4xx_HAL_Driver\Src\stm32f4xx_hal.o Drivers\STM32F4xx_HAL_Driver\Src\stm32f4xx_hal_cortex.o Drivers\STM32F4xx_HAL_Driver\Src\stm32f4xx_hal_crc.o Drivers\STM32F4xx_HAL_Driver\Src\stm32f4xx_hal_dma.o Drivers\STM32F4xx_HAL_Driver\Src\stm32f4xx_hal_dma_ex.o Drivers\STM32F4xx_HAL_Driver\Src\stm32f4xx_hal_exti.o Drivers\STM32F4xx_HAL_Driver\Src\stm32f4xx_hal_flash.o Drivers\STM32F4xx_HAL_Driver\Src\stm32f4xx_hal_flash_ex.o Drivers\STM32F4xx_HAL_Driver\Src\stm32f4xx_hal_flash_ramfunc.o Drivers\STM32F4xx_HAL_Driver\Src\stm32f4xx_hal_gpio.o Drivers\STM32F4xx_HAL_Driver\Src\stm32f4xx_hal_pwr.o Drivers\STM32F4xx_HAL_Driver\Src\stm32f4xx_hal_pwr_ex.o Drivers\STM32F4xx_HAL_Driver\Src\stm32f4xx_hal_rcc.o Drivers\STM32F4xx_HAL_Driver\Src\stm32f4xx_hal_rcc_ex.o Drivers\STM32F4xx_HAL_Driver\Src\stm32f4xx_hal_tim.o Drivers\STM32F4xx_HAL_Driver\Src\stm32f4xx_hal_tim_ex.o Drivers\STM32F4xx_HAL_Driver\Src\stm32f4xx_hal_uart.o startup\startup_stm32f429xx.o -mthumb -mcpu=cortex-m4 -mfloat-abi=hard -mfpu=fpv4-sp-d16 -T../STM32F429ZI_FLASH.ld -specs=nosys.specs -static -Wl,-Map=002_BOOTLOADER_APPLICATION.map -Wl,--gc-sections -Wl,--defsym=malloc_getpagesize_P=0x80 -Wl,--start-group -lc -lm -Wl,--end-group -specs=nano.specs 
D:\TrueSTUDIO for STM32 9.3.0\ide\jre\bin\java -jar D:\TrueSTUDIO for STM32 9.3.0\Tools\arm-atollic-reports.jar sizeinfo list 002_BOOTLOADER_APPLICATION.elf 
Generate build reports...
Print size information
   text	   data	    bss	    dec	    hex	filename
  17392	    132	   2028	  19552	   4c60	002_BOOTLOADER_APPLICATION.elf
Print size information done
Generate listing file
Output sent to: 002_BOOTLOADER_APPLICATION.list
Generate listing file done
Generate build reports done
arm-atollic-eabi-objcopy.exe -O ihex 002_BOOTLOADER_APPLICATION.elf 002_BOOTLOADER_APPLICATION.hex 
Info: Parallel threads used: 1
18:41:45 **** Incremental Build of configuration Debug for project 002_BOOTLOADER_APPLICATION ****
Info: Internal Builder is used for build
arm-atollic-eabi-gcc -c -mthumb -mcpu=cortex-m4 -mfloat-abi=hard -mfpu=fpv4-sp-d16 -std=gnu11 -DUSE_HAL_DRIVER -DSTM32F429xx -I../Core/Inc -I../Drivers/STM32F4xx_HAL_Driver/Inc -I../Drivers/STM32F4xx_HAL_Driver/Inc/Legacy -I../Drivers/CMSIS/Device/ST/STM32F4xx/Include -I../Drivers/CMSIS/Include -ffunction-sections -fdata-sections -g -fstack-usage -Wall -specs=nano.specs -o Core\Src\main.o ..\Core\Src\main.c 
arm-atollic-eabi-gcc -o 002_BOOTLOADER_APPLICATION.elf Core\Src\bootloader_command_app.o Core\Src\main.o Core\Src\stm32f4xx_hal_msp.o Core\Src\stm32f4xx_it.o Core\Src\syscalls.o Core\Src\system_stm32f4xx.o Drivers\STM32F4xx_HAL_Driver\Src\stm32f4xx_hal.o Drivers\STM32F4xx_HAL_Driver\Src\stm32f4xx_hal_cortex.o Drivers\STM32F4xx_HAL_Driver\Src\stm32f4xx_hal_crc.o Drivers\STM32F4xx_HAL_Driver\Src\stm32f4xx_hal_dma.o Drivers\STM32F4xx_HAL_Driver\Src\stm32f4xx_hal_dma_ex.o Drivers\STM32F4xx_HAL_Driver\Src\stm32f4xx_hal_exti.o Drivers\STM32F4xx_HAL_Driver\Src\stm32f4xx_hal_flash.o Drivers\STM32F4xx_HAL_Driver\Src\stm32f4xx_hal_flash_ex.o Drivers\STM32F4xx_HAL_Driver\Src\stm32f4xx_hal_flash_ramfunc.o Drivers\STM32F4xx_HAL_Driver\Src\stm32f4xx_hal_gpio.o Drivers\STM32F4xx_HAL_Driver\Src\stm32f4xx_hal_pwr.o Drivers\STM32F4xx_HAL_Driver\Src\stm32f4xx_hal_pwr_ex.o Drivers\STM32F4xx_HAL_Driver\Src\stm32f4xx_hal_rcc.o Drivers\STM32F4xx_HAL_Driver\Src\stm32f4xx_hal_rcc_ex.o Drivers\STM32F4xx_HAL_Driver\Src\stm32f4xx_hal_tim.o Drivers\STM32F4xx_HAL_Driver\Src\stm32f4xx_hal_tim_ex.o Drivers\STM32F4xx_HAL_Driver\Src\stm32f4xx_hal_uart.o startup\startup_stm32f429xx.o -mthumb -mcpu=cortex-m4 -mfloat-abi=hard -mfpu=fpv4-sp-d16 -T../STM32F429ZI_FLASH.ld -specs=nosys.specs -static -Wl,-Map=002_BOOTLOADER_APPLICATION.map -Wl,--gc-sections -Wl,--defsym=malloc_getpagesize_P=0x80 -Wl,--start-group -lc -lm -Wl,--end-group -specs=nano.specs 
D:\TrueSTUDIO for STM32 9.3.0\ide\jre\bin\java -jar D:\TrueSTUDIO for STM32 9.3.0\Tools\arm-atollic-reports.jar sizeinfo list 002_BOOTLOADER_APPLICATION.elf 
Generate build reports...
Print size information
   text	   data	    bss	    dec	    hex	filename
  17392	    132	   2028	  19552	   4c60	002_BOOTLOADER_APPLICATION.elf
Print size information done
Generate listing file
Output sent to: 002_BOOTLOADER_APPLICATION.list
Generate listing file done
Generate build reports done
arm-atollic-eabi-objcopy.exe -O ihex 002_BOOTLOADER_APPLICATION.elf 002_BOOTLOADER_APPLICATION.hex 
Info: Parallel threads used: 1
