Archive member included to satisfy reference by file (symbol)

d:/truestudio for stm32 9.3.0/armtools/bin/../lib/gcc/arm-atollic-eabi/6.3.1/../../../../arm-atollic-eabi/lib/armv7e-m/fpu\libc_nano.a(lib_a-errno.o)
                              Core\Src\syscalls.o (__errno)
d:/truestudio for stm32 9.3.0/armtools/bin/../lib/gcc/arm-atollic-eabi/6.3.1/../../../../arm-atollic-eabi/lib/armv7e-m/fpu\libc_nano.a(lib_a-impure.o)
                              d:/truestudio for stm32 9.3.0/armtools/bin/../lib/gcc/arm-atollic-eabi/6.3.1/../../../../arm-atollic-eabi/lib/armv7e-m/fpu\libc_nano.a(lib_a-errno.o) (_impure_ptr)
d:/truestudio for stm32 9.3.0/armtools/bin/../lib/gcc/arm-atollic-eabi/6.3.1/../../../../arm-atollic-eabi/lib/armv7e-m/fpu\libc_nano.a(lib_a-init.o)
                              startup\startup_stm32f429xx.o (__libc_init_array)
d:/truestudio for stm32 9.3.0/armtools/bin/../lib/gcc/arm-atollic-eabi/6.3.1/../../../../arm-atollic-eabi/lib/armv7e-m/fpu\libc_nano.a(lib_a-memset.o)
                              Core\Src\main.o (memset)
d:/truestudio for stm32 9.3.0/armtools/bin/../lib/gcc/arm-atollic-eabi/6.3.1/../../../../arm-atollic-eabi/lib/armv7e-m/fpu\libc_nano.a(lib_a-strlen.o)
                              Core\Src\bootloader_command_app.o (strlen)
d:/truestudio for stm32 9.3.0/armtools/bin/../lib/gcc/arm-atollic-eabi/6.3.1/../../../../arm-atollic-eabi/lib/armv7e-m/fpu\libc_nano.a(lib_a-vsprintf.o)
                              Core\Src\main.o (vsprintf)
d:/truestudio for stm32 9.3.0/armtools/bin/../lib/gcc/arm-atollic-eabi/6.3.1/../../../../arm-atollic-eabi/lib/armv7e-m/fpu\libc_nano.a(lib_a-nano-svfprintf.o)
                              d:/truestudio for stm32 9.3.0/armtools/bin/../lib/gcc/arm-atollic-eabi/6.3.1/../../../../arm-atollic-eabi/lib/armv7e-m/fpu\libc_nano.a(lib_a-vsprintf.o) (_svfprintf_r)
d:/truestudio for stm32 9.3.0/armtools/bin/../lib/gcc/arm-atollic-eabi/6.3.1/../../../../arm-atollic-eabi/lib/armv7e-m/fpu\libc_nano.a(lib_a-nano-vfprintf_i.o)
                              d:/truestudio for stm32 9.3.0/armtools/bin/../lib/gcc/arm-atollic-eabi/6.3.1/../../../../arm-atollic-eabi/lib/armv7e-m/fpu\libc_nano.a(lib_a-nano-svfprintf.o) (_printf_i)
d:/truestudio for stm32 9.3.0/armtools/bin/../lib/gcc/arm-atollic-eabi/6.3.1/../../../../arm-atollic-eabi/lib/armv7e-m/fpu\libc_nano.a(lib_a-memchr.o)
                              d:/truestudio for stm32 9.3.0/armtools/bin/../lib/gcc/arm-atollic-eabi/6.3.1/../../../../arm-atollic-eabi/lib/armv7e-m/fpu\libc_nano.a(lib_a-nano-svfprintf.o) (memchr)
d:/truestudio for stm32 9.3.0/armtools/bin/../lib/gcc/arm-atollic-eabi/6.3.1/../../../../arm-atollic-eabi/lib/armv7e-m/fpu\libc_nano.a(lib_a-memcpy-stub.o)
                              d:/truestudio for stm32 9.3.0/armtools/bin/../lib/gcc/arm-atollic-eabi/6.3.1/../../../../arm-atollic-eabi/lib/armv7e-m/fpu\libc_nano.a(lib_a-nano-svfprintf.o) (memcpy)
d:/truestudio for stm32 9.3.0/armtools/bin/../lib/gcc/arm-atollic-eabi/6.3.1/../../../../arm-atollic-eabi/lib/armv7e-m/fpu\libc_nano.a(lib_a-memmove.o)
                              d:/truestudio for stm32 9.3.0/armtools/bin/../lib/gcc/arm-atollic-eabi/6.3.1/../../../../arm-atollic-eabi/lib/armv7e-m/fpu\libc_nano.a(lib_a-nano-svfprintf.o) (memmove)
d:/truestudio for stm32 9.3.0/armtools/bin/../lib/gcc/arm-atollic-eabi/6.3.1/../../../../arm-atollic-eabi/lib/armv7e-m/fpu\libc_nano.a(lib_a-nano-freer.o)
                              d:/truestudio for stm32 9.3.0/armtools/bin/../lib/gcc/arm-atollic-eabi/6.3.1/../../../../arm-atollic-eabi/lib/armv7e-m/fpu\libc_nano.a(lib_a-nano-svfprintf.o) (_free_r)
d:/truestudio for stm32 9.3.0/armtools/bin/../lib/gcc/arm-atollic-eabi/6.3.1/../../../../arm-atollic-eabi/lib/armv7e-m/fpu\libc_nano.a(lib_a-nano-mallocr.o)
                              d:/truestudio for stm32 9.3.0/armtools/bin/../lib/gcc/arm-atollic-eabi/6.3.1/../../../../arm-atollic-eabi/lib/armv7e-m/fpu\libc_nano.a(lib_a-nano-svfprintf.o) (_malloc_r)
d:/truestudio for stm32 9.3.0/armtools/bin/../lib/gcc/arm-atollic-eabi/6.3.1/../../../../arm-atollic-eabi/lib/armv7e-m/fpu\libc_nano.a(lib_a-nano-reallocr.o)
                              d:/truestudio for stm32 9.3.0/armtools/bin/../lib/gcc/arm-atollic-eabi/6.3.1/../../../../arm-atollic-eabi/lib/armv7e-m/fpu\libc_nano.a(lib_a-nano-svfprintf.o) (_realloc_r)
d:/truestudio for stm32 9.3.0/armtools/bin/../lib/gcc/arm-atollic-eabi/6.3.1/../../../../arm-atollic-eabi/lib/armv7e-m/fpu\libc_nano.a(lib_a-sbrkr.o)
                              d:/truestudio for stm32 9.3.0/armtools/bin/../lib/gcc/arm-atollic-eabi/6.3.1/../../../../arm-atollic-eabi/lib/armv7e-m/fpu\libc_nano.a(lib_a-nano-mallocr.o) (_sbrk_r)
d:/truestudio for stm32 9.3.0/armtools/bin/../lib/gcc/arm-atollic-eabi/6.3.1/../../../../arm-atollic-eabi/lib/armv7e-m/fpu\libc_nano.a(lib_a-mlock.o)
[...]
Memory Configuration

Name             Origin             Length             Attributes
RAM              0x20000000         0x00030000         xrw
CCMRAM           0x10000000         0x00010000         xrw
FLASH            0x08000000         0x00200000         xr
*default*        0x00000000         0xffffffff

Linker script and memory map

LOAD d:/truestudio for stm32 9.3.0/armtools/bin/../lib/gcc/arm-atollic-eabi/6.3.1/armv7e-m/fpu/crti.o
LOAD d:/truestudio for stm32 9.3.0/armtools/bin/../lib/gcc/arm-atollic-eabi/6.3.1/armv7e-m/fpu/crtbegin.o
LOAD Core\Src\bootloader_command_app.o
LOAD Core\Src\main.o
LOAD Core\Src\stm32f4xx_hal_msp.o
LOAD Core\Src\stm32f4xx_it.o
LOAD Core\Src\syscalls.o
LOAD Core\Src\system_stm32f4xx.o
LOAD Drivers\STM32F4xx_HAL_Driver\Src\stm32f4xx_hal.o
LOAD Drivers\STM32F4xx_HAL_Driver\Src\stm32f4xx_hal_cortex.o
LOAD Drivers\STM32F4xx_HAL_Driver\Src\stm32f4xx_hal_crc.o
LOAD Drivers\STM32F4xx_HAL_Driver\Src\stm32f4xx_hal_dma.o
LOAD Drivers\STM32F4xx_HAL_Driver\Src\stm32f4xx_hal_dma_ex.o
LOAD Drivers\STM32F4xx_HAL_Driver\Src\stm32f4xx_hal_exti.o
LOAD Drivers\STM32F4xx_HAL_Driver\Src\stm32f4xx_hal_flash.o
LOAD Drivers\STM32F4xx_HAL_Driver\Src\stm32f4xx_hal_flash_ex.o
LOAD Drivers\STM32F4xx_HAL_Driver\Src\stm32f4xx_hal_flash_ramfunc.o
LOAD Drivers\STM32F4xx_HAL_Driver\Src\stm32f4xx_hal_gpio.o
LOAD Drivers\STM32F4xx_HAL_Driver\Src\stm32f4xx_hal_pwr.o
LOAD Drivers\STM32F4xx_HAL_Driver\Src\stm32f4xx_hal_pwr_ex.o
LOAD Drivers\STM32F4xx_HAL_Driver\Src\stm32f4xx_hal_rcc.o
LOAD Drivers\STM32F4xx_HAL_Driver\Src\stm32f4xx_hal_rcc_ex.o
LOAD Drivers\STM32F4xx_HAL_Driver\Src\stm32f4xx_hal_tim.o
LOAD Drivers\STM32F4xx_HAL_Driver\Src\stm32f4xx_hal_tim_ex.o
LOAD Drivers\STM32F4xx_HAL_Driver\Src\stm32f4xx_hal_uart.o
LOAD startup\startup_stm32f429xx.o
                0x00000080                malloc_getpagesize_P = 0x80
START GROUP
LOAD d:/truestudio for stm32 9.3.0/armtools/bin/../lib/gcc/arm-atollic-eabi/6.3.1/../../../../arm-atollic-eabi/lib/armv7e-m/fpu\libc_nano.a
LOAD d:/truestudio for stm32 9.3.0/armtools/bin/../lib/gcc/arm-atollic-eabi/6.3.1/../../../../arm-atollic-eabi/lib/armv7e-m/fpu\libm.a
END GROUP
START GROUP
LOAD d:/truestudio for stm32 9.3.0/armtools/bin/../lib/gcc/arm-atollic-eabi/6.3.1/armv7e-m/fpu\libgcc.a
LOAD d:/truestudio for stm32 9.3.0/armtools/bin/../lib/gcc/arm-atollic-eabi/6.3.1/../../../../arm-atollic-eabi/lib/armv7e-m/fpu\libc_nano.a
END GROUP
START GROUP
LOAD d:/truestudio for stm32 9.3.0/armtools/bin/../lib/gcc/arm-atollic-eabi/6.3.1/armv7e-m/fpu\libgcc.a
LOAD d:/truestudio for stm32 9.3.0/armtools/bin/../lib/gcc/arm-atollic-eabi/6.3.1/../../../../arm-atollic-eabi/lib/armv7e-m/fpu\libc_nano.a
LOAD d:/truestudio for stm32 9.3.0/armtools/bin/../lib/gcc/arm-atollic-eabi/6.3.1/../../../../arm-atollic-eabi/lib/armv7e-m/fpu\libnosys.a
END GROUP
START GROUP
LOAD d:/truestudio for stm32 9.3.0/armtools/bin/../lib/gcc/arm-atollic-eabi/6.3.1/armv7e-m/fpu\libgcc.a
LOAD d:/truestudio for stm32 9.3.0/armtools/bin/../lib/gcc/arm-atollic-eabi/6.3.1/../../../../arm-atollic-eabi/lib/armv7e-m/fpu\libc_nano.a
LOAD d:/truestudio for stm32 9.3.0/armtools/bin/../lib/gcc/arm-atollic-eabi/6.3.1/../../../../arm-atollic-eabi/lib/armv7e-m/fpu\libnosys.a
END GROUP
LOAD d:/truestudio for stm32 9.3.0/armtools/bin/../lib/gcc/arm-atollic-eabi/6.3.1/armv7e-m/fpu/crtend.o
LOAD d:/truestudio for stm32 9.3.0/armtools/bin/../lib/gcc/arm-atollic-eabi/6.3.1/armv7e-m/fpu/crtn.o
                0x20030000                _estack = (ORIGIN (RAM) + LENGTH (RAM))
                0x00000200                _Min_Heap_Size = 0x200
                0x00000400                _Min_Stack_Size = 0x400

.isr_vector     0x08000000      0x1ac
                0x08000000                . = ALIGN (0x4)
 *(.isr_vector)
 .isr_vector    0x08000000      0x1ac startup\startup_stm32f429xx.o
                0x08000000                g_pfnVectors
                0x080001ac                . = ALIGN (0x4)

.text           0x080001b0     0x3ce0
                0x080001b0                . = ALIGN (0x4)
 *(.text)
 .text          0x080001b0       0x40 d:/truestudio for stm32 9.3.0/armtools/bin/../lib/gcc/arm-atollic-eabi/6.3.1/armv7e-m/fpu/crtbegin.o
 .text          0x080001f0       0x10 d:/truestudio for stm32 9.3.0/armtools/bin/../lib/gcc/arm-atollic-eabi/6.3.1/../../../../arm-atollic-eabi/lib/armv7e-m/fpu\libc_nano.a(lib_a-strlen.o)
                0x080001f0                strlen
 .text          0x08000200       0xa0 d:/truestudio for stm32 9.3.0/armtools/bin/../lib/gcc/arm-atollic-eabi/6.3.1/../../../../arm-atollic-eabi/lib/armv7e-m/fpu\libc_nano.a(lib_a-memchr.o)
                0x08000200                memchr
 .text          0x080002a0       0x30 d:/truestudio for stm32 9.3.0/armtools/bin/../lib/gcc/arm-atollic-eabi/6.3.1/armv7e-m/fpu\libgcc.a(_aeabi_uldivmod.o)
                0x080002a0                __aeabi_uldivmod
 .text          0x080002d0      0x2dc d:/truestudio for stm32 9.3.0/armtools/bin/../lib/gcc/arm-atollic-eabi/6.3.1/armv7e-m/fpu\libgcc.a(_udivmoddi4.o)
                0x080002d0                __udivmoddi4
 .text          0x080005ac        0x4 d:/truestudio for stm32 9.3.0/armtools/bin/../lib/gcc/arm-atollic-eabi/6.3.1/armv7e-m/fpu\libgcc.a(_dvmd_tls.o)
                0x080005ac                __aeabi_idiv0
                0x080005ac                __aeabi_ldiv0
 *(.text*)
 .text.bootloader_verify_crc
                0x080005b0       0x6c Core\Src\bootloader_command_app.o
                0x080005b0                bootloader_verify_crc
 .text.bootloader_send_ack
                0x0800061c       0x30 Core\Src\bootloader_command_app.o
                0x0800061c                bootloader_send_ack
 .text.bootloader_send_nack
                0x0800064c       0x24 Core\Src\bootloader_command_app.o
                0x0800064c                bootloader_send_nack
 .text.bootloader_uart_write_data
                0x08000670       0x28 Core\Src\bootloader_command_app.o
                0x08000670                bootloader_uart_write_data
 .text.bootloader_get_version
                0x08000698       0x10 Core\Src\bootloader_command_app.o
                0x08000698                bootloader_get_version
 .text.bootloader_get_ver_cmd
                0x080006a8       0x88 Core\Src\bootloader_command_app.o
                0x080006a8                bootloader_get_ver_cmd
 .text.bootloader_get_help_cmd
                0x08000730       0x80 Core\Src\bootloader_command_app.o
                0x08000730                bootloader_get_help_cmd
 .text.bootloader_get_cid_cmd
                0x080007b0       0x8c Core\Src\bootloader_command_app.o
                0x080007b0                bootloader_get_cid_cmd
 .text.get_mcu_chip_id
                0x0800083c       0x24 Core\Src\bootloader_command_app.o
                0x0800083c                get_mcu_chip_id
 .text.bootloader_get_rdp_cmd
                0x08000860       0x8c Core\Src\bootloader_command_app.o
                0x08000860                bootloader_get_rdp_cmd
 .text.get_flash_rdp_level
                0x080008ec       0x28 Core\Src\bootloader_command_app.o
                0x080008ec                get_flash_rdp_level
 .text.bootloader_go_to_addr_cmd
                0x08000914       0xcc Core\Src\bootloader_command_app.o
                0x08000914                bootloader_go_to_addr_cmd
 .text.bootloader_verify_addr
                0x080009e0       0xb4 Core\Src\bootloader_command_app.o
                0x080009e0                bootloader_verify_addr
 .text.bootloader_flash_erase_cmd
                0x08000a94       0xb4 Core\Src\bootloader_command_app.o
                0x08000a94                bootloader_flash_erase_cmd
 .text.execute_flash_erase
                0x08000b48       0xa8 Core\Src\bootloader_command_app.o
                0x08000b48                execute_flash_erase
 .text.bootloader_mem_write_cmd
                0x08000bf0       0xe8 Core\Src\bootloader_command_app.o
                0x08000bf0                bootloader_mem_write_cmd
 .text.execute_mem_write
                0x08000cd8       0x58 Core\Src\bootloader_command_app.o
                0x08000cd8                execute_mem_write
 .text.bootloader_en_rw_protect_cmd
                0x08000d30       0x98 Core\Src\bootloader_command_app.o
                0x08000d30                bootloader_en_rw_protect_cmd
 .text.bootloader_dis_rw_protect_cmd
                0x08000dc8       0x90 Core\Src\bootloader_command_app.o
                0x08000dc8                bootloader_dis_rw_protect_cmd
 .text.configure_flash_sector_r_w_protection
                0x08000e58      0x104 Core\Src\bootloader_command_app.o
                0x08000e58                configure_flash_sector_r_w_protection
 .text.bl_read_sector_p_status_cmd
                0x08000f5c       0x88 Core\Src\bootloader_command_app.o
                0x08000f5c                bl_read_sector_p_status_cmd
 .text.read_ob_r_w_protection_status
                0x08000fe4       0x22 Core\Src\bootloader_command_app.o
                0x08000fe4                read_ob_r_w_protection_status
 *fill*         0x08001006        0x2 
 .text.main     0x08001008       0x50 Core\Src\main.o
                0x08001008                main
 .text.SystemClock_Config
                0x08001058       0xe0 Core\Src\main.o
                0x08001058                SystemClock_Config
 .text.MX_CRC_Init
                0x08001138       0x28 Core\Src\main.o
 .text.MX_USART1_UART_Init
                0x08001160       0x54 Core\Src\main.o
 .text.MX_USART3_UART_Init
                0x080011b4       0x54 Core\Src\main.o
 .text.MX_GPIO_Init
                0x08001208       0xc0 Core\Src\main.o
 .text.printMsg
                0x080012c8       0x44 Core\Src\main.o
                0x080012c8                printMsg
 .text.Bootloader_UART_Read_Data
                0x0800130c       0xdc Core\Src\main.o
                0x0800130c                Bootloader_UART_Read_Data
 .text.Bootloader_Jump_TO_User_Application
                0x080013e8       0x58 Core\Src\main.o
                0x080013e8                Bootloader_Jump_TO_User_Application
 .text.Error_Handler
                0x08001440        0x8 Core\Src\main.o
                0x08001440                Error_Handler
 .text.HAL_MspInit
                0x08001448       0x50 Core\Src\stm32f4xx_hal_msp.o
                0x08001448                HAL_MspInit
 .text.HAL_CRC_MspInit
                0x08001498       0x44 Core\Src\stm32f4xx_hal_msp.o
                0x08001498                HAL_CRC_MspInit
 .text.HAL_UART_MspInit
                0x080014dc      0x100 Core\Src\stm32f4xx_hal_msp.o
                0x080014dc                HAL_UART_MspInit
 .text.NMI_Handler
                0x080015dc        0x6 Core\Src\stm32f4xx_it.o
                0x080015dc                NMI_Handler
 .text.HardFault_Handler
                0x080015e2        0x6 Core\Src\stm32f4xx_it.o
                0x080015e2                HardFault_Handler
 .text.MemManage_Handler
                0x080015e8        0x6 Core\Src\stm32f4xx_it.o
                0x080015e8                MemManage_Handler
 .text.BusFault_Handler
                0x080015ee        0x6 Core\Src\stm32f4xx_it.o
                0x080015ee                BusFault_Handler
 .text.UsageFault_Handler
                0x080015f4        0x6 Core\Src\stm32f4xx_it.o
                0x080015f4                UsageFault_Handler
 .text.SVC_Handler
                0x080015fa        0xe Core\Src\stm32f4xx_it.o
                0x080015fa                SVC_Handler
 .text.DebugMon_Handler
                0x08001608        0xe Core\Src\stm32f4xx_it.o
                0x08001608                DebugMon_Handler
 .text.PendSV_Handler
                0x08001616        0xe Core\Src\stm32f4xx_it.o
                0x08001616                PendSV_Handler
 .text.SysTick_Handler
                0x08001624        0xc Core\Src\stm32f4xx_it.o
                0x08001624                SysTick_Handler
 .text._sbrk    0x08001630       0x58 Core\Src\syscalls.o
                0x08001630                _sbrk
 .text.SystemInit
                0x08001688       0x24 Core\Src\system_stm32f4xx.o
                0x08001688                SystemInit
 .text.HAL_Init
                0x080016ac       0x44 Drivers\STM32F4xx_HAL_Driver\Src\stm32f4xx_hal.o
                0x080016ac                HAL_Init
 .text.HAL_InitTick
                0x080016f0       0x60 Drivers\STM32F4xx_HAL_Driver\Src\stm32f4xx_hal.o
                0x080016f0                HAL_InitTick
 .text.HAL_IncTick
                0x08001750       0x28 Drivers\STM32F4xx_HAL_Driver\Src\stm32f4xx_hal.o
                0x08001750                HAL_IncTick
 .text.HAL_GetTick
                0x08001778       0x18 Drivers\STM32F4xx_HAL_Driver\Src\stm32f4xx_hal.o
                0x08001778                HAL_GetTick
 .text.__NVIC_SetPriorityGrouping
                0x08001790       0x48 Drivers\STM32F4xx_HAL_Driver\Src\stm32f4xx_hal_cortex.o
 .text.__NVIC_GetPriorityGrouping
                0x080017d8       0x1c Drivers\STM32F4xx_HAL_Driver\Src\stm32f4xx_hal_cortex.o
 .text.__NVIC_SetPriority
                0x080017f4       0x54 Drivers\STM32F4xx_HAL_Driver\Src\stm32f4xx_hal_cortex.o
 .text.NVIC_EncodePriority
                0x08001848       0x62 Drivers\STM32F4xx_HAL_Driver\Src\stm32f4xx_hal_cortex.o
 *fill*         0x080018aa        0x2 
 .text.SysTick_Config
                0x080018ac       0x44 Drivers\STM32F4xx_HAL_Driver\Src\stm32f4xx_hal_cortex.o
 .text.HAL_NVIC_SetPriorityGrouping
                0x080018f0       0x16 Drivers\STM32F4xx_HAL_Driver\Src\stm32f4xx_hal_cortex.o
                0x080018f0                HAL_NVIC_SetPriorityGrouping
 .text.HAL_NVIC_SetPriority
                0x08001906       0x38 Drivers\STM32F4xx_HAL_Driver\Src\stm32f4xx_hal_cortex.o
                0x08001906                HAL_NVIC_SetPriority
 .text.HAL_SYSTICK_Config
                0x0800193e       0x18 Drivers\STM32F4xx_HAL_Driver\Src\stm32f4xx_hal_cortex.o
                0x0800193e                HAL_SYSTICK_Config
 .text.HAL_CRC_Init
                0x08001956       0x38 Drivers\STM32F4xx_HAL_Driver\Src\stm32f4xx_hal_crc.o
                0x08001956                HAL_CRC_Init
 .text.HAL_CRC_Accumulate
                0x0800198e       0x56 Drivers\STM32F4xx_HAL_Driver\Src\stm32f4xx_hal_crc.o
                0x0800198e                HAL_CRC_Accumulate
 .text.HAL_FLASH_Program
                0x080019e4       0xa8 Drivers\STM32F4xx_HAL_Driver\Src\stm32f4xx_hal_flash.o
                0x080019e4                HAL_FLASH_Program
 .text.HAL_FLASH_Unlock
                0x08001a8c       0x44 Drivers\STM32F4xx_HAL_Driver\Src\stm32f4xx_hal_flash.o
                0x08001a8c                HAL_FLASH_Unlock
 .text.HAL_FLASH_Lock
                0x08001ad0       0x20 Drivers\STM32F4xx_HAL_Driver\Src\stm32f4xx_hal_flash.o
                0x08001ad0                HAL_FLASH_Lock
 .text.HAL_FLASH_OB_Unlock
                0x08001af0       0x38 Drivers\STM32F4xx_HAL_Driver\Src\stm32f4xx_hal_flash.o
                0x08001af0                HAL_FLASH_OB_Unlock
 .text.HAL_FLASH_OB_Lock
                0x08001b28       0x20 Drivers\STM32F4xx_HAL_Driver\Src\stm32f4xx_hal_flash.o
                0x08001b28                HAL_FLASH_OB_Lock
 .text.FLASH_WaitForLastOperation
                0x08001b48       0x80 Drivers\STM32F4xx_HAL_Driver\Src\stm32f4xx_hal_flash.o
                0x08001b48                FLASH_WaitForLastOperation
 .text.FLASH_Program_DoubleWord
                0x08001bc8       0x5c Drivers\STM32F4xx_HAL_Driver\Src\stm32f4xx_hal_flash.o
 .text.FLASH_Program_Word
                0x08001c24       0x44 Drivers\STM32F4xx_HAL_Driver\Src\stm32f4xx_hal_flash.o
 .text.FLASH_Program_HalfWord
                0x08001c68       0x48 Drivers\STM32F4xx_HAL_Driver\Src\stm32f4xx_hal_flash.o
 .text.FLASH_Program_Byte
                0x08001cb0       0x44 Drivers\STM32F4xx_HAL_Driver\Src\stm32f4xx_hal_flash.o
 .text.FLASH_SetErrorCode
                0x08001cf4       0xcc Drivers\STM32F4xx_HAL_Driver\Src\stm32f4xx_hal_flash.o
 .text.HAL_FLASHEx_Erase
                0x08001dc0       0xe4 Drivers\STM32F4xx_HAL_Driver\Src\stm32f4xx_hal_flash_ex.o
                0x08001dc0                HAL_FLASHEx_Erase
 .text.HAL_FLASHEx_OBGetConfig
                0x08001ea4       0x46 Drivers\STM32F4xx_HAL_Driver\Src\stm32f4xx_hal_flash_ex.o
                0x08001ea4                HAL_FLASHEx_OBGetConfig
 *fill*         0x08001eea        0x2 
 .text.FLASH_MassErase
                0x08001eec       0x74 Drivers\STM32F4xx_HAL_Driver\Src\stm32f4xx_hal_flash_ex.o
 .text.FLASH_Erase_Sector
                0x08001f60       0x9c Drivers\STM32F4xx_HAL_Driver\Src\stm32f4xx_hal_flash_ex.o
                0x08001f60                FLASH_Erase_Sector
 .text.FLASH_OB_GetUser
                0x08001ffc       0x20 Drivers\STM32F4xx_HAL_Driver\Src\stm32f4xx_hal_flash_ex.o
 .text.FLASH_OB_GetWRP
                0x0800201c       0x18 Drivers\STM32F4xx_HAL_Driver\Src\stm32f4xx_hal_flash_ex.o
 .text.FLASH_OB_GetRDP
                0x08002034       0x40 Drivers\STM32F4xx_HAL_Driver\Src\stm32f4xx_hal_flash_ex.o
 .text.FLASH_OB_GetBOR
                0x08002074       0x20 Drivers\STM32F4xx_HAL_Driver\Src\stm32f4xx_hal_flash_ex.o
 .text.FLASH_FlushCaches
                0x08002094       0x8c Drivers\STM32F4xx_HAL_Driver\Src\stm32f4xx_hal_flash_ex.o
                0x08002094                FLASH_FlushCaches
 .text.HAL_GPIO_Init
                0x08002120      0x354 Drivers\STM32F4xx_HAL_Driver\Src\stm32f4xx_hal_gpio.o
                0x08002120                HAL_GPIO_Init
 .text.HAL_GPIO_ReadPin
                0x08002474       0x30 Drivers\STM32F4xx_HAL_Driver\Src\stm32f4xx_hal_gpio.o
                0x08002474                HAL_GPIO_ReadPin
 .text.HAL_GPIO_WritePin
                0x080024a4       0x32 Drivers\STM32F4xx_HAL_Driver\Src\stm32f4xx_hal_gpio.o
                0x080024a4                HAL_GPIO_WritePin
 *fill*         0x080024d6        0x2 
 .text.HAL_PWREx_EnableOverDrive
                0x080024d8       0xa0 Drivers\STM32F4xx_HAL_Driver\Src\stm32f4xx_hal_pwr_ex.o
                0x080024d8                HAL_PWREx_EnableOverDrive
 .text.HAL_RCC_OscConfig
                0x08002578      0x4f0 Drivers\STM32F4xx_HAL_Driver\Src\stm32f4xx_hal_rcc.o
                0x08002578                HAL_RCC_OscConfig
 .text.HAL_RCC_ClockConfig
                0x08002a68      0x1cc Drivers\STM32F4xx_HAL_Driver\Src\stm32f4xx_hal_rcc.o
                0x08002a68                HAL_RCC_ClockConfig
 .text.HAL_RCC_GetSysClockFreq
                0x08002c34      0x1b0 Drivers\STM32F4xx_HAL_Driver\Src\stm32f4xx_hal_rcc.o
                0x08002c34                HAL_RCC_GetSysClockFreq
 .text.HAL_RCC_GetHCLKFreq
                0x08002de4       0x18 Drivers\STM32F4xx_HAL_Driver\Src\stm32f4xx_hal_rcc.o
                0x08002de4                HAL_RCC_GetHCLKFreq
 .text.HAL_RCC_GetPCLK1Freq
                0x08002dfc       0x28 Drivers\STM32F4xx_HAL_Driver\Src\stm32f4xx_hal_rcc.o
                0x08002dfc                HAL_RCC_GetPCLK1Freq
 .text.HAL_RCC_GetPCLK2Freq
                0x08002e24       0x28 Drivers\STM32F4xx_HAL_Driver\Src\stm32f4xx_hal_rcc.o
                0x08002e24                HAL_RCC_GetPCLK2Freq
 .text.HAL_UART_Init
                0x08002e4c       0x9a Drivers\STM32F4xx_HAL_Driver\Src\stm32f4xx_hal_uart.o
                0x08002e4c                HAL_UART_Init
 .text.HAL_UART_Transmit
                0x08002ee6      0x122 Drivers\STM32F4xx_HAL_Driver\Src\stm32f4xx_hal_uart.o
                0x08002ee6                HAL_UART_Transmit
 .text.HAL_UART_Receive
                0x08003008      0x144 Drivers\STM32F4xx_HAL_Driver\Src\stm32f4xx_hal_uart.o
                0x08003008                HAL_UART_Receive
 .text.UART_WaitOnFlagUntilTimeout
                0x0800314c       0xdc Drivers\STM32F4xx_HAL_Driver\Src\stm32f4xx_hal_uart.o
 .text.UART_SetConfig
                0x08003228      0x360 Drivers\STM32F4xx_HAL_Driver\Src\stm32f4xx_hal_uart.o
 .text.Reset_Handler
                0x08003588       0x50 startup\startup_stm32f429xx.o
                0x08003588                Reset_Handler
 .text.Default_Handler
                0x080035d8        0x2 startup\startup_stm32f429xx.o
                0x080035d8                RTC_Alarm_IRQHandler
                0x080035d8                HASH_RNG_IRQHandler
                0x080035d8                EXTI2_IRQHandler
                0x080035d8                TIM8_CC_IRQHandler
                0x080035d8                UART8_IRQHandler
                0x080035d8                SPI4_IRQHandler
                0x080035d8                TIM1_CC_IRQHandler
                0x080035d8                DMA2_Stream5_IRQHandler
                0x080035d8                DMA1_Stream5_IRQHandler
                0x080035d8                PVD_IRQHandler
                0x080035d8                SDIO_IRQHandler
                0x080035d8                TAMP_STAMP_IRQHandler
                0x080035d8                CAN2_RX1_IRQHandler
                0x080035d8                EXTI3_IRQHandler
                0x080035d8                TIM8_TRG_COM_TIM14_IRQHandler
                0x080035d8                TIM1_UP_TIM10_IRQHandler
                0x080035d8                TIM8_UP_TIM13_IRQHandler
                0x080035d8                I2C3_ER_IRQHandler
                0x080035d8                EXTI0_IRQHandler
                0x080035d8                I2C2_EV_IRQHandler
                0x080035d8                DMA1_Stream2_IRQHandler
                0x080035d8                CAN1_RX0_IRQHandler
                0x080035d8                FPU_IRQHandler
                0x080035d8                OTG_HS_WKUP_IRQHandler
                0x080035d8                LTDC_ER_IRQHandler
                0x080035d8                CAN2_SCE_IRQHandler
                0x080035d8                DMA2_Stream2_IRQHandler
                0x080035d8                SPI1_IRQHandler
                0x080035d8                TIM6_DAC_IRQHandler
                0x080035d8                TIM1_BRK_TIM9_IRQHandler
                0x080035d8                DCMI_IRQHandler
                0x080035d8                CAN2_RX0_IRQHandler
                0x080035d8                DMA2_Stream3_IRQHandler
                0x080035d8                USART6_IRQHandler
                0x080035d8                USART3_IRQHandler
                0x080035d8                CAN1_RX1_IRQHandler
                0x080035d8                UART5_IRQHandler
                0x080035d8                DMA2_Stream0_IRQHandler
                0x080035d8                TIM4_IRQHandler
                0x080035d8                I2C1_EV_IRQHandler
                0x080035d8                DMA1_Stream6_IRQHandler
                0x080035d8                DMA1_Stream1_IRQHandler
                0x080035d8                UART4_IRQHandler
                0x080035d8                TIM3_IRQHandler
                0x080035d8                RCC_IRQHandler
                0x080035d8                TIM8_BRK_TIM12_IRQHandler
                0x080035d8                Default_Handler
                0x080035d8                EXTI15_10_IRQHandler
                0x080035d8                ADC_IRQHandler
                0x080035d8                DMA1_Stream7_IRQHandler
                0x080035d8                SPI5_IRQHandler
                0x080035d8                TIM7_IRQHandler
                0x080035d8                CAN2_TX_IRQHandler
                0x080035d8                TIM5_IRQHandler
                0x080035d8                DMA2_Stream7_IRQHandler
                0x080035d8                I2C3_EV_IRQHandler
                0x080035d8                EXTI9_5_IRQHandler
                0x080035d8                RTC_WKUP_IRQHandler
                0x080035d8                LTDC_IRQHandler
                0x080035d8                ETH_WKUP_IRQHandler
                0x080035d8                SPI2_IRQHandler
                0x080035d8                OTG_HS_EP1_IN_IRQHandler
                0x080035d8                DMA1_Stream0_IRQHandler
                0x080035d8                CAN1_TX_IRQHandler
                0x080035d8                EXTI4_IRQHandler
                0x080035d8                ETH_IRQHandler
                0x080035d8                OTG_HS_EP1_OUT_IRQHandler
                0x080035d8                WWDG_IRQHandler
                0x080035d8                SPI6_IRQHandler
                0x080035d8                TIM2_IRQHandler
                0x080035d8                OTG_FS_WKUP_IRQHandler
                0x080035d8                TIM1_TRG_COM_TIM11_IRQHandler
                0x080035d8                OTG_HS_IRQHandler
                0x080035d8                DMA2D_IRQHandler
                0x080035d8                EXTI1_IRQHandler
                0x080035d8                UART7_IRQHandler
                0x080035d8                USART2_IRQHandler
                0x080035d8                I2C2_ER_IRQHandler
                0x080035d8                DMA2_Stream1_IRQHandler
                0x080035d8                CAN1_SCE_IRQHandler
                0x080035d8                FLASH_IRQHandler
                0x080035d8                DMA2_Stream4_IRQHandler
                0x080035d8                USART1_IRQHandler
                0x080035d8                OTG_FS_IRQHandler
                0x080035d8                SPI3_IRQHandler
                0x080035d8                DMA1_Stream4_IRQHandler
                0x080035d8                I2C1_ER_IRQHandler
                0x080035d8                FMC_IRQHandler
                0x080035d8                DMA2_Stream6_IRQHandler
                0x080035d8                SAI1_IRQHandler
                0x080035d8                DMA1_Stream3_IRQHandler
 *fill*         0x080035da        0x2 
 .text.__errno  0x080035dc        0xc d:/truestudio for stm32 9.3.0/armtools/bin/../lib/gcc/arm-atollic-eabi/6.3.1/../../../../arm-atollic-eabi/lib/armv7e-m/fpu\libc_nano.a(lib_a-errno.o)
                0x080035dc                __errno
 .text.__libc_init_array
                0x080035e8       0x48 d:/truestudio for stm32 9.3.0/armtools/bin/../lib/gcc/arm-atollic-eabi/6.3.1/../../../../arm-atollic-eabi/lib/armv7e-m/fpu\libc_nano.a(lib_a-init.o)
                0x080035e8                __libc_init_array
 .text.memset   0x08003630       0x10 d:/truestudio for stm32 9.3.0/armtools/bin/../lib/gcc/arm-atollic-eabi/6.3.1/../../../../arm-atollic-eabi/lib/armv7e-m/fpu\libc_nano.a(lib_a-memset.o)
                0x08003630                memset
 .text._vsprintf_r
                0x08003640       0x30 d:/truestudio for stm32 9.3.0/armtools/bin/../lib/gcc/arm-atollic-eabi/6.3.1/../../../../arm-atollic-eabi/lib/armv7e-m/fpu\libc_nano.a(lib_a-vsprintf.o)
                0x08003640                _vsprintf_r
                0x08003640                _vsiprintf_r
 .text.vsprintf
                0x08003670       0x14 d:/truestudio for stm32 9.3.0/armtools/bin/../lib/gcc/arm-atollic-eabi/6.3.1/../../../../arm-atollic-eabi/lib/armv7e-m/fpu\libc_nano.a(lib_a-vsprintf.o)
                0x08003670                vsiprintf
                0x08003670                vsprintf
 .text.__ssputs_r
                0x08003684       0xb6 d:/truestudio for stm32 9.3.0/armtools/bin/../lib/gcc/arm-atollic-eabi/6.3.1/../../../../arm-atollic-eabi/lib/armv7e-m/fpu\libc_nano.a(lib_a-nano-svfprintf.o)
                0x08003684                __ssputs_r
 *fill*         0x0800373a        0x2 
 .text._svfprintf_r
                0x0800373c      0x1e8 d:/truestudio for stm32 9.3.0/armtools/bin/../lib/gcc/arm-atollic-eabi/6.3.1/../../../../arm-atollic-eabi/lib/armv7e-m/fpu\libc_nano.a(lib_a-nano-svfprintf.o)
                0x0800373c                _svfiprintf_r
                0x0800373c                _svfprintf_r
 .text._printf_common
                0x08003924       0xec d:/truestudio for stm32 9.3.0/armtools/bin/../lib/gcc/arm-atollic-eabi/6.3.1/../../../../arm-atollic-eabi/lib/armv7e-m/fpu\libc_nano.a(lib_a-nano-vfprintf_i.o)
                0x08003924                _printf_common
 .text._printf_i
                0x08003a10      0x240 d:/truestudio for stm32 9.3.0/armtools/bin/../lib/gcc/arm-atollic-eabi/6.3.1/../../../../arm-atollic-eabi/lib/armv7e-m/fpu\libc_nano.a(lib_a-nano-vfprintf_i.o)
                0x08003a10                _printf_i
 .text.memcpy   0x08003c50       0x16 d:/truestudio for stm32 9.3.0/armtools/bin/../lib/gcc/arm-atollic-eabi/6.3.1/../../../../arm-atollic-eabi/lib/armv7e-m/fpu\libc_nano.a(lib_a-memcpy-stub.o)
                0x08003c50                memcpy
 .text.memmove  0x08003c66       0x34 d:/truestudio for stm32 9.3.0/armtools/bin/../lib/gcc/arm-atollic-eabi/6.3.1/../../../../arm-atollic-eabi/lib/armv7e-m/fpu\libc_nano.a(lib_a-memmove.o)
                0x08003c66                memmove
 *fill*         0x08003c9a        0x2 
 .text._free_r  0x08003c9c       0x9c d:/truestudio for stm32 9.3.0/armtools/bin/../lib/gcc/arm-atollic-eabi/6.3.1/../../../../arm-atollic-eabi/lib/armv7e-m/fpu\libc_nano.a(lib_a-nano-freer.o)
                0x08003c9c                _free_r
 .text._malloc_r
                0x08003d38       0xbc d:/truestudio for stm32 9.3.0/armtools/bin/../lib/gcc/arm-atollic-eabi/6.3.1/../../../../arm-atollic-eabi/lib/armv7e-m/fpu\libc_nano.a(lib_a-nano-mallocr.o)
                0x08003d38                _malloc_r
 .text._realloc_r
                0x08003df4       0x4c d:/truestudio for stm32 9.3.0/armtools/bin/../lib/gcc/arm-atollic-eabi/6.3.1/../../../../arm-atollic-eabi/lib/armv7e-m/fpu\libc_nano.a(lib_a-nano-reallocr.o)
                0x08003df4                _realloc_r
 .text._sbrk_r  0x08003e40       0x20 d:/truestudio for stm32 9.3.0/armtools/bin/../lib/gcc/arm-atollic-eabi/6.3.1/../../../../arm-atollic-eabi/lib/armv7e-m/fpu\libc_nano.a(lib_a-sbrkr.o)
                0x08003e40                _sbrk_r
 .text.__malloc_lock
                0x08003e60        0x2 d:/truestudio for stm32 9.3.0/armtools/bin/../lib/gcc/arm-atollic-eabi/6.3.1/../../../../arm-atollic-eabi/lib/armv7e-m/fpu\libc_nano.a(lib_a-mlock.o)
                0x08003e60                __malloc_lock
 .text.__malloc_unlock
                0x08003e62        0x2 d:/truestudio for stm32 9.3.0/armtools/bin/../lib/gcc/arm-atollic-eabi/6.3.1/../../../../arm-atollic-eabi/lib/armv7e-m/fpu\libc_nano.a(lib_a-mlock.o)
                0x08003e62                __malloc_unlock
 .text._malloc_usable_size_r
                0x08003e64       0x12 d:/truestudio for stm32 9.3.0/armtools/bin/../lib/gcc/arm-atollic-eabi/6.3.1/../../../../arm-atollic-eabi/lib/armv7e-m/fpu\libc_nano.a(lib_a-nano-msizer.o)
                0x08003e64                _malloc_usable_size_r
 *(.glue_7)
 .glue_7        0x08003e76        0x0 linker stubs
 *(.glue_7t)
 .glue_7t       0x08003e76        0x0 linker stubs
 *(.eh_frame)
 *fill*         0x08003e76        0x2 
 .eh_frame      0x08003e78        0x0 d:/truestudio for stm32 9.3.0/armtools/bin/../lib/gcc/arm-atollic-eabi/6.3.1/armv7e-m/fpu/crtbegin.o
 *(.init)
 .init          0x08003e78        0x4 d:/truestudio for stm32 9.3.0/armtools/bin/../lib/gcc/arm-atollic-eabi/6.3.1/armv7e-m/fpu/crti.o
                0x08003e78                _init
 .init          0x08003e7c        0x8 d:/truestudio for stm32 9.3.0/armtools/bin/../lib/gcc/arm-atollic-eabi/6.3.1/armv7e-m/fpu/crtn.o
 *(.fini)
 .fini          0x08003e84        0x4 d:/truestudio for stm32 9.3.0/armtools/bin/../lib/gcc/arm-atollic-eabi/6.3.1/armv7e-m/fpu/crti.o
                0x08003e84                _fini
 .fini          0x08003e88        0x8 d:/truestudio for stm32 9.3.0/armtools/bin/../lib/gcc/arm-atollic-eabi/6.3.1/armv7e-m/fpu/crtn.o
                0x08003e90                . = ALIGN (0x4)
                0x08003e90                _etext = .

.vfp11_veneer   0x08003e90        0x0
 .vfp11_veneer  0x08003e90        0x0 linker stubs

.v4_bx          0x08003e90        0x0
 .v4_bx         0x08003e90        0x0 linker stubs

.iplt           0x08003e90        0x0
 .iplt          0x08003e90        0x0 d:/truestudio for stm32 9.3.0/armtools/bin/../lib/gcc/arm-atollic-eabi/6.3.1/armv7e-m/fpu/crtbegin.o

.rodata         0x08003e90      0x55c
                0x08003e90                . = ALIGN (0x4)
 *(.rodata)
 .rodata        0x08003e90      0x41a Core\Src\bootloader_command_app.o
 *fill*         0x080042aa        0x2 
 .rodata        0x080042ac       0xf2 Core\Src\main.o
 *(.rodata*)
 *fill*         0x0800439e        0x2 
 .rodata.AHBPrescTable
                0x080043a0       0x10 Core\Src\system_stm32f4xx.o
                0x080043a0                AHBPrescTable
 .rodata.APBPrescTable
                0x080043b0        0x8 Core\Src\system_stm32f4xx.o
                0x080043b0                APBPrescTable
 .rodata._svfprintf_r.str1.1
                0x080043b8       0x11 d:/truestudio for stm32 9.3.0/armtools/bin/../lib/gcc/arm-atollic-eabi/6.3.1/../../../../arm-atollic-eabi/lib/armv7e-m/fpu\libc_nano.a(lib_a-nano-svfprintf.o)
 .rodata._printf_i.str1.1
                0x080043c9       0x22 d:/truestudio for stm32 9.3.0/armtools/bin/../lib/gcc/arm-atollic-eabi/6.3.1/../../../../arm-atollic-eabi/lib/armv7e-m/fpu\libc_nano.a(lib_a-nano-vfprintf_i.o)
                0x080043ec                . = ALIGN (0x4)
 *fill*         0x080043eb        0x1 

.ARM.extab
 *(.ARM.extab* .gnu.linkonce.armextab.*)

.ARM            0x080043ec        0x8
                0x080043ec                __exidx_start = .
 *(.ARM.exidx*)
 .ARM.exidx     0x080043ec        0x8 d:/truestudio for stm32 9.3.0/armtools/bin/../lib/gcc/arm-atollic-eabi/6.3.1/armv7e-m/fpu\libgcc.a(_udivmoddi4.o)
                0x080043f4                __exidx_end = .

.rel.dyn        0x080043f4        0x0
 .rel.iplt      0x080043f4        0x0 d:/truestudio for stm32 9.3.0/armtools/bin/../lib/gcc/arm-atollic-eabi/6.3.1/armv7e-m/fpu/crtbegin.o

.preinit_array  0x080043f4        0x0
                0x080043f4                PROVIDE (__preinit_array_start, .)
 *(.preinit_array*)
                0x080043f4                PROVIDE (__preinit_array_end, .)

.init_array     0x080043f4        0x4
                0x080043f4                PROVIDE (__init_array_start, .)
 *(SORT(.init_array.*))
 *(.init_array*)
 .init_array    0x080043f4        0x4 d:/truestudio for stm32 9.3.0/armtools/bin/../lib/gcc/arm-atollic-eabi/6.3.1/armv7e-m/fpu/crtbegin.o
                0x080043f8                PROVIDE (__init_array_end, .)

.fini_array     0x080043f8        0x4
                [!provide]                PROVIDE (__fini_array_start, .)
 *(SORT(.fini_array.*))
 *(.fini_array*)
 .fini_array    0x080043f8        0x4 d:/truestudio for stm32 9.3.0/armtools/bin/../lib/gcc/arm-atollic-eabi/6.3.1/armv7e-m/fpu/crtbegin.o
                [!provide]                PROVIDE (__fini_array_end, .)
                0x080043fc                _sidata = LOADADDR (.data)

.data           0x20000000       0x7c load address 0x080043fc
                0x20000000                . = ALIGN (0x4)
                0x20000000                _sdata = .
 *(.data)
 *(.data*)
 .data.supported_commands
                0x20000000        0xb Core\Src\main.o
                0x20000000                supported_commands
 *fill*         0x2000000b        0x1 
 .data.SystemCoreClock
                0x2000000c        0x4 Core\Src\system_stm32f4xx.o
                0x2000000c                SystemCoreClock
 .data.uwTickPrio
                0x20000010        0x4 Drivers\STM32F4xx_HAL_Driver\Src\stm32f4xx_hal.o
                0x20000010                uwTickPrio
 .data.uwTickFreq
                0x20000014        0x1 Drivers\STM32F4xx_HAL_Driver\Src\stm32f4xx_hal.o
                0x20000014                uwTickFreq
 *fill*         0x20000015        0x3 
 .data._impure_ptr
                0x20000018        0x4 d:/truestudio for stm32 9.3.0/armtools/bin/../lib/gcc/arm-atollic-eabi/6.3.1/../../../../arm-atollic-eabi/lib/armv7e-m/fpu\libc_nano.a(lib_a-impure.o)
                0x20000018                _impure_ptr
 .data.impure_data
                0x2000001c       0x60 d:/truestudio for stm32 9.3.0/armtools/bin/../lib/gcc/arm-atollic-eabi/6.3.1/../../../../arm-atollic-eabi/lib/armv7e-m/fpu\libc_nano.a(lib_a-impure.o)
                0x2000007c                . = ALIGN (0x4)
                0x2000007c                _edata = .
                0x08004478                _siccmram = LOADADDR (.ccmram)

.igot.plt       0x2000007c        0x0 load address 0x08004478
 .igot.plt      0x2000007c        0x0 d:/truestudio for stm32 9.3.0/armtools/bin/../lib/gcc/arm-atollic-eabi/6.3.1/armv7e-m/fpu/crtbegin.o

.ccmram         0x10000000        0x0 load address 0x08004478
                0x10000000                . = ALIGN (0x4)
                0x10000000                _sccmram = .
 *(.ccmram)
 *(.ccmram*)
                0x10000000                . = ALIGN (0x4)
                0x10000000                _eccmram = .
                0x10000000                . = ALIGN (0x4)

.bss            0x2000007c      0x1ec
                0x2000007c                _sbss = .
                0x2000007c                __bss_start__ = _sbss
 *(.bss)
 .bss           0x2000007c       0x1c d:/truestudio for stm32 9.3.0/armtools/bin/../lib/gcc/arm-atollic-eabi/6.3.1/armv7e-m/fpu/crtbegin.o
 *(.bss*)
 .bss.heap_end.7010
                0x20000098        0x4 Core\Src\syscalls.o
 .bss.__malloc_free_list
                0x2000009c        0x4 d:/truestudio for stm32 9.3.0/armtools/bin/../lib/gcc/arm-atollic-eabi/6.3.1/../../../../arm-atollic-eabi/lib/armv7e-m/fpu\libc_nano.a(lib_a-nano-mallocr.o)
                0x2000009c                __malloc_free_list
 .bss.__malloc_sbrk_start
                0x200000a0        0x4 d:/truestudio for stm32 9.3.0/armtools/bin/../lib/gcc/arm-atollic-eabi/6.3.1/../../../../arm-atollic-eabi/lib/armv7e-m/fpu\libc_nano.a(lib_a-nano-mallocr.o)
                0x200000a0                __malloc_sbrk_start
 *(COMMON)
 COMMON         0x200000a4      0x19c Core\Src\main.o
                0x200000a4                bootloader_rx_data
                0x200001b0                huart3
                0x200001f4                hcrc
                0x200001fc                huart1
 COMMON         0x20000240        0x4 Drivers\STM32F4xx_HAL_Driver\Src\stm32f4xx_hal.o
                0x20000240                uwTick
 COMMON         0x20000244       0x20 Drivers\STM32F4xx_HAL_Driver\Src\stm32f4xx_hal_flash.o
                0x20000244                pFlash
 COMMON         0x20000264        0x4 d:/truestudio for stm32 9.3.0/armtools/bin/../lib/gcc/arm-atollic-eabi/6.3.1/../../../../arm-atollic-eabi/lib/armv7e-m/fpu\libc_nano.a(lib_a-reent.o)
                0x20000264                errno
                0x20000268                . = ALIGN (0x4)
                0x20000268                _ebss = .
                0x20000268                __bss_end__ = _ebss

._user_heap_stack
                0x20000268      0x600
                0x20000268                . = ALIGN (0x4)
                0x20000268                PROVIDE (end, .)
                [!provide]                PROVIDE (_end, .)
                0x20000468                . = (. + _Min_Heap_Size)
 *fill*         0x20000268      0x200 
                0x20000868                . = (. + _Min_Stack_Size)
 *fill*         0x20000468      0x400 
                0x20000868                . = ALIGN (0x4)

/DISCARD/
 libc.a(*)
 libm.a(*)
 libgcc.a(*)

.ARM.attributes
                0x00000000       0x30
 *(.ARM.attributes)
 .ARM.attributes
                0x00000000       0x22 d:/truestudio for stm32 9.3.0/armtools/bin/../lib/gcc/arm-atollic-eabi/6.3.1/armv7e-m/fpu/crti.o
 .ARM.attributes
                0x00000022       0x34 d:/truestudio for stm32 9.3.0/armtools/bin/../lib/gcc/arm-atollic-eabi/6.3.1/armv7e-m/fpu/crtbegin.o
 .ARM.attributes
                0x00000056       0x39 Core\Src\bootloader_command_app.o
 .ARM.attributes
                0x0000008f       0x39 Core\Src\main.o
 .ARM.attributes
                0x000000c8       0x39 Core\Src\stm32f4xx_hal_msp.o
 .ARM.attributes
                0x00000101       0x39 Core\Src\stm32f4xx_it.o
 .ARM.attributes
                0x0000013a       0x39 Core\Src\syscalls.o
 .ARM.attributes
                0x00000173       0x39 Core\Src\system_stm32f4xx.o
 .ARM.attributes
                0x000001ac       0x39 Drivers\STM32F4xx_HAL_Driver\Src\stm32f4xx_hal.o
 .ARM.attributes
                0x000001e5       0x39 Drivers\STM32F4xx_HAL_Driver\Src\stm32f4xx_hal_cortex.o
 .ARM.attributes
                0x0000021e       0x39 Drivers\STM32F4xx_HAL_Driver\Src\stm32f4xx_hal_crc.o
 .ARM.attributes
                0x00000257       0x39 Drivers\STM32F4xx_HAL_Driver\Src\stm32f4xx_hal_flash.o
 .ARM.attributes
                0x00000290       0x39 Drivers\STM32F4xx_HAL_Driver\Src\stm32f4xx_hal_flash_ex.o
 .ARM.attributes
                0x000002c9       0x39 Drivers\STM32F4xx_HAL_Driver\Src\stm32f4xx_hal_gpio.o
 .ARM.attributes
                0x00000302       0x39 Drivers\STM32F4xx_HAL_Driver\Src\stm32f4xx_hal_pwr_ex.o
 .ARM.attributes
                0x0000033b       0x39 Drivers\STM32F4xx_HAL_Driver\Src\stm32f4xx_hal_rcc.o
 .ARM.attributes
                0x00000374       0x39 Drivers\STM32F4xx_HAL_Driver\Src\stm32f4xx_hal_uart.o
 .ARM.attributes
                0x000003ad       0x21 startup\startup_stm32f429xx.o
 .ARM.attributes
                0x000003ce       0x34 d:/truestudio for stm32 9.3.0/armtools/bin/../lib/gcc/arm-atollic-eabi/6.3.1/../../../../arm-atollic-eabi/lib/armv7e-m/fpu\libc_nano.a(lib_a-errno.o)
 .ARM.attributes
                0x00000402       0x34 d:/truestudio for stm32 9.3.0/armtools/bin/../lib/gcc/arm-atollic-eabi/6.3.1/../../../../arm-atollic-eabi/lib/armv7e-m/fpu\libc_nano.a(lib_a-impure.o)
 .ARM.attributes
                0x00000436       0x34 d:/truestudio for stm32 9.3.0/armtools/bin/../lib/gcc/arm-atollic-eabi/6.3.1/../../../../arm-atollic-eabi/lib/armv7e-m/fpu\libc_nano.a(lib_a-init.o)
 .ARM.attributes
                0x0000046a       0x34 d:/truestudio for stm32 9.3.0/armtools/bin/../lib/gcc/arm-atollic-eabi/6.3.1/../../../../arm-atollic-eabi/lib/armv7e-m/fpu\libc_nano.a(lib_a-memset.o)
 .ARM.attributes
                0x0000049e       0x1b d:/truestudio for stm32 9.3.0/armtools/bin/../lib/gcc/arm-atollic-eabi/6.3.1/../../../../arm-atollic-eabi/lib/armv7e-m/fpu\libc_nano.a(lib_a-strlen.o)
 .ARM.attributes
                0x000004b9       0x34 d:/truestudio for stm32 9.3.0/armtools/bin/../lib/gcc/arm-atollic-eabi/6.3.1/../../../../arm-atollic-eabi/lib/armv7e-m/fpu\libc_nano.a(lib_a-vsprintf.o)
 .ARM.attributes
                0x000004ed       0x34 d:/truestudio for stm32 9.3.0/armtools/bin/../lib/gcc/arm-atollic-eabi/6.3.1/../../../../arm-atollic-eabi/lib/armv7e-m/fpu\libc_nano.a(lib_a-nano-svfprintf.o)
 .ARM.attributes
                0x00000521       0x34 d:/truestudio for stm32 9.3.0/armtools/bin/../lib/gcc/arm-atollic-eabi/6.3.1/../../../../arm-atollic-eabi/lib/armv7e-m/fpu\libc_nano.a(lib_a-nano-vfprintf_i.o)
 .ARM.attributes
                0x00000555       0x20 d:/truestudio for stm32 9.3.0/armtools/bin/../lib/gcc/arm-atollic-eabi/6.3.1/../../../../arm-atollic-eabi/lib/armv7e-m/fpu\libc_nano.a(lib_a-memchr.o)
 .ARM.attributes
                0x00000575       0x34 d:/truestudio for stm32 9.3.0/armtools/bin/../lib/gcc/arm-atollic-eabi/6.3.1/../../../../arm-atollic-eabi/lib/armv7e-m/fpu\libc_nano.a(lib_a-memcpy-stub.o)
 .ARM.attributes
                0x000005a9       0x34 d:/truestudio for stm32 9.3.0/armtools/bin/../lib/gcc/arm-atollic-eabi/6.3.1/../../../../arm-atollic-eabi/lib/armv7e-m/fpu\libc_nano.a(lib_a-memmove.o)
 .ARM.attributes
                0x000005dd       0x34 d:/truestudio for stm32 9.3.0/armtools/bin/../lib/gcc/arm-atollic-eabi/6.3.1/../../../../arm-atollic-eabi/lib/armv7e-m/fpu\libc_nano.a(lib_a-nano-freer.o)
 .ARM.attributes
                0x00000611       0x34 d:/truestudio for stm32 9.3.0/armtools/bin/../lib/gcc/arm-atollic-eabi/6.3.1/../../../../arm-atollic-eabi/lib/armv7e-m/fpu\libc_nano.a(lib_a-nano-mallocr.o)
 .ARM.attributes
                0x00000645       0x34 d:/truestudio for stm32 9.3.0/armtools/bin/../lib/gcc/arm-atollic-eabi/6.3.1/../../../../arm-atollic-eabi/lib/armv7e-m/fpu\libc_nano.a(lib_a-nano-reallocr.o)
 .ARM.attributes
                0x00000679       0x34 d:/truestudio for stm32 9.3.0/armtools/bin/../lib/gcc/arm-atollic-eabi/6.3.1/../../../../arm-atollic-eabi/lib/armv7e-m/fpu\libc_nano.a(lib_a-sbrkr.o)
 .ARM.attributes
                0x000006ad       0x34 d:/truestudio for stm32 9.3.0/armtools/bin/../lib/gcc/arm-atollic-eabi/6.3.1/../../../../arm-atollic-eabi/lib/armv7e-m/fpu\libc_nano.a(lib_a-mlock.o)
 .ARM.attributes
                0x000006e1       0x34 d:/truestudio for stm32 9.3.0/armtools/bin/../lib/gcc/arm-atollic-eabi/6.3.1/../../../../arm-atollic-eabi/lib/armv7e-m/fpu\libc_nano.a(lib_a-nano-msizer.o)
 .ARM.attributes
                0x00000715       0x34 d:/truestudio for stm32 9.3.0/armtools/bin/../lib/gcc/arm-atollic-eabi/6.3.1/../../../../arm-atollic-eabi/lib/armv7e-m/fpu\libc_nano.a(lib_a-reent.o)
 .ARM.attributes
                0x00000749       0x22 d:/truestudio for stm32 9.3.0/armtools/bin/../lib/gcc/arm-atollic-eabi/6.3.1/armv7e-m/fpu\libgcc.a(_aeabi_uldivmod.o)
 .ARM.attributes
                0x0000076b       0x34 d:/truestudio for stm32 9.3.0/armtools/bin/../lib/gcc/arm-atollic-eabi/6.3.1/armv7e-m/fpu\libgcc.a(_udivmoddi4.o)
 .ARM.attributes
                0x0000079f       0x22 d:/truestudio for stm32 9.3.0/armtools/bin/../lib/gcc/arm-atollic-eabi/6.3.1/armv7e-m/fpu\libgcc.a(_dvmd_tls.o)
 .ARM.attributes
                0x000007c1       0x22 d:/truestudio for stm32 9.3.0/armtools/bin/../lib/gcc/arm-atollic-eabi/6.3.1/armv7e-m/fpu/crtn.o
OUTPUT(002_BOOTLOADER_APPLICATION.elf elf32-littlearm)

.debug_info     0x00000000     0xcd86
 .debug_info    0x00000000     0x171a Core\Src\bootloader_command_app.o
 .debug_info    0x0000171a     0x1608 Core\Src\main.o
 .debug_info    0x00002d22      0xb03 Core\Src\stm32f4xx_hal_msp.o
 .debug_info    0x00003825      0x773 Core\Src\stm32f4xx_it.o
 .debug_info    0x00003f98      0xf16 Core\Src\syscalls.o
 .debug_info    0x00004eae      0x570 Core\Src\system_stm32f4xx.o
 .debug_info    0x0000541e      0x9b8 Drivers\STM32F4xx_HAL_Driver\Src\stm32f4xx_hal.o
 .debug_info    0x00005dd6      0xe5e Drivers\STM32F4xx_HAL_Driver\Src\stm32f4xx_hal_cortex.o
 .debug_info    0x00006c34      0x440 Drivers\STM32F4xx_HAL_Driver\Src\stm32f4xx_hal_crc.o
 .debug_info    0x00007074      0x620 Drivers\STM32F4xx_HAL_Driver\Src\stm32f4xx_hal_flash.o
 .debug_info    0x00007694      0x931 Drivers\STM32F4xx_HAL_Driver\Src\stm32f4xx_hal_flash_ex.o
 .debug_info    0x00007fc5      0x7dd Drivers\STM32F4xx_HAL_Driver\Src\stm32f4xx_hal_gpio.o
 .debug_info    0x000087a2      0x746 Drivers\STM32F4xx_HAL_Driver\Src\stm32f4xx_hal_pwr_ex.o
 .debug_info    0x00008ee8      0x91d Drivers\STM32F4xx_HAL_Driver\Src\stm32f4xx_hal_rcc.o
 .debug_info    0x00009805     0x34d9 Drivers\STM32F4xx_HAL_Driver\Src\stm32f4xx_hal_uart.o
 .debug_info    0x0000ccde       0xa8 startup\startup_stm32f429xx.o

.debug_abbrev   0x00000000     0x1fb0
 .debug_abbrev  0x00000000      0x2d7 Core\Src\bootloader_command_app.o
 .debug_abbrev  0x000002d7      0x2e9 Core\Src\main.o
 .debug_abbrev  0x000005c0      0x1a1 Core\Src\stm32f4xx_hal_msp.o
 .debug_abbrev  0x00000761      0x144 Core\Src\stm32f4xx_it.o
 .debug_abbrev  0x000008a5      0x271 Core\Src\syscalls.o
 .debug_abbrev  0x00000b16      0x126 Core\Src\system_stm32f4xx.o
 .debug_abbrev  0x00000c3c      0x1c2 Drivers\STM32F4xx_HAL_Driver\Src\stm32f4xx_hal.o
 .debug_abbrev  0x00000dfe      0x2f5 Drivers\STM32F4xx_HAL_Driver\Src\stm32f4xx_hal_cortex.o
 .debug_abbrev  0x000010f3      0x1b2 Drivers\STM32F4xx_HAL_Driver\Src\stm32f4xx_hal_crc.o
 .debug_abbrev  0x000012a5      0x243 Drivers\STM32F4xx_HAL_Driver\Src\stm32f4xx_hal_flash.o
 .debug_abbrev  0x000014e8      0x251 Drivers\STM32F4xx_HAL_Driver\Src\stm32f4xx_hal_flash_ex.o
 .debug_abbrev  0x00001739      0x1c4 Drivers\STM32F4xx_HAL_Driver\Src\stm32f4xx_hal_gpio.o
 .debug_abbrev  0x000018fd      0x1b3 Drivers\STM32F4xx_HAL_Driver\Src\stm32f4xx_hal_pwr_ex.o
 .debug_abbrev  0x00001ab0      0x240 Drivers\STM32F4xx_HAL_Driver\Src\stm32f4xx_hal_rcc.o
 .debug_abbrev  0x00001cf0      0x2ae Drivers\STM32F4xx_HAL_Driver\Src\stm32f4xx_hal_uart.o
 .debug_abbrev  0x00001f9e       0x12 startup\startup_stm32f429xx.o

.debug_aranges  0x00000000      0x9f0
 .debug_aranges
                0x00000000       0xc8 Core\Src\bootloader_command_app.o
 .debug_aranges
                0x000000c8       0x68 Core\Src\main.o
 .debug_aranges
                0x00000130       0x40 Core\Src\stm32f4xx_hal_msp.o
 .debug_aranges
                0x00000170       0x60 Core\Src\stm32f4xx_it.o
 .debug_aranges
                0x000001d0       0xb0 Core\Src\syscalls.o
 .debug_aranges
                0x00000280       0x28 Core\Src\system_stm32f4xx.o
 .debug_aranges
                0x000002a8      0x100 Drivers\STM32F4xx_HAL_Driver\Src\stm32f4xx_hal.o
 .debug_aranges
                0x000003a8      0x118 Drivers\STM32F4xx_HAL_Driver\Src\stm32f4xx_hal_cortex.o
 .debug_aranges
                0x000004c0       0x50 Drivers\STM32F4xx_HAL_Driver\Src\stm32f4xx_hal_crc.o
 .debug_aranges
                0x00000510       0xa0 Drivers\STM32F4xx_HAL_Driver\Src\stm32f4xx_hal_flash.o
 .debug_aranges
                0x000005b0       0xd8 Drivers\STM32F4xx_HAL_Driver\Src\stm32f4xx_hal_flash_ex.o
 .debug_aranges
                0x00000688       0x58 Drivers\STM32F4xx_HAL_Driver\Src\stm32f4xx_hal_gpio.o
 .debug_aranges
                0x000006e0       0x60 Drivers\STM32F4xx_HAL_Driver\Src\stm32f4xx_hal_pwr_ex.o
 .debug_aranges
                0x00000740       0x88 Drivers\STM32F4xx_HAL_Driver\Src\stm32f4xx_hal_rcc.o
 .debug_aranges
                0x000007c8      0x200 Drivers\STM32F4xx_HAL_Driver\Src\stm32f4xx_hal_uart.o
 .debug_aranges
                0x000009c8       0x28 startup\startup_stm32f429xx.o

.debug_ranges   0x00000000      0x928
 .debug_ranges  0x00000000       0xb8 Core\Src\bootloader_command_app.o
 .debug_ranges  0x000000b8       0x58 Core\Src\main.o
 .debug_ranges  0x00000110       0x30 Core\Src\stm32f4xx_hal_msp.o
 .debug_ranges  0x00000140       0x50 Core\Src\stm32f4xx_it.o
 .debug_ranges  0x00000190       0xa0 Core\Src\syscalls.o
 .debug_ranges  0x00000230       0x18 Core\Src\system_stm32f4xx.o
 .debug_ranges  0x00000248       0xf0 Drivers\STM32F4xx_HAL_Driver\Src\stm32f4xx_hal.o
 .debug_ranges  0x00000338      0x108 Drivers\STM32F4xx_HAL_Driver\Src\stm32f4xx_hal_cortex.o
 .debug_ranges  0x00000440       0x40 Drivers\STM32F4xx_HAL_Driver\Src\stm32f4xx_hal_crc.o
 .debug_ranges  0x00000480       0x90 Drivers\STM32F4xx_HAL_Driver\Src\stm32f4xx_hal_flash.o
 .debug_ranges  0x00000510       0xc8 Drivers\STM32F4xx_HAL_Driver\Src\stm32f4xx_hal_flash_ex.o
 .debug_ranges  0x000005d8       0x48 Drivers\STM32F4xx_HAL_Driver\Src\stm32f4xx_hal_gpio.o
 .debug_ranges  0x00000620       0x50 Drivers\STM32F4xx_HAL_Driver\Src\stm32f4xx_hal_pwr_ex.o
 .debug_ranges  0x00000670       0x78 Drivers\STM32F4xx_HAL_Driver\Src\stm32f4xx_hal_rcc.o
 .debug_ranges  0x000006e8      0x220 Drivers\STM32F4xx_HAL_Driver\Src\stm32f4xx_hal_uart.o
 .debug_ranges  0x00000908       0x20 startup\startup_stm32f429xx.o

.debug_line     0x00000000     0x4ef2
 .debug_line    0x00000000      0x5c4 Core\Src\bootloader_command_app.o
 .debug_line    0x000005c4      0x49c Core\Src\main.o
 .debug_line    0x00000a60      0x2a8 Core\Src\stm32f4xx_hal_msp.o
 .debug_line    0x00000d08      0x2bb Core\Src\stm32f4xx_it.o
 .debug_line    0x00000fc3      0x36d Core\Src\syscalls.o
 .debug_line    0x00001330      0x1d6 Core\Src\system_stm32f4xx.o
 .debug_line    0x00001506      0x40b Drivers\STM32F4xx_HAL_Driver\Src\stm32f4xx_hal.o
 .debug_line    0x00001911      0x51b Drivers\STM32F4xx_HAL_Driver\Src\stm32f4xx_hal_cortex.o
 .debug_line    0x00001e2c      0x29e Drivers\STM32F4xx_HAL_Driver\Src\stm32f4xx_hal_crc.o
 .debug_line    0x000020ca      0x3f6 Drivers\STM32F4xx_HAL_Driver\Src\stm32f4xx_hal_flash.o
 .debug_line    0x000024c0      0x508 Drivers\STM32F4xx_HAL_Driver\Src\stm32f4xx_hal_flash_ex.o
 .debug_line    0x000029c8      0x3f4 Drivers\STM32F4xx_HAL_Driver\Src\stm32f4xx_hal_gpio.o
 .debug_line    0x00002dbc      0x2d9 Drivers\STM32F4xx_HAL_Driver\Src\stm32f4xx_hal_pwr_ex.o
 .debug_line    0x00003095      0x48c Drivers\STM32F4xx_HAL_Driver\Src\stm32f4xx_hal_rcc.o
 .debug_line    0x00003521     0x1950 Drivers\STM32F4xx_HAL_Driver\Src\stm32f4xx_hal_uart.o
 .debug_line    0x00004e71       0x81 startup\startup_stm32f429xx.o

.debug_str      0x00000000     0x34ca
 .debug_str     0x00000000      0xf74 Core\Src\bootloader_command_app.o
                               0x10c8 (size before relaxing)
 .debug_str     0x00000f74      0x432 Core\Src\main.o
                               0x1011 (size before relaxing)
 .debug_str     0x000013a6       0x78 Core\Src\stm32f4xx_hal_msp.o
                                0x980 (size before relaxing)
 .debug_str     0x0000141e       0xab Core\Src\stm32f4xx_it.o
                                0x849 (size before relaxing)
 .debug_str     0x000014c9      0x239 Core\Src\syscalls.o
                                0x889 (size before relaxing)
 .debug_str     0x00001702       0xaf Core\Src\system_stm32f4xx.o
                                0x46f (size before relaxing)
 .debug_str     0x000017b1      0x806 Drivers\STM32F4xx_HAL_Driver\Src\stm32f4xx_hal.o
                                0xc5b (size before relaxing)
 .debug_str     0x00001fb7      0x499 Drivers\STM32F4xx_HAL_Driver\Src\stm32f4xx_hal_cortex.o
                                0xd91 (size before relaxing)
 .debug_str     0x00002450       0xaa Drivers\STM32F4xx_HAL_Driver\Src\stm32f4xx_hal_crc.o
                                0x4b6 (size before relaxing)
 .debug_str     0x000024fa      0x289 Drivers\STM32F4xx_HAL_Driver\Src\stm32f4xx_hal_flash.o
                                0x62c (size before relaxing)
 .debug_str     0x00002783      0x2de Drivers\STM32F4xx_HAL_Driver\Src\stm32f4xx_hal_flash_ex.o
                                0x7c9 (size before relaxing)
 .debug_str     0x00002a61      0x153 Drivers\STM32F4xx_HAL_Driver\Src\stm32f4xx_hal_gpio.o
                                0x606 (size before relaxing)
 .debug_str     0x00002bb4      0x158 Drivers\STM32F4xx_HAL_Driver\Src\stm32f4xx_hal_pwr_ex.o
                                0x5e5 (size before relaxing)
 .debug_str     0x00002d0c      0x1ae Drivers\STM32F4xx_HAL_Driver\Src\stm32f4xx_hal_rcc.o
                                0x7bd (size before relaxing)
 .debug_str     0x00002eba      0x610 Drivers\STM32F4xx_HAL_Driver\Src\stm32f4xx_hal_uart.o
                                0xde4 (size before relaxing)

.comment        0x00000000       0x7c
 .comment       0x00000000       0x7c Core\Src\bootloader_command_app.o
                                 0x7d (size before relaxing)
 .comment       0x0000007c       0x7d Core\Src\main.o
 .comment       0x0000007c       0x7d Core\Src\stm32f4xx_hal_msp.o
 .comment       0x0000007c       0x7d Core\Src\stm32f4xx_it.o
 .comment       0x0000007c       0x7d Core\Src\syscalls.o
 .comment       0x0000007c       0x7d Core\Src\system_stm32f4xx.o
 .comment       0x0000007c       0x7d Drivers\STM32F4xx_HAL_Driver\Src\stm32f4xx_hal.o
 .comment       0x0000007c       0x7d Drivers\STM32F4xx_HAL_Driver\Src\stm32f4xx_hal_cortex.o
 .comment       0x0000007c       0x7d Drivers\STM32F4xx_HAL_Driver\Src\stm32f4xx_hal_crc.o
 .comment       0x0000007c       0x7d Drivers\STM32F4xx_HAL_Driver\Src\stm32f4xx_hal_flash.o
 .comment       0x0000007c       0x7d Drivers\STM32F4xx_HAL_Driver\Src\stm32f4xx_hal_flash_ex.o
 .comment       0x0000007c       0x7d Drivers\STM32F4xx_HAL_Driver\Src\stm32f4xx_hal_gpio.o
 .comment       0x0000007c       0x7d Drivers\STM32F4xx_HAL_Driver\Src\stm32f4xx_hal_pwr_ex.o
 .comment       0x0000007c       0x7d Drivers\STM32F4xx_HAL_Driver\Src\stm32f4xx_hal_rcc.o
 .comment       0x0000007c       0x7d Drivers\STM32F4xx_HAL_Driver\Src\stm32f4xx_hal_uart.o

.debug_frame    0x00000000     0x2a70
 .debug_frame   0x00000000      0x334 Core\Src\bootloader_command_app.o
 .debug_frame   0x00000334      0x160 Core\Src\main.o
 .debug_frame   0x00000494       0xcc Core\Src\stm32f4xx_hal_msp.o
 .debug_frame   0x00000560      0x104 Core\Src\stm32f4xx_it.o
 .debug_frame   0x00000664      0x2d4 Core\Src\syscalls.o
 .debug_frame   0x00000938       0x58 Core\Src\system_stm32f4xx.o
 .debug_frame   0x00000990      0x3b4 Drivers\STM32F4xx_HAL_Driver\Src\stm32f4xx_hal.o
 .debug_frame   0x00000d44      0x498 Drivers\STM32F4xx_HAL_Driver\Src\stm32f4xx_hal_cortex.o
 .debug_frame   0x000011dc      0x120 Drivers\STM32F4xx_HAL_Driver\Src\stm32f4xx_hal_crc.o
 .debug_frame   0x000012fc      0x27c Drivers\STM32F4xx_HAL_Driver\Src\stm32f4xx_hal_flash.o
 .debug_frame   0x00001578      0x378 Drivers\STM32F4xx_HAL_Driver\Src\stm32f4xx_hal_flash_ex.o
 .debug_frame   0x000018f0      0x14c Drivers\STM32F4xx_HAL_Driver\Src\stm32f4xx_hal_gpio.o
 .debug_frame   0x00001a3c      0x14c Drivers\STM32F4xx_HAL_Driver\Src\stm32f4xx_hal_pwr_ex.o
 .debug_frame   0x00001b88      0x1f8 Drivers\STM32F4xx_HAL_Driver\Src\stm32f4xx_hal_rcc.o
 .debug_frame   0x00001d80      0x92c Drivers\STM32F4xx_HAL_Driver\Src\stm32f4xx_hal_uart.o
 .debug_frame   0x000026ac       0x20 d:/truestudio for stm32 9.3.0/armtools/bin/../lib/gcc/arm-atollic-eabi/6.3.1/../../../../arm-atollic-eabi/lib/armv7e-m/fpu\libc_nano.a(lib_a-errno.o)
 .debug_frame   0x000026cc       0x2c d:/truestudio for stm32 9.3.0/armtools/bin/../lib/gcc/arm-atollic-eabi/6.3.1/../../../../arm-atollic-eabi/lib/armv7e-m/fpu\libc_nano.a(lib_a-init.o)
 .debug_frame   0x000026f8       0x20 d:/truestudio for stm32 9.3.0/armtools/bin/../lib/gcc/arm-atollic-eabi/6.3.1/../../../../arm-atollic-eabi/lib/armv7e-m/fpu\libc_nano.a(lib_a-memset.o)
 .debug_frame   0x00002718       0x40 d:/truestudio for stm32 9.3.0/armtools/bin/../lib/gcc/arm-atollic-eabi/6.3.1/../../../../arm-atollic-eabi/lib/armv7e-m/fpu\libc_nano.a(lib_a-vsprintf.o)
 .debug_frame   0x00002758       0x90 d:/truestudio for stm32 9.3.0/armtools/bin/../lib/gcc/arm-atollic-eabi/6.3.1/../../../../arm-atollic-eabi/lib/armv7e-m/fpu\libc_nano.a(lib_a-nano-svfprintf.o)
 .debug_frame   0x000027e8       0x60 d:/truestudio for stm32 9.3.0/armtools/bin/../lib/gcc/arm-atollic-eabi/6.3.1/../../../../arm-atollic-eabi/lib/armv7e-m/fpu\libc_nano.a(lib_a-nano-vfprintf_i.o)
 .debug_frame   0x00002848       0x28 d:/truestudio for stm32 9.3.0/armtools/bin/../lib/gcc/arm-atollic-eabi/6.3.1/../../../../arm-atollic-eabi/lib/armv7e-m/fpu\libc_nano.a(lib_a-memcpy-stub.o)
 .debug_frame   0x00002870       0x28 d:/truestudio for stm32 9.3.0/armtools/bin/../lib/gcc/arm-atollic-eabi/6.3.1/../../../../arm-atollic-eabi/lib/armv7e-m/fpu\libc_nano.a(lib_a-memmove.o)
 .debug_frame   0x00002898       0x38 d:/truestudio for stm32 9.3.0/armtools/bin/../lib/gcc/arm-atollic-eabi/6.3.1/../../../../arm-atollic-eabi/lib/armv7e-m/fpu\libc_nano.a(lib_a-nano-freer.o)
 .debug_frame   0x000028d0       0x2c d:/truestudio for stm32 9.3.0/armtools/bin/../lib/gcc/arm-atollic-eabi/6.3.1/../../../../arm-atollic-eabi/lib/armv7e-m/fpu\libc_nano.a(lib_a-nano-mallocr.o)
 .debug_frame   0x000028fc       0x3c d:/truestudio for stm32 9.3.0/armtools/bin/../lib/gcc/arm-atollic-eabi/6.3.1/../../../../arm-atollic-eabi/lib/armv7e-m/fpu\libc_nano.a(lib_a-nano-reallocr.o)
 .debug_frame   0x00002938       0x2c d:/truestudio for stm32 9.3.0/armtools/bin/../lib/gcc/arm-atollic-eabi/6.3.1/../../../../arm-atollic-eabi/lib/armv7e-m/fpu\libc_nano.a(lib_a-sbrkr.o)
 .debug_frame   0x00002964       0x30 d:/truestudio for stm32 9.3.0/armtools/bin/../lib/gcc/arm-atollic-eabi/6.3.1/../../../../arm-atollic-eabi/lib/armv7e-m/fpu\libc_nano.a(lib_a-mlock.o)
 .debug_frame   0x00002994       0x20 d:/truestudio for stm32 9.3.0/armtools/bin/../lib/gcc/arm-atollic-eabi/6.3.1/../../../../arm-atollic-eabi/lib/armv7e-m/fpu\libc_nano.a(lib_a-nano-msizer.o)
 .debug_frame   0x000029b4       0x5c d:/truestudio for stm32 9.3.0/armtools/bin/../lib/gcc/arm-atollic-eabi/6.3.1/../../../../arm-atollic-eabi/lib/armv7e-m/fpu\libc_nano.a(lib_a-reent.o)
 .debug_frame   0x00002a10       0x2c d:/truestudio for stm32 9.3.0/armtools/bin/../lib/gcc/arm-atollic-eabi/6.3.1/armv7e-m/fpu\libgcc.a(_aeabi_uldivmod.o)
 .debug_frame   0x00002a3c       0x34 d:/truestudio for stm32 9.3.0/armtools/bin/../lib/gcc/arm-atollic-eabi/6.3.1/armv7e-m/fpu\libgcc.a(_udivmoddi4.o)
