../Core/Src/main.c:80:5:main	8	static
../Core/Src/main.c:137:6:SystemClock_Config	88	static
../Core/Src/main.c:191:13:MX_CRC_Init	8	static
../Core/Src/main.c:217:13:MX_USART1_UART_Init	8	static
../Core/Src/main.c:250:13:MX_USART3_UART_Init	8	static
../Core/Src/main.c:283:13:MX_GPIO_Init	40	static
../Core/Src/main.c:315:6:printMessage	112	static
../Core/Src/main.c:325:6:bootloader_uart_data_read	16	static
../Core/Src/main.c:400:6:bootloader_jump_to_user_app	32	static,ignoring_inline_asm
../Core/Src/main.c:428:6:Error_Handler	4	static,ignoring_inline_asm
