22:56:19 **** Incremental Build of configuration Debug for project 001_BOOTLOADER_First_Example ****
make -j12 all 
arm-none-eabi-gcc "../Core/Src/main.c" -mcpu=cortex-m4 -std=gnu11 -g3 -DDEBUG -DUSE_HAL_DRIVER -DSTM32F429xx -c -I../Core/Inc -I../Drivers/STM32F4xx_HAL_Driver/Inc -I../Drivers/STM32F4xx_HAL_Driver/Inc/Legacy -I../Drivers/CMSIS/Device/ST/STM32F4xx/Include -I../Drivers/CMSIS/Include -O0 -ffunction-sections -fdata-sections -Wall -fstack-usage -fcyclomatic-complexity -MMD -MP -MF"Core/Src/main.d" -MT"Core/Src/main.o" --specs=nano.specs -mfpu=fpv4-sp-d16 -mfloat-abi=hard -mthumb -o "Core/Src/main.o"
arm-none-eabi-gcc -o "001_BOOTLOADER_First_Example.elf" @"objects.list"   -mcpu=cortex-m4 -T"D:\STM WORKSPACES\CUBEIDE WORKSPACES\STM32-CUBEIDE-BOOTLOADER\001_BOOTLOADER_First_Example\STM32F429ZITX_FLASH.ld" --specs=nosys.specs -Wl,-Map="001_BOOTLOADER_First_Example.map" -Wl,--gc-sections -static --specs=nano.specs -mfpu=fpv4-sp-d16 -mfloat-abi=hard -mthumb -Wl,--start-group -lc -lm -Wl,--end-group
Finished building target: 001_BOOTLOADER_First_Example.elf
 
arm-none-eabi-size   001_BOOTLOADER_First_Example.elf 
arm-none-eabi-objdump -h -S  001_BOOTLOADER_First_Example.elf  > "001_BOOTLOADER_First_Example.list"
arm-none-eabi-objcopy  -O ihex  001_BOOTLOADER_First_Example.elf  "001_BOOTLOADER_First_Example.hex"
   text	   data	    bss	    dec	    hex	filename
   8896	     72	   1712	  10680	   29b8	001_BOOTLOADER_First_Example.elf
Finished building: default.size.stdout
 
Finished building: 001_BOOTLOADER_First_Example.hex
Finished building: 001_BOOTLOADER_First_Example.list
 
 

22:56:21 Build Finished. 0 errors, 0 warnings. (took 1s.129ms)

