18:42:06 **** Incremental Build of configuration Debug for project 002_Bootloader_Application ****
make -j12 all 
arm-none-eabi-gcc "../Core/Src/main.c" -mcpu=cortex-m4 -std=gnu11 -g3 -DDEBUG -DUSE_HAL_DRIVER -DSTM32F429xx -c -I../Core/Inc -I../Drivers/STM32F4xx_HAL_Driver/Inc -I../Drivers/STM32F4xx_HAL_Driver/Inc/Legacy -I../Drivers/CMSIS/Device/ST/STM32F4xx/Include -I../Drivers/CMSIS/Include -O0 -ffunction-sections -fdata-sections -Wall -fstack-usage -fcyclomatic-complexity -MMD -MP -MF"Core/Src/main.d" -MT"Core/Src/main.o" --specs=nano.specs -mfpu=fpv4-sp-d16 -mfloat-abi=hard -mthumb -o "Core/Src/main.o"
arm-none-eabi-gcc -o "002_Bootloader_Application.elf" @"objects.list"   -mcpu=cortex-m4 -T"D:\STM WORKSPACES\CUBEIDE WORKSPACES\STM32-CUBEIDE-BOOTLOADER\002_Bootloader_Application\STM32F429ZITX_FLASH.ld" --specs=nosys.specs -Wl,-Map="002_Bootloader_Application.map" -Wl,--gc-sections -static --specs=nano.specs -mfpu=fpv4-sp-d16 -mfloat-abi=hard -mthumb -Wl,--start-group -lc -lm -Wl,--end-group
Finished building target: 002_Bootloader_Application.elf
 
arm-none-eabi-size   002_Bootloader_Application.elf 
arm-none-eabi-objdump -h -S  002_Bootloader_Application.elf  > "002_Bootloader_Application.list"
   text	   data	    bss	    dec	    hex	filename
  18160	    132	   2036	  20328	   4f68	002_Bootloader_Application.elf
Finished building: default.size.stdout
 
Finished building: 002_Bootloader_Application.list
 

18:42:07 Build Finished. 0 errors, 0 warnings. (took 1s.47ms)

