Archive member included to satisfy reference by file (symbol)

d:/truestudio for stm32 9.3.0/armtools/bin/../lib/gcc/arm-atollic-eabi/6.3.1/../../../../arm-atollic-eabi/lib/armv7e-m/fpu\libc_nano.a(lib_a-errno.o)
                              Core\Src\syscalls.o (__errno)
d:/truestudio for stm32 9.3.0/armtools/bin/../lib/gcc/arm-atollic-eabi/6.3.1/../../../../arm-atollic-eabi/lib/armv7e-m/fpu\libc_nano.a(lib_a-impure.o)
                              d:/truestudio for stm32 9.3.0/armtools/bin/../lib/gcc/arm-atollic-eabi/6.3.1/../../../../arm-atollic-eabi/lib/armv7e-m/fpu\libc_nano.a(lib_a-errno.o) (_impure_ptr)
d:/truestudio for stm32 9.3.0/armtools/bin/../lib/gcc/arm-atollic-eabi/6.3.1/../../../../arm-atollic-eabi/lib/armv7e-m/fpu\libc_nano.a(lib_a-init.o)
                              startup\startup_stm32f429xx.o (__libc_init_array)
d:/truestudio for stm32 9.3.0/armtools/bin/../lib/gcc/arm-atollic-eabi/6.3.1/../../../../arm-atollic-eabi/lib/armv7e-m/fpu\libc_nano.a(lib_a-memset.o)
                              Core\Src\main.o (memset)
d:/truestudio for stm32 9.3.0/armtools/bin/../lib/gcc/arm-atollic-eabi/6.3.1/../../../../arm-atollic-eabi/lib/armv7e-m/fpu\libc_nano.a(lib_a-strlen.o)
                              Core\Src\main.o (strlen)
d:/truestudio for stm32 9.3.0/armtools/bin/../lib/gcc/arm-atollic-eabi/6.3.1/../../../../arm-atollic-eabi/lib/armv7e-m/fpu\libc_nano.a(lib_a-vsprintf.o)
                              Core\Src\main.o (vsprintf)
d:/truestudio for stm32 9.3.0/armtools/bin/../lib/gcc/arm-atollic-eabi/6.3.1/../../../../arm-atollic-eabi/lib/armv7e-m/fpu\libc_nano.a(lib_a-nano-svfprintf.o)
                              d:/truestudio for stm32 9.3.0/armtools/bin/../lib/gcc/arm-atollic-eabi/6.3.1/../../../../arm-atollic-eabi/lib/armv7e-m/fpu\libc_nano.a(lib_a-vsprintf.o) (_svfprintf_r)
d:/truestudio for stm32 9.3.0/armtools/bin/../lib/gcc/arm-atollic-eabi/6.3.1/../../../../arm-atollic-eabi/lib/armv7e-m/fpu\libc_nano.a(lib_a-nano-vfprintf_i.o)
                              d:/truestudio for stm32 9.3.0/armtools/bin/../lib/gcc/arm-atollic-eabi/6.3.1/../../../../arm-atollic-eabi/lib/armv7e-m/fpu\libc_nano.a(lib_a-nano-svfprintf.o) (_printf_i)
d:/truestudio for stm32 9.3.0/armtools/bin/../lib/gcc/arm-atollic-eabi/6.3.1/../../../../arm-atollic-eabi/lib/armv7e-m/fpu\libc_nano.a(lib_a-memchr.o)
                              d:/truestudio for stm32 9.3.0/armtools/bin/../lib/gcc/arm-atollic-eabi/6.3.1/../../../../arm-atollic-eabi/lib/armv7e-m/fpu\libc_nano.a(lib_a-nano-svfprintf.o) (memchr)
d:/truestudio for stm32 9.3.0/armtools/bin/../lib/gcc/arm-atollic-eabi/6.3.1/../../../../arm-atollic-eabi/lib/armv7e-m/fpu\libc_nano.a(lib_a-memcpy-stub.o)
                              d:/truestudio for stm32 9.3.0/armtools/bin/../lib/gcc/arm-atollic-eabi/6.3.1/../../../../arm-atollic-eabi/lib/armv7e-m/fpu\libc_nano.a(lib_a-nano-svfprintf.o) (memcpy)
d:/truestudio for stm32 9.3.0/armtools/bin/../lib/gcc/arm-atollic-eabi/6.3.1/../../../../arm-atollic-eabi/lib/armv7e-m/fpu\libc_nano.a(lib_a-memmove.o)
                              d:/truestudio for stm32 9.3.0/armtools/bin/../lib/gcc/arm-atollic-eabi/6.3.1/../../../../arm-atollic-eabi/lib/armv7e-m/fpu\libc_nano.a(lib_a-nano-svfprintf.o) (memmove)
d:/truestudio for stm32 9.3.0/armtools/bin/../lib/gcc/arm-atollic-eabi/6.3.1/../../../../arm-atollic-eabi/lib/armv7e-m/fpu\libc_nano.a(lib_a-nano-freer.o)
                              d:/truestudio for stm32 9.3.0/armtools/bin/../lib/gcc/arm-atollic-eabi/6.3.1/../../../../arm-atollic-eabi/lib/armv7e-m/fpu\libc_nano.a(lib_a-nano-svfprintf.o) (_free_r)
d:/truestudio for stm32 9.3.0/armtools/bin/../lib/gcc/arm-atollic-eabi/6.3.1/../../../../arm-atollic-eabi/lib/armv7e-m/fpu\libc_nano.a(lib_a-nano-mallocr.o)
                              d:/truestudio for stm32 9.3.0/armtools/bin/../lib/gcc/arm-atollic-eabi/6.3.1/../../../../arm-atollic-eabi/lib/armv7e-m/fpu\libc_nano.a(lib_a-nano-svfprintf.o) (_malloc_r)
d:/truestudio for stm32 9.3.0/armtools/bin/../lib/gcc/arm-atollic-eabi/6.3.1/../../../../arm-atollic-eabi/lib/armv7e-m/fpu\libc_nano.a(lib_a-nano-reallocr.o)
                              d:/truestudio for stm32 9.3.0/armtools/bin/../lib/gcc/arm-atollic-eabi/6.3.1/../../../../arm-atollic-eabi/lib/armv7e-m/fpu\libc_nano.a(lib_a-nano-svfprintf.o) (_realloc_r)
d:/truestudio for stm32 9.3.0/armtools/bin/../lib/gcc/arm-atollic-eabi/6.3.1/../../../../arm-atollic-eabi/lib/armv7e-m/fpu\libc_nano.a(lib_a-sbrkr.o)
                              d:/truestudio for stm32 9.3.0/armtools/bin/../lib/gcc/arm-atollic-eabi/6.3.1/../../../../arm-atollic-eabi/lib/armv7e-m/fpu\libc_nano.a(lib_a-nano-mallocr.o) (_sbrk_r)
d:/truestudio for stm32 9.3.0/armtools/bin/../lib/gcc/arm-atollic-eabi/6.3.1/../../../../arm-atollic-eabi/lib/armv7e-m/fpu\libc_nano.a(lib_a-mlock.o)
[...]
Memory Configuration

Name             Origin             Length             Attributes
RAM              0x20000000         0x00030000         xrw
CCMRAM           0x10000000         0x00010000         xrw
FLASH            0x08008000         0x00200000         xr
*default*        0x00000000         0xffffffff

Linker script and memory map

LOAD d:/truestudio for stm32 9.3.0/armtools/bin/../lib/gcc/arm-atollic-eabi/6.3.1/armv7e-m/fpu/crti.o
LOAD d:/truestudio for stm32 9.3.0/armtools/bin/../lib/gcc/arm-atollic-eabi/6.3.1/armv7e-m/fpu/crtbegin.o
LOAD Core\Src\main.o
LOAD Core\Src\stm32f4xx_hal_msp.o
LOAD Core\Src\stm32f4xx_it.o
LOAD Core\Src\syscalls.o
LOAD Core\Src\system_stm32f4xx.o
LOAD Drivers\STM32F4xx_HAL_Driver\Src\stm32f4xx_hal.o
LOAD Drivers\STM32F4xx_HAL_Driver\Src\stm32f4xx_hal_cortex.o
LOAD Drivers\STM32F4xx_HAL_Driver\Src\stm32f4xx_hal_dma.o
LOAD Drivers\STM32F4xx_HAL_Driver\Src\stm32f4xx_hal_dma_ex.o
LOAD Drivers\STM32F4xx_HAL_Driver\Src\stm32f4xx_hal_exti.o
LOAD Drivers\STM32F4xx_HAL_Driver\Src\stm32f4xx_hal_flash.o
LOAD Drivers\STM32F4xx_HAL_Driver\Src\stm32f4xx_hal_flash_ex.o
LOAD Drivers\STM32F4xx_HAL_Driver\Src\stm32f4xx_hal_flash_ramfunc.o
LOAD Drivers\STM32F4xx_HAL_Driver\Src\stm32f4xx_hal_gpio.o
LOAD Drivers\STM32F4xx_HAL_Driver\Src\stm32f4xx_hal_pwr.o
LOAD Drivers\STM32F4xx_HAL_Driver\Src\stm32f4xx_hal_pwr_ex.o
LOAD Drivers\STM32F4xx_HAL_Driver\Src\stm32f4xx_hal_rcc.o
LOAD Drivers\STM32F4xx_HAL_Driver\Src\stm32f4xx_hal_rcc_ex.o
LOAD Drivers\STM32F4xx_HAL_Driver\Src\stm32f4xx_hal_tim.o
LOAD Drivers\STM32F4xx_HAL_Driver\Src\stm32f4xx_hal_tim_ex.o
LOAD Drivers\STM32F4xx_HAL_Driver\Src\stm32f4xx_hal_uart.o
LOAD startup\startup_stm32f429xx.o
                0x00000080                malloc_getpagesize_P = 0x80
START GROUP
LOAD d:/truestudio for stm32 9.3.0/armtools/bin/../lib/gcc/arm-atollic-eabi/6.3.1/../../../../arm-atollic-eabi/lib/armv7e-m/fpu\libc_nano.a
LOAD d:/truestudio for stm32 9.3.0/armtools/bin/../lib/gcc/arm-atollic-eabi/6.3.1/../../../../arm-atollic-eabi/lib/armv7e-m/fpu\libm.a
END GROUP
START GROUP
LOAD d:/truestudio for stm32 9.3.0/armtools/bin/../lib/gcc/arm-atollic-eabi/6.3.1/armv7e-m/fpu\libgcc.a
LOAD d:/truestudio for stm32 9.3.0/armtools/bin/../lib/gcc/arm-atollic-eabi/6.3.1/../../../../arm-atollic-eabi/lib/armv7e-m/fpu\libc_nano.a
END GROUP
START GROUP
LOAD d:/truestudio for stm32 9.3.0/armtools/bin/../lib/gcc/arm-atollic-eabi/6.3.1/armv7e-m/fpu\libgcc.a
LOAD d:/truestudio for stm32 9.3.0/armtools/bin/../lib/gcc/arm-atollic-eabi/6.3.1/../../../../arm-atollic-eabi/lib/armv7e-m/fpu\libc_nano.a
LOAD d:/truestudio for stm32 9.3.0/armtools/bin/../lib/gcc/arm-atollic-eabi/6.3.1/../../../../arm-atollic-eabi/lib/armv7e-m/fpu\libnosys.a
END GROUP
START GROUP
LOAD d:/truestudio for stm32 9.3.0/armtools/bin/../lib/gcc/arm-atollic-eabi/6.3.1/armv7e-m/fpu\libgcc.a
LOAD d:/truestudio for stm32 9.3.0/armtools/bin/../lib/gcc/arm-atollic-eabi/6.3.1/../../../../arm-atollic-eabi/lib/armv7e-m/fpu\libc_nano.a
LOAD d:/truestudio for stm32 9.3.0/armtools/bin/../lib/gcc/arm-atollic-eabi/6.3.1/../../../../arm-atollic-eabi/lib/armv7e-m/fpu\libnosys.a
END GROUP
LOAD d:/truestudio for stm32 9.3.0/armtools/bin/../lib/gcc/arm-atollic-eabi/6.3.1/armv7e-m/fpu/crtend.o
LOAD d:/truestudio for stm32 9.3.0/armtools/bin/../lib/gcc/arm-atollic-eabi/6.3.1/armv7e-m/fpu/crtn.o
                0x20030000                _estack = (ORIGIN (RAM) + LENGTH (RAM))
                0x00000200                _Min_Heap_Size = 0x200
                0x00000400                _Min_Stack_Size = 0x400

.isr_vector     0x08008000      0x1ac
                0x08008000                . = ALIGN (0x4)
 *(.isr_vector)
 .isr_vector    0x08008000      0x1ac startup\startup_stm32f429xx.o
                0x08008000                g_pfnVectors
                0x080081ac                . = ALIGN (0x4)

.text           0x080081b0     0x291c
                0x080081b0                . = ALIGN (0x4)
 *(.text)
 .text          0x080081b0       0x40 d:/truestudio for stm32 9.3.0/armtools/bin/../lib/gcc/arm-atollic-eabi/6.3.1/armv7e-m/fpu/crtbegin.o
 .text          0x080081f0       0x10 d:/truestudio for stm32 9.3.0/armtools/bin/../lib/gcc/arm-atollic-eabi/6.3.1/../../../../arm-atollic-eabi/lib/armv7e-m/fpu\libc_nano.a(lib_a-strlen.o)
                0x080081f0                strlen
 .text          0x08008200       0xa0 d:/truestudio for stm32 9.3.0/armtools/bin/../lib/gcc/arm-atollic-eabi/6.3.1/../../../../arm-atollic-eabi/lib/armv7e-m/fpu\libc_nano.a(lib_a-memchr.o)
                0x08008200                memchr
 .text          0x080082a0       0x30 d:/truestudio for stm32 9.3.0/armtools/bin/../lib/gcc/arm-atollic-eabi/6.3.1/armv7e-m/fpu\libgcc.a(_aeabi_uldivmod.o)
                0x080082a0                __aeabi_uldivmod
 .text          0x080082d0      0x2dc d:/truestudio for stm32 9.3.0/armtools/bin/../lib/gcc/arm-atollic-eabi/6.3.1/armv7e-m/fpu\libgcc.a(_udivmoddi4.o)
                0x080082d0                __udivmoddi4
 .text          0x080085ac        0x4 d:/truestudio for stm32 9.3.0/armtools/bin/../lib/gcc/arm-atollic-eabi/6.3.1/armv7e-m/fpu\libgcc.a(_dvmd_tls.o)
                0x080085ac                __aeabi_idiv0
                0x080085ac                __aeabi_ldiv0
 *(.text*)
 .text.main     0x080085b0       0x2c Core\Src\main.o
                0x080085b0                main
 .text.SystemClock_Config
                0x080085dc       0xe0 Core\Src\main.o
                0x080085dc                SystemClock_Config
 .text.MX_USART1_UART_Init
                0x080086bc       0x54 Core\Src\main.o
 .text.MX_USART3_UART_Init
                0x08008710       0x54 Core\Src\main.o
 .text.MX_GPIO_Init
                0x08008764       0xd4 Core\Src\main.o
 .text.printMsg
                0x08008838       0x44 Core\Src\main.o
                0x08008838                printMsg
 .text.Error_Handler
                0x0800887c        0x8 Core\Src\main.o
                0x0800887c                Error_Handler
 .text.HAL_MspInit
                0x08008884       0x50 Core\Src\stm32f4xx_hal_msp.o
                0x08008884                HAL_MspInit
 .text.HAL_UART_MspInit
                0x080088d4      0x100 Core\Src\stm32f4xx_hal_msp.o
                0x080088d4                HAL_UART_MspInit
 .text.NMI_Handler
                0x080089d4        0x6 Core\Src\stm32f4xx_it.o
                0x080089d4                NMI_Handler
 .text.HardFault_Handler
                0x080089da        0x6 Core\Src\stm32f4xx_it.o
                0x080089da                HardFault_Handler
 .text.MemManage_Handler
                0x080089e0        0x6 Core\Src\stm32f4xx_it.o
                0x080089e0                MemManage_Handler
 .text.BusFault_Handler
                0x080089e6        0x6 Core\Src\stm32f4xx_it.o
                0x080089e6                BusFault_Handler
 .text.UsageFault_Handler
                0x080089ec        0x6 Core\Src\stm32f4xx_it.o
                0x080089ec                UsageFault_Handler
 .text.SVC_Handler
                0x080089f2        0xe Core\Src\stm32f4xx_it.o
                0x080089f2                SVC_Handler
 .text.DebugMon_Handler
                0x08008a00        0xe Core\Src\stm32f4xx_it.o
                0x08008a00                DebugMon_Handler
 .text.PendSV_Handler
                0x08008a0e        0xe Core\Src\stm32f4xx_it.o
                0x08008a0e                PendSV_Handler
 .text.SysTick_Handler
                0x08008a1c        0xc Core\Src\stm32f4xx_it.o
                0x08008a1c                SysTick_Handler
 .text.EXTI0_IRQHandler
                0x08008a28       0x30 Core\Src\stm32f4xx_it.o
                0x08008a28                EXTI0_IRQHandler
 .text._sbrk    0x08008a58       0x58 Core\Src\syscalls.o
                0x08008a58                _sbrk
 .text.SystemInit
                0x08008ab0       0x2c Core\Src\system_stm32f4xx.o
                0x08008ab0                SystemInit
 .text.HAL_Init
                0x08008adc       0x44 Drivers\STM32F4xx_HAL_Driver\Src\stm32f4xx_hal.o
                0x08008adc                HAL_Init
 .text.HAL_InitTick
                0x08008b20       0x60 Drivers\STM32F4xx_HAL_Driver\Src\stm32f4xx_hal.o
                0x08008b20                HAL_InitTick
 .text.HAL_IncTick
                0x08008b80       0x28 Drivers\STM32F4xx_HAL_Driver\Src\stm32f4xx_hal.o
                0x08008b80                HAL_IncTick
 .text.HAL_GetTick
                0x08008ba8       0x18 Drivers\STM32F4xx_HAL_Driver\Src\stm32f4xx_hal.o
                0x08008ba8                HAL_GetTick
 .text.HAL_Delay
                0x08008bc0       0x44 Drivers\STM32F4xx_HAL_Driver\Src\stm32f4xx_hal.o
                0x08008bc0                HAL_Delay
 .text.__NVIC_SetPriorityGrouping
                0x08008c04       0x48 Drivers\STM32F4xx_HAL_Driver\Src\stm32f4xx_hal_cortex.o
 .text.__NVIC_GetPriorityGrouping
                0x08008c4c       0x1c Drivers\STM32F4xx_HAL_Driver\Src\stm32f4xx_hal_cortex.o
 .text.__NVIC_EnableIRQ
                0x08008c68       0x3c Drivers\STM32F4xx_HAL_Driver\Src\stm32f4xx_hal_cortex.o
 .text.__NVIC_SetPriority
                0x08008ca4       0x54 Drivers\STM32F4xx_HAL_Driver\Src\stm32f4xx_hal_cortex.o
 .text.NVIC_EncodePriority
                0x08008cf8       0x62 Drivers\STM32F4xx_HAL_Driver\Src\stm32f4xx_hal_cortex.o
 *fill*         0x08008d5a        0x2 
 .text.SysTick_Config
                0x08008d5c       0x44 Drivers\STM32F4xx_HAL_Driver\Src\stm32f4xx_hal_cortex.o
 .text.HAL_NVIC_SetPriorityGrouping
                0x08008da0       0x16 Drivers\STM32F4xx_HAL_Driver\Src\stm32f4xx_hal_cortex.o
                0x08008da0                HAL_NVIC_SetPriorityGrouping
 .text.HAL_NVIC_SetPriority
                0x08008db6       0x38 Drivers\STM32F4xx_HAL_Driver\Src\stm32f4xx_hal_cortex.o
                0x08008db6                HAL_NVIC_SetPriority
 .text.HAL_NVIC_EnableIRQ
                0x08008dee       0x1c Drivers\STM32F4xx_HAL_Driver\Src\stm32f4xx_hal_cortex.o
                0x08008dee                HAL_NVIC_EnableIRQ
 .text.HAL_SYSTICK_Config
                0x08008e0a       0x18 Drivers\STM32F4xx_HAL_Driver\Src\stm32f4xx_hal_cortex.o
                0x08008e0a                HAL_SYSTICK_Config
 *fill*         0x08008e22        0x2 
 .text.HAL_GPIO_Init
                0x08008e24      0x354 Drivers\STM32F4xx_HAL_Driver\Src\stm32f4xx_hal_gpio.o
                0x08008e24                HAL_GPIO_Init
 .text.HAL_GPIO_ReadPin
                0x08009178       0x30 Drivers\STM32F4xx_HAL_Driver\Src\stm32f4xx_hal_gpio.o
                0x08009178                HAL_GPIO_ReadPin
 .text.HAL_GPIO_WritePin
                0x080091a8       0x32 Drivers\STM32F4xx_HAL_Driver\Src\stm32f4xx_hal_gpio.o
                0x080091a8                HAL_GPIO_WritePin
 .text.HAL_GPIO_TogglePin
                0x080091da       0x34 Drivers\STM32F4xx_HAL_Driver\Src\stm32f4xx_hal_gpio.o
                0x080091da                HAL_GPIO_TogglePin
 *fill*         0x0800920e        0x2 
 .text.HAL_GPIO_EXTI_IRQHandler
                0x08009210       0x30 Drivers\STM32F4xx_HAL_Driver\Src\stm32f4xx_hal_gpio.o
                0x08009210                HAL_GPIO_EXTI_IRQHandler
 .text.HAL_GPIO_EXTI_Callback
                0x08009240       0x16 Drivers\STM32F4xx_HAL_Driver\Src\stm32f4xx_hal_gpio.o
                0x08009240                HAL_GPIO_EXTI_Callback
 *fill*         0x08009256        0x2 
 .text.HAL_PWREx_EnableOverDrive
                0x08009258       0xa0 Drivers\STM32F4xx_HAL_Driver\Src\stm32f4xx_hal_pwr_ex.o
                0x08009258                HAL_PWREx_EnableOverDrive
 .text.HAL_RCC_OscConfig
                0x080092f8      0x4f0 Drivers\STM32F4xx_HAL_Driver\Src\stm32f4xx_hal_rcc.o
                0x080092f8                HAL_RCC_OscConfig
 .text.HAL_RCC_ClockConfig
                0x080097e8      0x1cc Drivers\STM32F4xx_HAL_Driver\Src\stm32f4xx_hal_rcc.o
                0x080097e8                HAL_RCC_ClockConfig
 .text.HAL_RCC_GetSysClockFreq
                0x080099b4      0x1b0 Drivers\STM32F4xx_HAL_Driver\Src\stm32f4xx_hal_rcc.o
                0x080099b4                HAL_RCC_GetSysClockFreq
 .text.HAL_RCC_GetHCLKFreq
                0x08009b64       0x18 Drivers\STM32F4xx_HAL_Driver\Src\stm32f4xx_hal_rcc.o
                0x08009b64                HAL_RCC_GetHCLKFreq
 .text.HAL_RCC_GetPCLK1Freq
                0x08009b7c       0x28 Drivers\STM32F4xx_HAL_Driver\Src\stm32f4xx_hal_rcc.o
                0x08009b7c                HAL_RCC_GetPCLK1Freq
 .text.HAL_RCC_GetPCLK2Freq
                0x08009ba4       0x28 Drivers\STM32F4xx_HAL_Driver\Src\stm32f4xx_hal_rcc.o
                0x08009ba4                HAL_RCC_GetPCLK2Freq
 .text.HAL_UART_Init
                0x08009bcc       0x9a Drivers\STM32F4xx_HAL_Driver\Src\stm32f4xx_hal_uart.o
                0x08009bcc                HAL_UART_Init
 .text.HAL_UART_Transmit
                0x08009c66      0x122 Drivers\STM32F4xx_HAL_Driver\Src\stm32f4xx_hal_uart.o
                0x08009c66                HAL_UART_Transmit
 .text.UART_WaitOnFlagUntilTimeout
                0x08009d88       0xdc Drivers\STM32F4xx_HAL_Driver\Src\stm32f4xx_hal_uart.o
 .text.UART_SetConfig
                0x08009e64      0x360 Drivers\STM32F4xx_HAL_Driver\Src\stm32f4xx_hal_uart.o
 .text.Reset_Handler
                0x0800a1c4       0x50 startup\startup_stm32f429xx.o
                0x0800a1c4                Reset_Handler
 .text.Default_Handler
                0x0800a214        0x2 startup\startup_stm32f429xx.o
                0x0800a214                RTC_Alarm_IRQHandler
                0x0800a214                HASH_RNG_IRQHandler
                0x0800a214                EXTI2_IRQHandler
                0x0800a214                TIM8_CC_IRQHandler
                0x0800a214                UART8_IRQHandler
                0x0800a214                SPI4_IRQHandler
                0x0800a214                TIM1_CC_IRQHandler
                0x0800a214                DMA2_Stream5_IRQHandler
                0x0800a214                DMA1_Stream5_IRQHandler
                0x0800a214                PVD_IRQHandler
                0x0800a214                SDIO_IRQHandler
                0x0800a214                TAMP_STAMP_IRQHandler
                0x0800a214                CAN2_RX1_IRQHandler
                0x0800a214                EXTI3_IRQHandler
                0x0800a214                TIM8_TRG_COM_TIM14_IRQHandler
                0x0800a214                TIM1_UP_TIM10_IRQHandler
                0x0800a214                TIM8_UP_TIM13_IRQHandler
                0x0800a214                I2C3_ER_IRQHandler
                0x0800a214                I2C2_EV_IRQHandler
                0x0800a214                DMA1_Stream2_IRQHandler
                0x0800a214                CAN1_RX0_IRQHandler
                0x0800a214                FPU_IRQHandler
                0x0800a214                OTG_HS_WKUP_IRQHandler
                0x0800a214                LTDC_ER_IRQHandler
                0x0800a214                CAN2_SCE_IRQHandler
                0x0800a214                DMA2_Stream2_IRQHandler
                0x0800a214                SPI1_IRQHandler
                0x0800a214                TIM6_DAC_IRQHandler
                0x0800a214                TIM1_BRK_TIM9_IRQHandler
                0x0800a214                DCMI_IRQHandler
                0x0800a214                CAN2_RX0_IRQHandler
                0x0800a214                DMA2_Stream3_IRQHandler
                0x0800a214                USART6_IRQHandler
                0x0800a214                USART3_IRQHandler
                0x0800a214                CAN1_RX1_IRQHandler
                0x0800a214                UART5_IRQHandler
                0x0800a214                DMA2_Stream0_IRQHandler
                0x0800a214                TIM4_IRQHandler
                0x0800a214                I2C1_EV_IRQHandler
                0x0800a214                DMA1_Stream6_IRQHandler
                0x0800a214                DMA1_Stream1_IRQHandler
                0x0800a214                UART4_IRQHandler
                0x0800a214                TIM3_IRQHandler
                0x0800a214                RCC_IRQHandler
                0x0800a214                TIM8_BRK_TIM12_IRQHandler
                0x0800a214                Default_Handler
                0x0800a214                EXTI15_10_IRQHandler
                0x0800a214                ADC_IRQHandler
                0x0800a214                DMA1_Stream7_IRQHandler
                0x0800a214                SPI5_IRQHandler
                0x0800a214                TIM7_IRQHandler
                0x0800a214                CAN2_TX_IRQHandler
                0x0800a214                TIM5_IRQHandler
                0x0800a214                DMA2_Stream7_IRQHandler
                0x0800a214                I2C3_EV_IRQHandler
                0x0800a214                EXTI9_5_IRQHandler
                0x0800a214                RTC_WKUP_IRQHandler
                0x0800a214                LTDC_IRQHandler
                0x0800a214                ETH_WKUP_IRQHandler
                0x0800a214                SPI2_IRQHandler
                0x0800a214                OTG_HS_EP1_IN_IRQHandler
                0x0800a214                DMA1_Stream0_IRQHandler
                0x0800a214                CAN1_TX_IRQHandler
                0x0800a214                EXTI4_IRQHandler
                0x0800a214                ETH_IRQHandler
                0x0800a214                OTG_HS_EP1_OUT_IRQHandler
                0x0800a214                WWDG_IRQHandler
                0x0800a214                SPI6_IRQHandler
                0x0800a214                TIM2_IRQHandler
                0x0800a214                OTG_FS_WKUP_IRQHandler
                0x0800a214                TIM1_TRG_COM_TIM11_IRQHandler
                0x0800a214                OTG_HS_IRQHandler
                0x0800a214                DMA2D_IRQHandler
                0x0800a214                EXTI1_IRQHandler
                0x0800a214                UART7_IRQHandler
                0x0800a214                USART2_IRQHandler
                0x0800a214                I2C2_ER_IRQHandler
                0x0800a214                DMA2_Stream1_IRQHandler
                0x0800a214                CAN1_SCE_IRQHandler
                0x0800a214                FLASH_IRQHandler
                0x0800a214                DMA2_Stream4_IRQHandler
                0x0800a214                USART1_IRQHandler
                0x0800a214                OTG_FS_IRQHandler
                0x0800a214                SPI3_IRQHandler
                0x0800a214                DMA1_Stream4_IRQHandler
                0x0800a214                I2C1_ER_IRQHandler
                0x0800a214                FMC_IRQHandler
                0x0800a214                DMA2_Stream6_IRQHandler
                0x0800a214                SAI1_IRQHandler
                0x0800a214                DMA1_Stream3_IRQHandler
 *fill*         0x0800a216        0x2 
 .text.__errno  0x0800a218        0xc d:/truestudio for stm32 9.3.0/armtools/bin/../lib/gcc/arm-atollic-eabi/6.3.1/../../../../arm-atollic-eabi/lib/armv7e-m/fpu\libc_nano.a(lib_a-errno.o)
                0x0800a218                __errno
 .text.__libc_init_array
                0x0800a224       0x48 d:/truestudio for stm32 9.3.0/armtools/bin/../lib/gcc/arm-atollic-eabi/6.3.1/../../../../arm-atollic-eabi/lib/armv7e-m/fpu\libc_nano.a(lib_a-init.o)
                0x0800a224                __libc_init_array
 .text.memset   0x0800a26c       0x10 d:/truestudio for stm32 9.3.0/armtools/bin/../lib/gcc/arm-atollic-eabi/6.3.1/../../../../arm-atollic-eabi/lib/armv7e-m/fpu\libc_nano.a(lib_a-memset.o)
                0x0800a26c                memset
 .text._vsprintf_r
                0x0800a27c       0x30 d:/truestudio for stm32 9.3.0/armtools/bin/../lib/gcc/arm-atollic-eabi/6.3.1/../../../../arm-atollic-eabi/lib/armv7e-m/fpu\libc_nano.a(lib_a-vsprintf.o)
                0x0800a27c                _vsprintf_r
                0x0800a27c                _vsiprintf_r
 .text.vsprintf
                0x0800a2ac       0x14 d:/truestudio for stm32 9.3.0/armtools/bin/../lib/gcc/arm-atollic-eabi/6.3.1/../../../../arm-atollic-eabi/lib/armv7e-m/fpu\libc_nano.a(lib_a-vsprintf.o)
                0x0800a2ac                vsiprintf
                0x0800a2ac                vsprintf
 .text.__ssputs_r
                0x0800a2c0       0xb6 d:/truestudio for stm32 9.3.0/armtools/bin/../lib/gcc/arm-atollic-eabi/6.3.1/../../../../arm-atollic-eabi/lib/armv7e-m/fpu\libc_nano.a(lib_a-nano-svfprintf.o)
                0x0800a2c0                __ssputs_r
 *fill*         0x0800a376        0x2 
 .text._svfprintf_r
                0x0800a378      0x1e8 d:/truestudio for stm32 9.3.0/armtools/bin/../lib/gcc/arm-atollic-eabi/6.3.1/../../../../arm-atollic-eabi/lib/armv7e-m/fpu\libc_nano.a(lib_a-nano-svfprintf.o)
                0x0800a378                _svfiprintf_r
                0x0800a378                _svfprintf_r
 .text._printf_common
                0x0800a560       0xec d:/truestudio for stm32 9.3.0/armtools/bin/../lib/gcc/arm-atollic-eabi/6.3.1/../../../../arm-atollic-eabi/lib/armv7e-m/fpu\libc_nano.a(lib_a-nano-vfprintf_i.o)
                0x0800a560                _printf_common
 .text._printf_i
                0x0800a64c      0x240 d:/truestudio for stm32 9.3.0/armtools/bin/../lib/gcc/arm-atollic-eabi/6.3.1/../../../../arm-atollic-eabi/lib/armv7e-m/fpu\libc_nano.a(lib_a-nano-vfprintf_i.o)
                0x0800a64c                _printf_i
 .text.memcpy   0x0800a88c       0x16 d:/truestudio for stm32 9.3.0/armtools/bin/../lib/gcc/arm-atollic-eabi/6.3.1/../../../../arm-atollic-eabi/lib/armv7e-m/fpu\libc_nano.a(lib_a-memcpy-stub.o)
                0x0800a88c                memcpy
 .text.memmove  0x0800a8a2       0x34 d:/truestudio for stm32 9.3.0/armtools/bin/../lib/gcc/arm-atollic-eabi/6.3.1/../../../../arm-atollic-eabi/lib/armv7e-m/fpu\libc_nano.a(lib_a-memmove.o)
                0x0800a8a2                memmove
 *fill*         0x0800a8d6        0x2 
 .text._free_r  0x0800a8d8       0x9c d:/truestudio for stm32 9.3.0/armtools/bin/../lib/gcc/arm-atollic-eabi/6.3.1/../../../../arm-atollic-eabi/lib/armv7e-m/fpu\libc_nano.a(lib_a-nano-freer.o)
                0x0800a8d8                _free_r
 .text._malloc_r
                0x0800a974       0xbc d:/truestudio for stm32 9.3.0/armtools/bin/../lib/gcc/arm-atollic-eabi/6.3.1/../../../../arm-atollic-eabi/lib/armv7e-m/fpu\libc_nano.a(lib_a-nano-mallocr.o)
                0x0800a974                _malloc_r
 .text._realloc_r
                0x0800aa30       0x4c d:/truestudio for stm32 9.3.0/armtools/bin/../lib/gcc/arm-atollic-eabi/6.3.1/../../../../arm-atollic-eabi/lib/armv7e-m/fpu\libc_nano.a(lib_a-nano-reallocr.o)
                0x0800aa30                _realloc_r
 .text._sbrk_r  0x0800aa7c       0x20 d:/truestudio for stm32 9.3.0/armtools/bin/../lib/gcc/arm-atollic-eabi/6.3.1/../../../../arm-atollic-eabi/lib/armv7e-m/fpu\libc_nano.a(lib_a-sbrkr.o)
                0x0800aa7c                _sbrk_r
 .text.__malloc_lock
                0x0800aa9c        0x2 d:/truestudio for stm32 9.3.0/armtools/bin/../lib/gcc/arm-atollic-eabi/6.3.1/../../../../arm-atollic-eabi/lib/armv7e-m/fpu\libc_nano.a(lib_a-mlock.o)
                0x0800aa9c                __malloc_lock
 .text.__malloc_unlock
                0x0800aa9e        0x2 d:/truestudio for stm32 9.3.0/armtools/bin/../lib/gcc/arm-atollic-eabi/6.3.1/../../../../arm-atollic-eabi/lib/armv7e-m/fpu\libc_nano.a(lib_a-mlock.o)
                0x0800aa9e                __malloc_unlock
 .text._malloc_usable_size_r
                0x0800aaa0       0x12 d:/truestudio for stm32 9.3.0/armtools/bin/../lib/gcc/arm-atollic-eabi/6.3.1/../../../../arm-atollic-eabi/lib/armv7e-m/fpu\libc_nano.a(lib_a-nano-msizer.o)
                0x0800aaa0                _malloc_usable_size_r
 *(.glue_7)
 .glue_7        0x0800aab2        0x0 linker stubs
 *(.glue_7t)
 .glue_7t       0x0800aab2        0x0 linker stubs
 *(.eh_frame)
 *fill*         0x0800aab2        0x2 
 .eh_frame      0x0800aab4        0x0 d:/truestudio for stm32 9.3.0/armtools/bin/../lib/gcc/arm-atollic-eabi/6.3.1/armv7e-m/fpu/crtbegin.o
 *(.init)
 .init          0x0800aab4        0x4 d:/truestudio for stm32 9.3.0/armtools/bin/../lib/gcc/arm-atollic-eabi/6.3.1/armv7e-m/fpu/crti.o
                0x0800aab4                _init
 .init          0x0800aab8        0x8 d:/truestudio for stm32 9.3.0/armtools/bin/../lib/gcc/arm-atollic-eabi/6.3.1/armv7e-m/fpu/crtn.o
 *(.fini)
 .fini          0x0800aac0        0x4 d:/truestudio for stm32 9.3.0/armtools/bin/../lib/gcc/arm-atollic-eabi/6.3.1/armv7e-m/fpu/crti.o
                0x0800aac0                _fini
 .fini          0x0800aac4        0x8 d:/truestudio for stm32 9.3.0/armtools/bin/../lib/gcc/arm-atollic-eabi/6.3.1/armv7e-m/fpu/crtn.o
                0x0800aacc                . = ALIGN (0x4)
                0x0800aacc                _etext = .

.vfp11_veneer   0x0800aacc        0x0
 .vfp11_veneer  0x0800aacc        0x0 linker stubs

.v4_bx          0x0800aacc        0x0
 .v4_bx         0x0800aacc        0x0 linker stubs

.iplt           0x0800aacc        0x0
 .iplt          0x0800aacc        0x0 d:/truestudio for stm32 9.3.0/armtools/bin/../lib/gcc/arm-atollic-eabi/6.3.1/armv7e-m/fpu/crtbegin.o

.rodata         0x0800aacc       0x7c
                0x0800aacc                . = ALIGN (0x4)
 *(.rodata)
 .rodata        0x0800aacc       0x2d Core\Src\main.o
 *(.rodata*)
 *fill*         0x0800aaf9        0x3 
 .rodata.AHBPrescTable
                0x0800aafc       0x10 Core\Src\system_stm32f4xx.o
                0x0800aafc                AHBPrescTable
 .rodata.APBPrescTable
                0x0800ab0c        0x8 Core\Src\system_stm32f4xx.o
                0x0800ab0c                APBPrescTable
 .rodata._svfprintf_r.str1.1
                0x0800ab14       0x11 d:/truestudio for stm32 9.3.0/armtools/bin/../lib/gcc/arm-atollic-eabi/6.3.1/../../../../arm-atollic-eabi/lib/armv7e-m/fpu\libc_nano.a(lib_a-nano-svfprintf.o)
 .rodata._printf_i.str1.1
                0x0800ab25       0x22 d:/truestudio for stm32 9.3.0/armtools/bin/../lib/gcc/arm-atollic-eabi/6.3.1/../../../../arm-atollic-eabi/lib/armv7e-m/fpu\libc_nano.a(lib_a-nano-vfprintf_i.o)
                0x0800ab48                . = ALIGN (0x4)
 *fill*         0x0800ab47        0x1 

.ARM.extab
 *(.ARM.extab* .gnu.linkonce.armextab.*)

.ARM            0x0800ab48        0x8
                0x0800ab48                __exidx_start = .
 *(.ARM.exidx*)
 .ARM.exidx     0x0800ab48        0x8 d:/truestudio for stm32 9.3.0/armtools/bin/../lib/gcc/arm-atollic-eabi/6.3.1/armv7e-m/fpu\libgcc.a(_udivmoddi4.o)
                0x0800ab50                __exidx_end = .

.rel.dyn        0x0800ab50        0x0
 .rel.iplt      0x0800ab50        0x0 d:/truestudio for stm32 9.3.0/armtools/bin/../lib/gcc/arm-atollic-eabi/6.3.1/armv7e-m/fpu/crtbegin.o

.preinit_array  0x0800ab50        0x0
                0x0800ab50                PROVIDE (__preinit_array_start, .)
 *(.preinit_array*)
                0x0800ab50                PROVIDE (__preinit_array_end, .)

.init_array     0x0800ab50        0x4
                0x0800ab50                PROVIDE (__init_array_start, .)
 *(SORT(.init_array.*))
 *(.init_array*)
 .init_array    0x0800ab50        0x4 d:/truestudio for stm32 9.3.0/armtools/bin/../lib/gcc/arm-atollic-eabi/6.3.1/armv7e-m/fpu/crtbegin.o
                0x0800ab54                PROVIDE (__init_array_end, .)

.fini_array     0x0800ab54        0x4
                [!provide]                PROVIDE (__fini_array_start, .)
 *(SORT(.fini_array.*))
 *(.fini_array*)
 .fini_array    0x0800ab54        0x4 d:/truestudio for stm32 9.3.0/armtools/bin/../lib/gcc/arm-atollic-eabi/6.3.1/armv7e-m/fpu/crtbegin.o
                [!provide]                PROVIDE (__fini_array_end, .)
                0x0800ab58                _sidata = LOADADDR (.data)

.data           0x20000000       0x70 load address 0x0800ab58
                0x20000000                . = ALIGN (0x4)
                0x20000000                _sdata = .
 *(.data)
 *(.data*)
 .data.SystemCoreClock
                0x20000000        0x4 Core\Src\system_stm32f4xx.o
                0x20000000                SystemCoreClock
 .data.uwTickPrio
                0x20000004        0x4 Drivers\STM32F4xx_HAL_Driver\Src\stm32f4xx_hal.o
                0x20000004                uwTickPrio
 .data.uwTickFreq
                0x20000008        0x1 Drivers\STM32F4xx_HAL_Driver\Src\stm32f4xx_hal.o
                0x20000008                uwTickFreq
 *fill*         0x20000009        0x3 
 .data._impure_ptr
                0x2000000c        0x4 d:/truestudio for stm32 9.3.0/armtools/bin/../lib/gcc/arm-atollic-eabi/6.3.1/../../../../arm-atollic-eabi/lib/armv7e-m/fpu\libc_nano.a(lib_a-impure.o)
                0x2000000c                _impure_ptr
 .data.impure_data
                0x20000010       0x60 d:/truestudio for stm32 9.3.0/armtools/bin/../lib/gcc/arm-atollic-eabi/6.3.1/../../../../arm-atollic-eabi/lib/armv7e-m/fpu\libc_nano.a(lib_a-impure.o)
                0x20000070                . = ALIGN (0x4)
                0x20000070                _edata = .
                0x0800abc8                _siccmram = LOADADDR (.ccmram)

.igot.plt       0x20000070        0x0 load address 0x0800abc8
 .igot.plt      0x20000070        0x0 d:/truestudio for stm32 9.3.0/armtools/bin/../lib/gcc/arm-atollic-eabi/6.3.1/armv7e-m/fpu/crtbegin.o

.ccmram         0x10000000        0x0 load address 0x0800abc8
                0x10000000                . = ALIGN (0x4)
                0x10000000                _sccmram = .
 *(.ccmram)
 *(.ccmram*)
                0x10000000                . = ALIGN (0x4)
                0x10000000                _eccmram = .
                0x10000000                . = ALIGN (0x4)

.bss            0x20000070       0xb8
                0x20000070                _sbss = .
                0x20000070                __bss_start__ = _sbss
 *(.bss)
 .bss           0x20000070       0x1c d:/truestudio for stm32 9.3.0/armtools/bin/../lib/gcc/arm-atollic-eabi/6.3.1/armv7e-m/fpu/crtbegin.o
 *(.bss*)
 .bss.heap_end.7010
                0x2000008c        0x4 Core\Src\syscalls.o
 .bss.__malloc_free_list
                0x20000090        0x4 d:/truestudio for stm32 9.3.0/armtools/bin/../lib/gcc/arm-atollic-eabi/6.3.1/../../../../arm-atollic-eabi/lib/armv7e-m/fpu\libc_nano.a(lib_a-nano-mallocr.o)
                0x20000090                __malloc_free_list
 .bss.__malloc_sbrk_start
                0x20000094        0x4 d:/truestudio for stm32 9.3.0/armtools/bin/../lib/gcc/arm-atollic-eabi/6.3.1/../../../../arm-atollic-eabi/lib/armv7e-m/fpu\libc_nano.a(lib_a-nano-mallocr.o)
                0x20000094                __malloc_sbrk_start
 *(COMMON)
 COMMON         0x20000098       0x88 Core\Src\main.o
                0x20000098                huart3
                0x200000dc                huart1
 COMMON         0x20000120        0x4 Drivers\STM32F4xx_HAL_Driver\Src\stm32f4xx_hal.o
                0x20000120                uwTick
 COMMON         0x20000124        0x4 d:/truestudio for stm32 9.3.0/armtools/bin/../lib/gcc/arm-atollic-eabi/6.3.1/../../../../arm-atollic-eabi/lib/armv7e-m/fpu\libc_nano.a(lib_a-reent.o)
                0x20000124                errno
                0x20000128                . = ALIGN (0x4)
                0x20000128                _ebss = .
                0x20000128                __bss_end__ = _ebss

._user_heap_stack
                0x20000128      0x600
                0x20000128                . = ALIGN (0x4)
                0x20000128                PROVIDE (end, .)
                [!provide]                PROVIDE (_end, .)
                0x20000328                . = (. + _Min_Heap_Size)
 *fill*         0x20000128      0x200 
                0x20000728                . = (. + _Min_Stack_Size)
 *fill*         0x20000328      0x400 
                0x20000728                . = ALIGN (0x4)

/DISCARD/
 libc.a(*)
 libm.a(*)
 libgcc.a(*)

.ARM.attributes
                0x00000000       0x30
 *(.ARM.attributes)
 .ARM.attributes
                0x00000000       0x22 d:/truestudio for stm32 9.3.0/armtools/bin/../lib/gcc/arm-atollic-eabi/6.3.1/armv7e-m/fpu/crti.o
 .ARM.attributes
                0x00000022       0x34 d:/truestudio for stm32 9.3.0/armtools/bin/../lib/gcc/arm-atollic-eabi/6.3.1/armv7e-m/fpu/crtbegin.o
 .ARM.attributes
                0x00000056       0x39 Core\Src\main.o
 .ARM.attributes
                0x0000008f       0x39 Core\Src\stm32f4xx_hal_msp.o
 .ARM.attributes
                0x000000c8       0x39 Core\Src\stm32f4xx_it.o
 .ARM.attributes
                0x00000101       0x39 Core\Src\syscalls.o
 .ARM.attributes
                0x0000013a       0x39 Core\Src\system_stm32f4xx.o
 .ARM.attributes
                0x00000173       0x39 Drivers\STM32F4xx_HAL_Driver\Src\stm32f4xx_hal.o
 .ARM.attributes
                0x000001ac       0x39 Drivers\STM32F4xx_HAL_Driver\Src\stm32f4xx_hal_cortex.o
 .ARM.attributes
                0x000001e5       0x39 Drivers\STM32F4xx_HAL_Driver\Src\stm32f4xx_hal_gpio.o
 .ARM.attributes
                0x0000021e       0x39 Drivers\STM32F4xx_HAL_Driver\Src\stm32f4xx_hal_pwr_ex.o
 .ARM.attributes
                0x00000257       0x39 Drivers\STM32F4xx_HAL_Driver\Src\stm32f4xx_hal_rcc.o
 .ARM.attributes
                0x00000290       0x39 Drivers\STM32F4xx_HAL_Driver\Src\stm32f4xx_hal_uart.o
 .ARM.attributes
                0x000002c9       0x21 startup\startup_stm32f429xx.o
 .ARM.attributes
                0x000002ea       0x34 d:/truestudio for stm32 9.3.0/armtools/bin/../lib/gcc/arm-atollic-eabi/6.3.1/../../../../arm-atollic-eabi/lib/armv7e-m/fpu\libc_nano.a(lib_a-errno.o)
 .ARM.attributes
                0x0000031e       0x34 d:/truestudio for stm32 9.3.0/armtools/bin/../lib/gcc/arm-atollic-eabi/6.3.1/../../../../arm-atollic-eabi/lib/armv7e-m/fpu\libc_nano.a(lib_a-impure.o)
 .ARM.attributes
                0x00000352       0x34 d:/truestudio for stm32 9.3.0/armtools/bin/../lib/gcc/arm-atollic-eabi/6.3.1/../../../../arm-atollic-eabi/lib/armv7e-m/fpu\libc_nano.a(lib_a-init.o)
 .ARM.attributes
                0x00000386       0x34 d:/truestudio for stm32 9.3.0/armtools/bin/../lib/gcc/arm-atollic-eabi/6.3.1/../../../../arm-atollic-eabi/lib/armv7e-m/fpu\libc_nano.a(lib_a-memset.o)
 .ARM.attributes
                0x000003ba       0x1b d:/truestudio for stm32 9.3.0/armtools/bin/../lib/gcc/arm-atollic-eabi/6.3.1/../../../../arm-atollic-eabi/lib/armv7e-m/fpu\libc_nano.a(lib_a-strlen.o)
 .ARM.attributes
                0x000003d5       0x34 d:/truestudio for stm32 9.3.0/armtools/bin/../lib/gcc/arm-atollic-eabi/6.3.1/../../../../arm-atollic-eabi/lib/armv7e-m/fpu\libc_nano.a(lib_a-vsprintf.o)
 .ARM.attributes
                0x00000409       0x34 d:/truestudio for stm32 9.3.0/armtools/bin/../lib/gcc/arm-atollic-eabi/6.3.1/../../../../arm-atollic-eabi/lib/armv7e-m/fpu\libc_nano.a(lib_a-nano-svfprintf.o)
 .ARM.attributes
                0x0000043d       0x34 d:/truestudio for stm32 9.3.0/armtools/bin/../lib/gcc/arm-atollic-eabi/6.3.1/../../../../arm-atollic-eabi/lib/armv7e-m/fpu\libc_nano.a(lib_a-nano-vfprintf_i.o)
 .ARM.attributes
                0x00000471       0x20 d:/truestudio for stm32 9.3.0/armtools/bin/../lib/gcc/arm-atollic-eabi/6.3.1/../../../../arm-atollic-eabi/lib/armv7e-m/fpu\libc_nano.a(lib_a-memchr.o)
 .ARM.attributes
                0x00000491       0x34 d:/truestudio for stm32 9.3.0/armtools/bin/../lib/gcc/arm-atollic-eabi/6.3.1/../../../../arm-atollic-eabi/lib/armv7e-m/fpu\libc_nano.a(lib_a-memcpy-stub.o)
 .ARM.attributes
                0x000004c5       0x34 d:/truestudio for stm32 9.3.0/armtools/bin/../lib/gcc/arm-atollic-eabi/6.3.1/../../../../arm-atollic-eabi/lib/armv7e-m/fpu\libc_nano.a(lib_a-memmove.o)
 .ARM.attributes
                0x000004f9       0x34 d:/truestudio for stm32 9.3.0/armtools/bin/../lib/gcc/arm-atollic-eabi/6.3.1/../../../../arm-atollic-eabi/lib/armv7e-m/fpu\libc_nano.a(lib_a-nano-freer.o)
 .ARM.attributes
                0x0000052d       0x34 d:/truestudio for stm32 9.3.0/armtools/bin/../lib/gcc/arm-atollic-eabi/6.3.1/../../../../arm-atollic-eabi/lib/armv7e-m/fpu\libc_nano.a(lib_a-nano-mallocr.o)
 .ARM.attributes
                0x00000561       0x34 d:/truestudio for stm32 9.3.0/armtools/bin/../lib/gcc/arm-atollic-eabi/6.3.1/../../../../arm-atollic-eabi/lib/armv7e-m/fpu\libc_nano.a(lib_a-nano-reallocr.o)
 .ARM.attributes
                0x00000595       0x34 d:/truestudio for stm32 9.3.0/armtools/bin/../lib/gcc/arm-atollic-eabi/6.3.1/../../../../arm-atollic-eabi/lib/armv7e-m/fpu\libc_nano.a(lib_a-sbrkr.o)
 .ARM.attributes
                0x000005c9       0x34 d:/truestudio for stm32 9.3.0/armtools/bin/../lib/gcc/arm-atollic-eabi/6.3.1/../../../../arm-atollic-eabi/lib/armv7e-m/fpu\libc_nano.a(lib_a-mlock.o)
 .ARM.attributes
                0x000005fd       0x34 d:/truestudio for stm32 9.3.0/armtools/bin/../lib/gcc/arm-atollic-eabi/6.3.1/../../../../arm-atollic-eabi/lib/armv7e-m/fpu\libc_nano.a(lib_a-nano-msizer.o)
 .ARM.attributes
                0x00000631       0x34 d:/truestudio for stm32 9.3.0/armtools/bin/../lib/gcc/arm-atollic-eabi/6.3.1/../../../../arm-atollic-eabi/lib/armv7e-m/fpu\libc_nano.a(lib_a-reent.o)
 .ARM.attributes
                0x00000665       0x22 d:/truestudio for stm32 9.3.0/armtools/bin/../lib/gcc/arm-atollic-eabi/6.3.1/armv7e-m/fpu\libgcc.a(_aeabi_uldivmod.o)
 .ARM.attributes
                0x00000687       0x34 d:/truestudio for stm32 9.3.0/armtools/bin/../lib/gcc/arm-atollic-eabi/6.3.1/armv7e-m/fpu\libgcc.a(_udivmoddi4.o)
 .ARM.attributes
                0x000006bb       0x22 d:/truestudio for stm32 9.3.0/armtools/bin/../lib/gcc/arm-atollic-eabi/6.3.1/armv7e-m/fpu\libgcc.a(_dvmd_tls.o)
 .ARM.attributes
                0x000006dd       0x22 d:/truestudio for stm32 9.3.0/armtools/bin/../lib/gcc/arm-atollic-eabi/6.3.1/armv7e-m/fpu/crtn.o
OUTPUT(002_Bootloader_USER_Application.elf elf32-littlearm)

.debug_info     0x00000000     0x9d7b
 .debug_info    0x00000000     0x1679 Core\Src\main.o
 .debug_info    0x00001679      0x9b4 Core\Src\stm32f4xx_hal_msp.o
 .debug_info    0x0000202d      0x2ec Core\Src\stm32f4xx_it.o
 .debug_info    0x00002319      0xf16 Core\Src\syscalls.o
 .debug_info    0x0000322f      0x570 Core\Src\system_stm32f4xx.o
 .debug_info    0x0000379f      0x9b8 Drivers\STM32F4xx_HAL_Driver\Src\stm32f4xx_hal.o
 .debug_info    0x00004157      0xe5e Drivers\STM32F4xx_HAL_Driver\Src\stm32f4xx_hal_cortex.o
 .debug_info    0x00004fb5      0x7dd Drivers\STM32F4xx_HAL_Driver\Src\stm32f4xx_hal_gpio.o
 .debug_info    0x00005792      0x746 Drivers\STM32F4xx_HAL_Driver\Src\stm32f4xx_hal_pwr_ex.o
 .debug_info    0x00005ed8      0x91d Drivers\STM32F4xx_HAL_Driver\Src\stm32f4xx_hal_rcc.o
 .debug_info    0x000067f5     0x34d9 Drivers\STM32F4xx_HAL_Driver\Src\stm32f4xx_hal_uart.o
 .debug_info    0x00009cce       0xad startup\startup_stm32f429xx.o

.debug_abbrev   0x00000000     0x15eb
 .debug_abbrev  0x00000000      0x2a6 Core\Src\main.o
 .debug_abbrev  0x000002a6      0x187 Core\Src\stm32f4xx_hal_msp.o
 .debug_abbrev  0x0000042d       0xf9 Core\Src\stm32f4xx_it.o
 .debug_abbrev  0x00000526      0x271 Core\Src\syscalls.o
 .debug_abbrev  0x00000797      0x126 Core\Src\system_stm32f4xx.o
 .debug_abbrev  0x000008bd      0x1c2 Drivers\STM32F4xx_HAL_Driver\Src\stm32f4xx_hal.o
 .debug_abbrev  0x00000a7f      0x2f5 Drivers\STM32F4xx_HAL_Driver\Src\stm32f4xx_hal_cortex.o
 .debug_abbrev  0x00000d74      0x1c4 Drivers\STM32F4xx_HAL_Driver\Src\stm32f4xx_hal_gpio.o
 .debug_abbrev  0x00000f38      0x1b3 Drivers\STM32F4xx_HAL_Driver\Src\stm32f4xx_hal_pwr_ex.o
 .debug_abbrev  0x000010eb      0x240 Drivers\STM32F4xx_HAL_Driver\Src\stm32f4xx_hal_rcc.o
 .debug_abbrev  0x0000132b      0x2ae Drivers\STM32F4xx_HAL_Driver\Src\stm32f4xx_hal_uart.o
 .debug_abbrev  0x000015d9       0x12 startup\startup_stm32f429xx.o

.debug_aranges  0x00000000      0x740
 .debug_aranges
                0x00000000       0x50 Core\Src\main.o
 .debug_aranges
                0x00000050       0x30 Core\Src\stm32f4xx_hal_msp.o
 .debug_aranges
                0x00000080       0x68 Core\Src\stm32f4xx_it.o
 .debug_aranges
                0x000000e8       0xb0 Core\Src\syscalls.o
 .debug_aranges
                0x00000198       0x28 Core\Src\system_stm32f4xx.o
 .debug_aranges
                0x000001c0      0x100 Drivers\STM32F4xx_HAL_Driver\Src\stm32f4xx_hal.o
 .debug_aranges
                0x000002c0      0x118 Drivers\STM32F4xx_HAL_Driver\Src\stm32f4xx_hal_cortex.o
 .debug_aranges
                0x000003d8       0x58 Drivers\STM32F4xx_HAL_Driver\Src\stm32f4xx_hal_gpio.o
 .debug_aranges
                0x00000430       0x60 Drivers\STM32F4xx_HAL_Driver\Src\stm32f4xx_hal_pwr_ex.o
 .debug_aranges
                0x00000490       0x88 Drivers\STM32F4xx_HAL_Driver\Src\stm32f4xx_hal_rcc.o
 .debug_aranges
                0x00000518      0x200 Drivers\STM32F4xx_HAL_Driver\Src\stm32f4xx_hal_uart.o
 .debug_aranges
                0x00000718       0x28 startup\startup_stm32f429xx.o

.debug_ranges   0x00000000      0x6b8
 .debug_ranges  0x00000000       0x40 Core\Src\main.o
 .debug_ranges  0x00000040       0x20 Core\Src\stm32f4xx_hal_msp.o
 .debug_ranges  0x00000060       0x58 Core\Src\stm32f4xx_it.o
 .debug_ranges  0x000000b8       0xa0 Core\Src\syscalls.o
 .debug_ranges  0x00000158       0x18 Core\Src\system_stm32f4xx.o
 .debug_ranges  0x00000170       0xf0 Drivers\STM32F4xx_HAL_Driver\Src\stm32f4xx_hal.o
 .debug_ranges  0x00000260      0x108 Drivers\STM32F4xx_HAL_Driver\Src\stm32f4xx_hal_cortex.o
 .debug_ranges  0x00000368       0x48 Drivers\STM32F4xx_HAL_Driver\Src\stm32f4xx_hal_gpio.o
 .debug_ranges  0x000003b0       0x50 Drivers\STM32F4xx_HAL_Driver\Src\stm32f4xx_hal_pwr_ex.o
 .debug_ranges  0x00000400       0x78 Drivers\STM32F4xx_HAL_Driver\Src\stm32f4xx_hal_rcc.o
 .debug_ranges  0x00000478      0x220 Drivers\STM32F4xx_HAL_Driver\Src\stm32f4xx_hal_uart.o
 .debug_ranges  0x00000698       0x20 startup\startup_stm32f429xx.o

.debug_line     0x00000000     0x3c49
 .debug_line    0x00000000      0x3ee Core\Src\main.o
 .debug_line    0x000003ee      0x255 Core\Src\stm32f4xx_hal_msp.o
 .debug_line    0x00000643      0x274 Core\Src\stm32f4xx_it.o
 .debug_line    0x000008b7      0x36d Core\Src\syscalls.o
 .debug_line    0x00000c24      0x1d5 Core\Src\system_stm32f4xx.o
 .debug_line    0x00000df9      0x40b Drivers\STM32F4xx_HAL_Driver\Src\stm32f4xx_hal.o
 .debug_line    0x00001204      0x51b Drivers\STM32F4xx_HAL_Driver\Src\stm32f4xx_hal_cortex.o
 .debug_line    0x0000171f      0x3f4 Drivers\STM32F4xx_HAL_Driver\Src\stm32f4xx_hal_gpio.o
 .debug_line    0x00001b13      0x2d9 Drivers\STM32F4xx_HAL_Driver\Src\stm32f4xx_hal_pwr_ex.o
 .debug_line    0x00001dec      0x48c Drivers\STM32F4xx_HAL_Driver\Src\stm32f4xx_hal_rcc.o
 .debug_line    0x00002278     0x1950 Drivers\STM32F4xx_HAL_Driver\Src\stm32f4xx_hal_uart.o
 .debug_line    0x00003bc8       0x81 startup\startup_stm32f429xx.o

.debug_str      0x00000000     0x2914
 .debug_str     0x00000000     0x1308 Core\Src\main.o
                               0x1402 (size before relaxing)
 .debug_str     0x00001308       0x56 Core\Src\stm32f4xx_hal_msp.o
                                0x8bf (size before relaxing)
 .debug_str     0x0000135e       0xbc Core\Src\stm32f4xx_it.o
                                0x3d4 (size before relaxing)
 .debug_str     0x0000141a      0x239 Core\Src\syscalls.o
                                0x88e (size before relaxing)
 .debug_str     0x00001653       0xaf Core\Src\system_stm32f4xx.o
                                0x474 (size before relaxing)
 .debug_str     0x00001702      0x2fb Drivers\STM32F4xx_HAL_Driver\Src\stm32f4xx_hal.o
                                0xc60 (size before relaxing)
 .debug_str     0x000019fd      0x499 Drivers\STM32F4xx_HAL_Driver\Src\stm32f4xx_hal_cortex.o
                                0xd96 (size before relaxing)
 .debug_str     0x00001e96      0x158 Drivers\STM32F4xx_HAL_Driver\Src\stm32f4xx_hal_gpio.o
                                0x60b (size before relaxing)
 .debug_str     0x00001fee      0x158 Drivers\STM32F4xx_HAL_Driver\Src\stm32f4xx_hal_pwr_ex.o
                                0x5ea (size before relaxing)
 .debug_str     0x00002146      0x1b9 Drivers\STM32F4xx_HAL_Driver\Src\stm32f4xx_hal_rcc.o
                                0x7c2 (size before relaxing)
 .debug_str     0x000022ff      0x615 Drivers\STM32F4xx_HAL_Driver\Src\stm32f4xx_hal_uart.o
                                0xde9 (size before relaxing)

.comment        0x00000000       0x7c
 .comment       0x00000000       0x7c Core\Src\main.o
                                 0x7d (size before relaxing)
 .comment       0x0000007c       0x7d Core\Src\stm32f4xx_hal_msp.o
 .comment       0x0000007c       0x7d Core\Src\stm32f4xx_it.o
 .comment       0x0000007c       0x7d Core\Src\syscalls.o
 .comment       0x0000007c       0x7d Core\Src\system_stm32f4xx.o
 .comment       0x0000007c       0x7d Drivers\STM32F4xx_HAL_Driver\Src\stm32f4xx_hal.o
 .comment       0x0000007c       0x7d Drivers\STM32F4xx_HAL_Driver\Src\stm32f4xx_hal_cortex.o
 .comment       0x0000007c       0x7d Drivers\STM32F4xx_HAL_Driver\Src\stm32f4xx_hal_gpio.o
 .comment       0x0000007c       0x7d Drivers\STM32F4xx_HAL_Driver\Src\stm32f4xx_hal_pwr_ex.o
 .comment       0x0000007c       0x7d Drivers\STM32F4xx_HAL_Driver\Src\stm32f4xx_hal_rcc.o
 .comment       0x0000007c       0x7d Drivers\STM32F4xx_HAL_Driver\Src\stm32f4xx_hal_uart.o

.debug_frame    0x00000000     0x1f94
 .debug_frame   0x00000000      0x100 Core\Src\main.o
 .debug_frame   0x00000100       0x7c Core\Src\stm32f4xx_hal_msp.o
 .debug_frame   0x0000017c      0x120 Core\Src\stm32f4xx_it.o
 .debug_frame   0x0000029c      0x2d4 Core\Src\syscalls.o
 .debug_frame   0x00000570       0x58 Core\Src\system_stm32f4xx.o
 .debug_frame   0x000005c8      0x3b4 Drivers\STM32F4xx_HAL_Driver\Src\stm32f4xx_hal.o
 .debug_frame   0x0000097c      0x498 Drivers\STM32F4xx_HAL_Driver\Src\stm32f4xx_hal_cortex.o
 .debug_frame   0x00000e14      0x14c Drivers\STM32F4xx_HAL_Driver\Src\stm32f4xx_hal_gpio.o
 .debug_frame   0x00000f60      0x14c Drivers\STM32F4xx_HAL_Driver\Src\stm32f4xx_hal_pwr_ex.o
 .debug_frame   0x000010ac      0x1f8 Drivers\STM32F4xx_HAL_Driver\Src\stm32f4xx_hal_rcc.o
 .debug_frame   0x000012a4      0x92c Drivers\STM32F4xx_HAL_Driver\Src\stm32f4xx_hal_uart.o
 .debug_frame   0x00001bd0       0x20 d:/truestudio for stm32 9.3.0/armtools/bin/../lib/gcc/arm-atollic-eabi/6.3.1/../../../../arm-atollic-eabi/lib/armv7e-m/fpu\libc_nano.a(lib_a-errno.o)
 .debug_frame   0x00001bf0       0x2c d:/truestudio for stm32 9.3.0/armtools/bin/../lib/gcc/arm-atollic-eabi/6.3.1/../../../../arm-atollic-eabi/lib/armv7e-m/fpu\libc_nano.a(lib_a-init.o)
 .debug_frame   0x00001c1c       0x20 d:/truestudio for stm32 9.3.0/armtools/bin/../lib/gcc/arm-atollic-eabi/6.3.1/../../../../arm-atollic-eabi/lib/armv7e-m/fpu\libc_nano.a(lib_a-memset.o)
 .debug_frame   0x00001c3c       0x40 d:/truestudio for stm32 9.3.0/armtools/bin/../lib/gcc/arm-atollic-eabi/6.3.1/../../../../arm-atollic-eabi/lib/armv7e-m/fpu\libc_nano.a(lib_a-vsprintf.o)
 .debug_frame   0x00001c7c       0x90 d:/truestudio for stm32 9.3.0/armtools/bin/../lib/gcc/arm-atollic-eabi/6.3.1/../../../../arm-atollic-eabi/lib/armv7e-m/fpu\libc_nano.a(lib_a-nano-svfprintf.o)
 .debug_frame   0x00001d0c       0x60 d:/truestudio for stm32 9.3.0/armtools/bin/../lib/gcc/arm-atollic-eabi/6.3.1/../../../../arm-atollic-eabi/lib/armv7e-m/fpu\libc_nano.a(lib_a-nano-vfprintf_i.o)
 .debug_frame   0x00001d6c       0x28 d:/truestudio for stm32 9.3.0/armtools/bin/../lib/gcc/arm-atollic-eabi/6.3.1/../../../../arm-atollic-eabi/lib/armv7e-m/fpu\libc_nano.a(lib_a-memcpy-stub.o)
 .debug_frame   0x00001d94       0x28 d:/truestudio for stm32 9.3.0/armtools/bin/../lib/gcc/arm-atollic-eabi/6.3.1/../../../../arm-atollic-eabi/lib/armv7e-m/fpu\libc_nano.a(lib_a-memmove.o)
 .debug_frame   0x00001dbc       0x38 d:/truestudio for stm32 9.3.0/armtools/bin/../lib/gcc/arm-atollic-eabi/6.3.1/../../../../arm-atollic-eabi/lib/armv7e-m/fpu\libc_nano.a(lib_a-nano-freer.o)
 .debug_frame   0x00001df4       0x2c d:/truestudio for stm32 9.3.0/armtools/bin/../lib/gcc/arm-atollic-eabi/6.3.1/../../../../arm-atollic-eabi/lib/armv7e-m/fpu\libc_nano.a(lib_a-nano-mallocr.o)
 .debug_frame   0x00001e20       0x3c d:/truestudio for stm32 9.3.0/armtools/bin/../lib/gcc/arm-atollic-eabi/6.3.1/../../../../arm-atollic-eabi/lib/armv7e-m/fpu\libc_nano.a(lib_a-nano-reallocr.o)
 .debug_frame   0x00001e5c       0x2c d:/truestudio for stm32 9.3.0/armtools/bin/../lib/gcc/arm-atollic-eabi/6.3.1/../../../../arm-atollic-eabi/lib/armv7e-m/fpu\libc_nano.a(lib_a-sbrkr.o)
 .debug_frame   0x00001e88       0x30 d:/truestudio for stm32 9.3.0/armtools/bin/../lib/gcc/arm-atollic-eabi/6.3.1/../../../../arm-atollic-eabi/lib/armv7e-m/fpu\libc_nano.a(lib_a-mlock.o)
 .debug_frame   0x00001eb8       0x20 d:/truestudio for stm32 9.3.0/armtools/bin/../lib/gcc/arm-atollic-eabi/6.3.1/../../../../arm-atollic-eabi/lib/armv7e-m/fpu\libc_nano.a(lib_a-nano-msizer.o)
 .debug_frame   0x00001ed8       0x5c d:/truestudio for stm32 9.3.0/armtools/bin/../lib/gcc/arm-atollic-eabi/6.3.1/../../../../arm-atollic-eabi/lib/armv7e-m/fpu\libc_nano.a(lib_a-reent.o)
 .debug_frame   0x00001f34       0x2c d:/truestudio for stm32 9.3.0/armtools/bin/../lib/gcc/arm-atollic-eabi/6.3.1/armv7e-m/fpu\libgcc.a(_aeabi_uldivmod.o)
 .debug_frame   0x00001f60       0x34 d:/truestudio for stm32 9.3.0/armtools/bin/../lib/gcc/arm-atollic-eabi/6.3.1/armv7e-m/fpu\libgcc.a(_udivmoddi4.o)
